06-19 11:02:30.250 D/WindowManager( 3284): NFW_findFocusedWindowIfNeeded:null mCurrentFocus:null
06-19 11:02:30.251 I/WindowManager( 3284): finishDrawing of orientation change: Window{a46817f u0 ScreenDecorOverlay} 129ms
06-19 11:02:30.251 D/WindowManager( 3284): asyncRotationController handleFinishDrawing
06-19 11:02:30.251 I/WindowManager( 3284): Window{a46817f u0 ScreenDecorOverlay} state from DRAW_PENDING to COMMIT_DRAW_PENDING; reason: finishDrawingLocked
06-19 11:02:30.255 D/CommonApp-119-10030( 4949): scene=COMMON pn=com.cgangel.screen_translate
06-19 11:02:30.255 I/WindowManager( 3284): Window{a46817f u0 ScreenDecorOverlay} state from COMMIT_DRAW_PENDING to READY_TO_SHOW; reason: commitFinishDrawingLocked
06-19 11:02:30.255 I/WindowManager( 3284): Window{a46817f u0 ScreenDecorOverlay} state from READY_TO_SHOW to HAS_DRAWN; reason: performShowLocked
06-19 11:02:30.256 D/CommonApp-126-10030( 4949): scene=COMMON pn=com.cgangel.screen_translate
06-19 11:02:30.275 I/WindowManager( 3284): finishDrawing of orientation change: Window{fabc1d0 u0 ScreenDecorOverlayBottom} 152ms
06-19 11:02:30.275 D/WindowManager( 3284): asyncRotationController handleFinishDrawing
06-19 11:02:30.275 I/WindowManager( 3284): Window{fabc1d0 u0 ScreenDecorOverlayBottom} state from DRAW_PENDING to COMMIT_DRAW_PENDING; reason: finishDrawingLocked
06-19 11:02:30.277 V/WindowManager( 3284): Relayout Window{a46817f u0 ScreenDecorOverlay}: viewVisibility=0, oldvis=0, req=320x1264, vsysui=LAYOUT_STABLE
06-19 11:02:30.277 I/WindowManager( 3284): Window{fabc1d0 u0 ScreenDecorOverlayBottom} state from COMMIT_DRAW_PENDING to READY_TO_SHOW; reason: commitFinishDrawingLocked
06-19 11:02:30.277 I/WindowManager( 3284): Window{fabc1d0 u0 ScreenDecorOverlayBottom} state from READY_TO_SHOW to HAS_DRAWN; reason: performShowLocked
06-19 11:02:30.297 V/WindowManager( 3284): Relayout Window{fabc1d0 u0 ScreenDecorOverlayBottom}: viewVisibility=0, oldvis=0, req=320x1264, vsysui=LAYOUT_STABLE
06-19 11:02:30.306 I/Quality ( 3284): MonitorInfo:system_server,getDisplayInfoInternal,DisplayManagerService.java_1439,189
06-19 11:02:30.308 V/WindowManager( 3284): Relayout Window{9c4e5ce u0 Toast}: viewVisibility=0, oldvis=0, req=1264x336, vsysui=
06-19 11:02:30.312 D/WindowManager( 3284): setFrameRateStart invalid typeId return!
06-19 11:02:30.315 D/WindowManager( 3284): NFW_findFocusedWindowIfNeeded:Window{547c62d u0 jp.co.fanzagames.lilyange/com.unity3d.player.UnityPlayerActivity} mCurrentFocus:Window{547c62d u0 jp.co.fanzagames.lilyange/com.unity3d.player.UnityPlayerActivity}
06-19 11:02:30.315 D/WindowManager( 3284): NFW_findFocusedWindowIfNeeded:null mCurrentFocus:null
06-19 11:02:30.316 D/SurfaceAnimationRunner( 3284): onAnimationStart:Surface(name=Surface(name=9c4e5ce Toast)/@0xa3fdbcf - animation-leash of window_animation)/@0x343d95c
06-19 11:02:30.317 D/BufferQueueProducer( 4707): [VRI[Toast]#1646(BLAST Consumer)1646](id:126300000673,api:1,p:4707,c:4707) disconnect: api 1
06-19 11:02:30.317 D/HWUI    ( 4707): createSurface new attribs array
06-19 11:02:30.317 D/BufferQueueProducer( 4707): [VRI[Toast]#1646(BLAST Consumer)1646](id:126300000673,api:1,p:4707,c:4707) connect: api=1 producerControlledByApp=true
06-19 11:02:30.318 I/SurfaceControl( 4707):  setExtendedRangeBrightness sc=Surface(name=Toast)/@0xac0bea8,currentBufferRatio=1.0,desiredRatio=1.0
06-19 11:02:30.320 D/BLASTBufferQueue( 4707): [VRI[Toast]#1646](f:0,a:3) producer disconnected before acquireNextBufferLocked
06-19 11:02:30.322 I/WindowManager( 3284): finishDrawing of orientation change: Window{9c4e5ce u0 Toast} 201ms
06-19 11:02:30.324 I/WindowManager( 3284): Window{9c4e5ce u0 Toast} state from DRAW_PENDING to COMMIT_DRAW_PENDING; reason: finishDrawingLocked
06-19 11:02:30.324 D/SurfaceAnimationRunner( 3284): onAnimationStart:Surface(name=Surface(name=WindowToken{2e042a3 type=2005 android.os.Binder@de891d2})/@0xfdbb938 - animation-leash of token_transform)/@0x28575c7
06-19 11:02:30.326 I/WindowManager( 3284): Window{9c4e5ce u0 Toast} state from COMMIT_DRAW_PENDING to READY_TO_SHOW; reason: commitFinishDrawingLocked
06-19 11:02:30.326 I/WindowManager( 3284): Window{9c4e5ce u0 Toast} state from READY_TO_SHOW to HAS_DRAWN; reason: performShowLocked
06-19 11:02:30.326 D/OplusAONSmartDim( 3284): onWakeLockAcquireLocked: lock=231057258, flags=0x2000000a, packageName=android, tag="WindowManager/displayId:0", ws=WorkSource{10209 com.android.systemui}, uid=1000, pid=3284
06-19 11:02:30.328 V/WindowManager( 3284): Relayout Window{9fb1a53 u0 StatusBar}: viewVisibility=0, oldvis=0, req=2780x140, vsysui=
06-19 11:02:30.328 D/BufferQueueProducer( 4707): [VRI[StatusBar]#5(BLAST Consumer)5](id:126300000005,api:1,p:4707,c:4707) disconnect: api 1
06-19 11:02:30.329 D/HWUI    ( 4707): createSurface new attribs array
06-19 11:02:30.329 D/BufferQueueProducer( 4707): [VRI[StatusBar]#5(BLAST Consumer)5](id:126300000005,api:1,p:4707,c:4707) connect: api=1 producerControlledByApp=true
06-19 11:02:30.329 D/WindowManager( 3284): NFW_findFocusedWindowIfNeeded:Window{547c62d u0 jp.co.fanzagames.lilyange/com.unity3d.player.UnityPlayerActivity} mCurrentFocus:Window{547c62d u0 jp.co.fanzagames.lilyange/com.unity3d.player.UnityPlayerActivity}
06-19 11:02:30.329 D/WindowManager( 3284): NFW_findFocusedWindowIfNeeded:null mCurrentFocus:null
06-19 11:02:30.331 I/SurfaceControl( 4707):  setExtendedRangeBrightness sc=Surface(name=StatusBar)/@0xd36fbf1,currentBufferRatio=1.0,desiredRatio=1.0
06-19 11:02:30.336 D/BLASTBufferQueue( 4707): [VRI[StatusBar]#5](f:0,a:2) producer disconnected before acquireNextBufferLocked
06-19 11:02:30.354 D/RowAnimatorExtImpl( 4707): init:2131364885,0|com.cgangel.screen_translate|24|null|10030,:  0.43186575  0.0  
06-19 11:02:30.661 D/RowAnimatorExtImpl( 4707): end:0|com.cgangel.screen_translate|24|null|10030,2131364885
06-19 11:02:30.698 W/system_server( 3284): ApkAssets: Deleting an ApkAssets object '<empty> and /data/app/~~0WL3IIr1t1kMomjv1sgi7Q==/com.cgangel.screen_translate-3bqWpapzlCh4VO46sivBmw==/base.apk' with 1 weak references
06-19 11:02:30.723 D/SurfaceAnimationRunner( 3284): onAnimationEnd:Surface(name=Surface(name=9c4e5ce Toast)/@0xa3fdbcf - animation-leash of window_animation)/@0x343d95c
06-19 11:02:30.739 D/SurfaceAnimationRunner( 3284): onAnimationEnd:Surface(name=Surface(name=WindowToken{19115f7 type=2038 android.os.BinderProxy@b5e0df6})/@0xc2f30e4 - animation-leash of token_transform)/@0xf7df7e7
06-19 11:02:30.739 D/SurfaceAnimationRunner( 3284): onAnimationEnd:Surface(name=Surface(name=WindowToken{709b9d2 type=2019 android.os.BinderProxy@92f5634})/@0xcbbbe3c - animation-leash of token_transform)/@0x8b62f01
06-19 11:02:30.739 D/SurfaceAnimationRunner( 3284): onAnimationEnd:Surface(name=Surface(name=WindowToken{b137959 type=2038 android.os.BinderProxy@adc39a0})/@0x1f199e - animation-leash of token_transform)/@0x867060b
06-19 11:02:30.739 D/SurfaceAnimationRunner( 3284): onAnimationEnd:Surface(name=Surface(name=WindowToken{dae3a42 type=2000 android.os.BinderProxy@8a16524})/@0xbc8a409 - animation-leash of token_transform)/@0x2ae1f85
06-19 11:02:30.739 D/SurfaceAnimationRunner( 3284): onAnimationEnd:Surface(name=Surface(name=WindowToken{f68892a type=2038 android.os.BinderProxy@1f95215})/@0xdfb2b4 - animation-leash of token_transform)/@0x23eb9ef
06-19 11:02:30.787 D/HWUI    ( 4707): SkiaOpenGLPipeline::setSurface: this=0xb4000075ed6da9c0, surface=NULL
06-19 11:02:30.792 D/BufferQueueProducer( 4707): [VRI[Toast]#1646(BLAST Consumer)1646](id:126300000673,api:1,p:4707,c:4707) disconnect: api 1
06-19 11:02:30.792 I/WindowManager( 3284): Window{9c4e5ce u0 Toast} state from HAS_DRAWN to NO_SURFACE; reason: destroySurface
06-19 11:02:30.795 D/OplusAONSmartDim( 3284): onWakeLockReleaseLocked: lock=231057258, flags=0x2000000a, packageName=android, tag="WindowManager/displayId:0", ws=WorkSource{10209 com.android.systemui}, uid=1000, pid=3284
06-19 11:02:30.797 D/WindowManager( 3284): NFW_findFocusedWindowIfNeeded:Window{547c62d u0 jp.co.fanzagames.lilyange/com.unity3d.player.UnityPlayerActivity} mCurrentFocus:Window{547c62d u0 jp.co.fanzagames.lilyange/com.unity3d.player.UnityPlayerActivity}
06-19 11:02:30.797 D/WindowManager( 3284): NFW_findFocusedWindowIfNeeded:null mCurrentFocus:null
06-19 11:02:30.804 D/BLASTBufferQueue( 4707): [VRI[Toast]#1646](f:0,a:1) destructor()
06-19 11:02:30.804 D/BufferQueueConsumer( 4707): [VRI[Toast]#1646(BLAST Consumer)1646](id:126300000673,api:0,p:-1,c:4707) disconnect
06-19 11:02:30.831 D/SurfaceAnimationRunner( 3284): onAnimationEnd:Surface(name=Surface(name=WindowToken{2e042a3 type=2005 android.os.Binder@de891d2})/@0xfdbb938 - animation-leash of token_transform)/@0x28575c7
06-19 11:02:31.636 I/OplusHansManager ( 3284): uid=10030, pkg=com.cgangel.screen_translate cannot transition from R to M, importance=floatWindow
06-19 11:02:31.716 D/TrimMemoryHandler( 3284): Unable do gfx trim on fg process: ProcessRecord{305e28c 11934:com.cgangel.screen_translate/u0a30}, state=4
06-19 11:02:32.013 V/VirtualDisplayAdapter( 3284): Release VirtualDisplay ScreenTranslate
06-19 11:02:32.014 I/SurfaceFlinger( 2055): destroyVirtualDisplay display id [11529215047063069866]
06-19 11:02:32.014 D/SurfaceFlinger( 2055): destroyVirtualDisplay destroy display token=0xb400006f94c47ea0
06-19 11:02:32.015 D/DisplayManagerService( 3284): Virtual Display: Display Device released
06-19 11:02:32.015 I/DisplayDeviceRepository( 3284): Display device removed: DisplayDeviceInfo{"ScreenTranslate": uniqueId="virtual:com.cgangel.screen_translate,10030,ScreenTranslate,8", 727 x 1600, modeId 12, renderFrameRate 60.0, defaultModeId 12, userPreferredModeId -1, supportedModes [{id=12, width=727, height=1600, fps=60.0, vsync=60.0, synthetic=false, alternativeRefreshRates=[], supportedHdrTypes=[]}], colorMode 0, supportedColorModes [0], hdrCapabilities null, allmSupported false, gameContentTypeSupported false, density 560, 560.0 x 560.0 dpi, appVsyncOff 0, presDeadline 16666666, touch NONE, rotation 0, type VIRTUAL, deviceProductInfo null, state ON, committedState UNKNOWN, owner com.cgangel.screen_translate (uid 10030), frameRateOverride , brightnessMinimum 0.0, brightnessMaximum 0.0, brightnessDefault 0.0, hdrSdrRatio NaN, backlightType 0, FLAG_PRIVATE, FLAG_PRESENTATION, installOrientation 0, displayShape DisplayShape{ spec=-1315428939 displayWidth=727 displayHeight=1600 physicalPixelDisplaySizeRatio=1.0 rotation=0 offsetX=0 offsetY=0 scale=1.0}}
06-19 11:02:32.017 D/SurfaceFlinger( 2055): processDisplayRemoved Removing display id [11529215047063069866] token[0xb400006f94c47ea0]
06-19 11:02:32.019 W/LogicalDisplay( 3284): setPrimaryDisplayDeviceLocked device changed:[id=virtual:com.cgangel.screen_translate,10030,ScreenTranslate,8,stack=11]->null
06-19 11:02:32.021 D/DisplayManagerService( 3284): Delivering display event: displayId=11, event=REMOVED
06-19 11:02:32.023 D/BufferQueueProducer(11934): [ImageReader-727x1600f1m2-11934-0](id:2e9e00000001,api:1,p:2055,c:11934) disconnect: api 1
06-19 11:02:32.023 D/BufferQueueConsumer( 2055): [VDS: ScreenTranslate](id:80700000009,api:1,p:2055,c:2055) disconnect
06-19 11:02:32.023 D/BufferQueueProducer( 2055): [VDS: ScreenTranslate](id:80700000009,api:1,p:2055,c:2055) disconnect: api 1
06-19 11:02:32.026 D/DisplayManagerServiceExtImpl( 3284): scheduleTraversalLocked intraversal=false
06-19 11:02:32.027 D/BufferQueueConsumer(11934): [ImageReader-727x1600f1m2-11934-0](id:2e9e00000001,api:0,p:-1,c:11934) disconnect
06-19 11:02:32.028 D/BufferQueueConsumer(11934): [](id:2e9e00000005,api:0,p:-1,c:11934) connect: controlledByApp=true
06-19 11:02:32.031 V/MediaProjectionManagerService( 3284): Reusing token: Throw exception due to invalid projection.
06-19 11:02:32.031 D/MediaProjectionManagerService( 3284): Content Recording: handling stopping this projection token createTime= 162848427 countStarts= 1
06-19 11:02:32.031 D/MediaProjectionManagerService( 3284): Content Recording: Stopped active MediaProjection and dispatching stop to callbacks
06-19 11:02:32.031 D/MediaProjectionMetricsLogger( 3284): logStopped: wasCaptureInProgress=true
06-19 11:02:32.031 I/MediaProjectionManagerServiceExtImpl( 3284):  MediaProjection ext stop
06-19 11:02:32.032 D/OplusMirageWindowManagerService( 3284): onDisplayRemoved displayId:11 OplusMirageDisplay:null
06-19 11:02:32.033 D/HWUI    (11934): SkiaOpenGLPipeline::setSurface: this=0xb4000075f46b8440, surface=NULL
06-19 11:02:32.033 D/BufferQueueProducer(11934): [VRI[]#3(BLAST Consumer)3](id:2e9e00000004,api:1,p:11934,c:11934) disconnect: api 1
06-19 11:02:32.035 I/SurfaceFlinger( 2055): [SF client] NEW(0xb400006f99cf9ca0) for (11934:com.cgangel.screen_translate)
06-19 11:02:32.035 W/WindowManager( 3284): obj = Display{#11 state=ON size=727x1600 ROTATION_0}, willRemove = true
06-19 11:02:32.035 W/WindowManager( 3284): java.lang.Throwable
06-19 11:02:32.035 W/WindowManager( 3284): 	at com.android.server.wm.WindowList.remove(WindowList.java:51)
06-19 11:02:32.035 W/WindowManager( 3284): 	at com.android.server.wm.WindowContainer.removeChild(WindowContainer.java:936)
06-19 11:02:32.035 W/WindowManager( 3284): 	at com.android.server.wm.RootWindowContainer.removeChild(RootWindowContainer.java:1409)
06-19 11:02:32.035 W/WindowManager( 3284): 	at com.android.server.wm.RootWindowContainer.removeChild(RootWindowContainer.java:213)
06-19 11:02:32.035 W/WindowManager( 3284): 	at com.android.server.wm.WindowContainer.removeImmediately(WindowContainer.java:1009)
06-19 11:02:32.035 W/WindowManager( 3284): 	at com.android.server.wm.DisplayArea.removeImmediately(DisplayArea.java:731)
06-19 11:02:32.035 W/WindowManager( 3284): 	at com.android.server.wm.DisplayContent.removeImmediately(DisplayContent.java:4078)
06-19 11:02:32.035 W/WindowManager( 3284): 	at com.android.server.wm.DisplayContent.removeIfPossible(DisplayContent.java:4061)
06-19 11:02:32.035 W/WindowManager( 3284): 	at com.android.server.wm.DisplayContent.releaseSelfIfNeeded(DisplayContent.java:7751)
06-19 11:02:32.035 W/WindowManager( 3284): 	at com.android.server.wm.DisplayContent.remove(DisplayContent.java:7727)
06-19 11:02:32.035 W/WindowManager( 3284): 	at com.android.server.wm.RootWindowContainer.onDisplayRemoved(RootWindowContainer.java:3229)
06-19 11:02:32.035 W/WindowManager( 3284): 	at android.hardware.display.DisplayManagerGlobal$DisplayListenerDelegate.handleDisplayEventInner(DisplayManagerGlobal.java:1336)
06-19 11:02:32.035 W/WindowManager( 3284): 	at android.hardware.display.DisplayManagerGlobal$DisplayListenerDelegate.lambda$sendDisplayEvent$0(DisplayManagerGlobal.java:1281)
06-19 11:02:32.035 W/WindowManager( 3284): 	at android.hardware.display.DisplayManagerGlobal$DisplayListenerDelegate.$r8$lambda$U7s70EKugVQNzFVIVvJsNmT_WdQ(Unknown Source:0)
06-19 11:02:32.035 W/WindowManager( 3284): 	at android.hardware.display.DisplayManagerGlobal$DisplayListenerDelegate$$ExternalSyntheticLambda0.run(D8$$SyntheticClass:0)
06-19 11:02:32.035 W/WindowManager( 3284): 	at android.os.Handler.handleCallback(Handler.java:995)
06-19 11:02:32.035 W/WindowManager( 3284): 	at android.os.Handler.dispatchMessage(Handler.java:105)
06-19 11:02:32.035 W/WindowManager( 3284): 	at android.os.Looper.loopOnce(Looper.java:288)
06-19 11:02:32.035 W/WindowManager( 3284): 	at android.os.Looper.loop(Looper.java:393)
06-19 11:02:32.035 W/WindowManager( 3284): 	at android.os.HandlerThread.run(HandlerThread.java:85)
06-19 11:02:32.035 W/WindowManager( 3284): 	at com.android.server.ServiceThread.run(ServiceThread.java:46)
06-19 11:02:32.035 W/WindowManager( 3284): 	at com.android.server.UiThread.run(UiThread.java:65)
06-19 11:02:32.036 D/WindowManager( 3284): NFW_findFocusedWindowIfNeeded:Window{547c62d u0 jp.co.fanzagames.lilyange/com.unity3d.player.UnityPlayerActivity} mCurrentFocus:Window{547c62d u0 jp.co.fanzagames.lilyange/com.unity3d.player.UnityPlayerActivity}
06-19 11:02:32.037 D/WindowManager(11934): Add to mViews: android.widget.TextView{590e97a V.ED..... ......ID 0,0-0,0 alpha=1.0 viewInfo = },pkg= null
06-19 11:02:32.038 W/AppOps  ( 3284): Noting op not finished: uid 10030 pkg com.cgangel.screen_translate code 24 startTime of in progress event=1781838149491
06-19 11:02:32.041 W/WindowManager( 3284): App com.cgangel.screen_translate has a system alert window (type = 2038) with FLAG_NOT_TOUCHABLE and LayoutParams.alpha = 1.00 > 0.80, setting alpha to 0.80 to let touches pass through (if this is isn't desirable, remove flag FLAG_NOT_TOUCHABLE).
06-19 11:02:32.043 I/WindowManager( 3284): addWindow: New client android.os.BinderProxy@232c525 : window=Window{b134ab u0 com.cgangel.screen_translate}
06-19 11:02:32.043 D/WindowManager( 3284): NFW_findFocusedWindowIfNeeded:Window{547c62d u0 jp.co.fanzagames.lilyange/com.unity3d.player.UnityPlayerActivity} mCurrentFocus:Window{547c62d u0 jp.co.fanzagames.lilyange/com.unity3d.player.UnityPlayerActivity}
06-19 11:02:32.043 V/MediaProjection(11934): Dispatch stop to 1 callbacks.
06-19 11:02:32.044 D/DisplayManagerService( 3284): performTraversalInternal pendingTraversal
06-19 11:02:32.047 W/WindowManager( 3284): App com.cgangel.screen_translate has a system alert window (type = 2038) with FLAG_NOT_TOUCHABLE and LayoutParams.alpha = 1.00 > 0.80, setting alpha to 0.80 to let touches pass through (if this is isn't desirable, remove flag FLAG_NOT_TOUCHABLE).
06-19 11:02:32.047 V/WindowManager( 3284): Relayout Window{b134ab u0 com.cgangel.screen_translate}: viewVisibility=0, oldvis=0, req=371x98, vsysui=, x=0, y=147
06-19 11:02:32.047 I/WindowManager( 3284): Window{b134ab u0 com.cgangel.screen_translate} state from NO_SURFACE to DRAW_PENDING; reason: resetDrawState
06-19 11:02:32.048 D/OplusLayer( 2055): setProcInfo (40512,#40512,com.cgangel.screen_translate,0x14E311F9)
06-19 11:02:32.049 D/DisplayManagerService( 3284): performTraversalInternal pendingTraversal
06-19 11:02:32.049 D/WindowManager( 3284): NFW_findFocusedWindowIfNeeded:Window{547c62d u0 jp.co.fanzagames.lilyange/com.unity3d.player.UnityPlayerActivity} mCurrentFocus:Window{547c62d u0 jp.co.fanzagames.lilyange/com.unity3d.player.UnityPlayerActivity}
06-19 11:02:32.052 D/BufferQueueConsumer(11934): [](id:2e9e00000006,api:0,p:-1,c:11934) connect: controlledByApp=false
06-19 11:02:32.052 D/CoreBackPreview( 3284): Window{b134ab u0 com.cgangel.screen_translate}: Setting back callback OnBackInvokedCallbackInfo{mCallback=android.window.IOnBackInvokedCallback$Stub$Proxy@73f3bb4, mPriority=0, mIsAnimationCallback=false}
06-19 11:02:32.055 D/HWUI    (11934): createSurface new attribs array
06-19 11:02:32.055 D/BufferQueueProducer(11934): [VRI[]#4(BLAST Consumer)4](id:2e9e00000006,api:1,p:11934,c:11934) connect: api=1 producerControlledByApp=true
06-19 11:02:32.055 D/DisplayManagerService( 3284): Delivering display event: displayId=11, event=EVENT_DISPLAY_DISCONNECTED
06-19 11:02:32.055 I/KeyguardDisplayManager( 4707): onDisplayRemoved displayId: 11
06-19 11:02:32.055 I/KeyguardDisplayManager( 4707): hidePresentation displayId: 11
06-19 11:02:32.056 D/DisplayManagerService( 3284): MSG_REQUEST_TRAVERSAL pendingCompleted=false
06-19 11:02:32.056 I/SurfaceControl(11934):  setExtendedRangeBrightness sc=Surface(name=)/@0xe42aa34,currentBufferRatio=1.0,desiredRatio=1.0
06-19 11:02:32.058 D/BLASTBufferQueue(11934): [VRI[]#4](f:0,a:1) acquireNextBufferLocked size=371x98 mFrameNumber=1 applyTransaction=true mTimestamp=162852399923030(auto) mPendingTransactions.size=0 graphicBufferId=51256139710485 transform=7
06-19 11:02:32.059 D/HWUI    (11934): SkiaOpenGLPipeline::setSurface: this=0xb4000077a371c400, surface=NULL
06-19 11:02:32.061 D/BufferQueueProducer(11934): [VRI[]#4(BLAST Consumer)4](id:2e9e00000006,api:1,p:11934,c:11934) disconnect: api 1
06-19 11:02:32.061 I/WindowManager( 3284): Window{b134ab u0 com.cgangel.screen_translate} state from DRAW_PENDING to COMMIT_DRAW_PENDING; reason: finishDrawingLocked
06-19 11:02:32.062 I/SurfaceFlinger( 2055): [SF client] NEW(0xb400006fb59181c0) for (11934:com.cgangel.screen_translate)
06-19 11:02:32.062 I/WindowManager( 3284): Window{b134ab u0 com.cgangel.screen_translate} state from COMMIT_DRAW_PENDING to READY_TO_SHOW; reason: commitFinishDrawingLocked
06-19 11:02:32.062 I/WindowManager( 3284): Window{b134ab u0 com.cgangel.screen_translate} state from READY_TO_SHOW to HAS_DRAWN; reason: performShowLocked
06-19 11:02:32.064 D/WindowManager(11934): Add to mViews: android.widget.TextView{7a35a0 V.ED..... ......ID 0,0-0,0 alpha=1.0 viewInfo = },pkg= null
06-19 11:02:32.064 W/AppOps  ( 3284): Noting op not finished: uid 10030 pkg com.cgangel.screen_translate code 24 startTime of in progress event=1781838149491
06-19 11:02:32.065 W/WindowManager( 3284): App com.cgangel.screen_translate has a system alert window (type = 2038) with FLAG_NOT_TOUCHABLE and LayoutParams.alpha = 1.00 > 0.80, setting alpha to 0.80 to let touches pass through (if this is isn't desirable, remove flag FLAG_NOT_TOUCHABLE).
06-19 11:02:32.067 I/WindowManager( 3284): addWindow: New client android.os.BinderProxy@8ba70d9 : window=Window{b88e97f u0 com.cgangel.screen_translate}
06-19 11:02:32.068 D/BLASTBufferQueue(11934): [VRI[]#3](f:0,a:1) destructor()
06-19 11:02:32.068 D/BufferQueueConsumer(11934): [VRI[]#3(BLAST Consumer)3](id:2e9e00000004,api:0,p:-1,c:11934) disconnect
06-19 11:02:32.069 D/CoreBackPreview( 3284): Window{381cc64 u0 com.cgangel.screen_translate}: Setting back callback null
06-19 11:02:32.069 I/InputDispatcher( 3284): channel '381cc64 com.cgangel.screen_translate (server)'~ abortBrokenDispatchCycleLocked - notify=false
06-19 11:02:32.069 W/InputManager-JNI( 3284): Input channel object '381cc64 com.cgangel.screen_translate (client)' was disposed without first being removed with the input manager!
06-19 11:02:32.069 I/WindowManager( 3284): Window{381cc64 u0 com.cgangel.screen_translate} state from HAS_DRAWN to NO_SURFACE; reason: destroySurface
06-19 11:02:32.070 D/WindowManager( 3284): NFW_findFocusedWindowIfNeeded:Window{547c62d u0 jp.co.fanzagames.lilyange/com.unity3d.player.UnityPlayerActivity} mCurrentFocus:Window{547c62d u0 jp.co.fanzagames.lilyange/com.unity3d.player.UnityPlayerActivity}
06-19 11:02:32.072 D/BufferQueueProducer(11934): [VRI[]#4(BLAST Consumer)4](id:2e9e00000006,api:2,p:11934,c:11934) connect: api=2 producerControlledByApp=true
06-19 11:02:32.073 D/BLASTBufferQueue(11934): [VRI[]#4](f:0,a:2) producer disconnected before acquireNextBufferLocked
06-19 11:02:32.075 W/WindowManager( 3284): App com.cgangel.screen_translate has a system alert window (type = 2038) with FLAG_NOT_TOUCHABLE and LayoutParams.alpha = 1.00 > 0.80, setting alpha to 0.80 to let touches pass through (if this is isn't desirable, remove flag FLAG_NOT_TOUCHABLE).
06-19 11:02:32.076 V/WindowManager( 3284): Relayout Window{b88e97f u0 com.cgangel.screen_translate}: viewVisibility=0, oldvis=0, req=416x98, vsysui=, x=0, y=147
06-19 11:02:32.076 I/WindowManager( 3284): Window{b88e97f u0 com.cgangel.screen_translate} state from NO_SURFACE to DRAW_PENDING; reason: resetDrawState
06-19 11:02:32.076 D/OplusLayer( 2055): setProcInfo (40515,#40515,com.cgangel.screen_translate,0x14E311F9)
06-19 11:02:32.079 D/WindowManager( 3284): NFW_findFocusedWindowIfNeeded:Window{547c62d u0 jp.co.fanzagames.lilyange/com.unity3d.player.UnityPlayerActivity} mCurrentFocus:Window{547c62d u0 jp.co.fanzagames.lilyange/com.unity3d.player.UnityPlayerActivity}
06-19 11:02:32.082 D/CoreBackPreview( 3284): Window{b88e97f u0 com.cgangel.screen_translate}: Setting back callback OnBackInvokedCallbackInfo{mCallback=android.window.IOnBackInvokedCallback$Stub$Proxy@8591f76, mPriority=0, mIsAnimationCallback=false}
06-19 11:02:32.082 D/BufferQueueConsumer(11934): [](id:2e9e00000007,api:0,p:-1,c:11934) connect: controlledByApp=false
06-19 11:02:32.084 D/HWUI    (11934): createSurface new attribs array
06-19 11:02:32.084 D/BufferQueueProducer(11934): [VRI[]#5(BLAST Consumer)5](id:2e9e00000007,api:1,p:11934,c:11934) connect: api=1 producerControlledByApp=true
06-19 11:02:32.085 I/SurfaceControl(11934):  setExtendedRangeBrightness sc=Surface(name=)/@0xf71e9f6,currentBufferRatio=1.0,desiredRatio=1.0
06-19 11:02:32.089 D/BLASTBufferQueue(11934): [VRI[]#5](f:0,a:1) acquireNextBufferLocked size=416x98 mFrameNumber=1 applyTransaction=true mTimestamp=162852430627717(auto) mPendingTransactions.size=0 graphicBufferId=51256139710492 transform=7
06-19 11:02:32.091 D/BufferQueueProducer(11934): [VRI[]#4(BLAST Consumer)4](id:2e9e00000006,api:2,p:11934,c:11934) disconnect: api 2
06-19 11:02:32.091 D/BLASTBufferQueue(11934): [VRI[]#4](f:0,a:1) destructor()
06-19 11:02:32.091 D/BufferQueueConsumer(11934): [VRI[]#4(BLAST Consumer)4](id:2e9e00000006,api:0,p:-1,c:11934) disconnect
06-19 11:02:32.092 I/WindowManager( 3284): Window{b88e97f u0 com.cgangel.screen_translate} state from DRAW_PENDING to COMMIT_DRAW_PENDING; reason: finishDrawingLocked
06-19 11:02:32.093 I/WindowManager( 3284): Window{b88e97f u0 com.cgangel.screen_translate} state from COMMIT_DRAW_PENDING to READY_TO_SHOW; reason: commitFinishDrawingLocked
06-19 11:02:32.093 I/WindowManager( 3284): Window{b88e97f u0 com.cgangel.screen_translate} state from READY_TO_SHOW to HAS_DRAWN; reason: performShowLocked
06-19 11:02:32.094 I/InputDispatcher( 3284): channel 'b134ab com.cgangel.screen_translate (server)'~ abortBrokenDispatchCycleLocked - notify=false
06-19 11:02:32.094 W/InputManager-JNI( 3284): Input channel object 'b134ab com.cgangel.screen_translate (client)' was disposed without first being removed with the input manager!
06-19 11:02:32.094 I/WindowManager( 3284): Window{b134ab u0 com.cgangel.screen_translate} state from HAS_DRAWN to NO_SURFACE; reason: destroySurface
06-19 11:02:32.095 D/WindowManager( 3284): NFW_findFocusedWindowIfNeeded:Window{547c62d u0 jp.co.fanzagames.lilyange/com.unity3d.player.UnityPlayerActivity} mCurrentFocus:Window{547c62d u0 jp.co.fanzagames.lilyange/com.unity3d.player.UnityPlayerActivity}
06-19 11:02:32.096 W/WindowManager( 3284): Failed looking up window session=Session{3d5566f 11934:u0a10030} callers=com.android.server.wm.WindowManagerService.windowForClientLocked:6827 com.android.server.wm.Session.setOnBackInvokedCallbackInfo:1069 android.view.IWindowSession$Stub.onTransact:1208 
06-19 11:02:32.096 I/WindowManager( 3284): setOnBackInvokedCallback(): No window state for package:com.cgangel.screen_translate
06-19 11:02:32.096 D/HWUI    (11934): SkiaOpenGLPipeline::setSurface: this=0xb4000075f46b8080, surface=NULL
06-19 11:02:32.096 D/BufferQueueProducer(11934): [VRI[]#5(BLAST Consumer)5](id:2e9e00000007,api:1,p:11934,c:11934) disconnect: api 1
06-19 11:02:32.098 I/SurfaceFlinger( 2055): [SF client] NEW(0xb400006fb591d2b0) for (11934:com.cgangel.screen_translate)
06-19 11:02:32.100 D/WindowManager(11934): Add to mViews: android.widget.TextView{fd646d0 V.ED..... ......ID 0,0-0,0 alpha=1.0 viewInfo = },pkg= null
06-19 11:02:32.101 W/AppOps  ( 3284): Noting op not finished: uid 10030 pkg com.cgangel.screen_translate code 24 startTime of in progress event=1781838149491
06-19 11:02:32.103 W/WindowManager( 3284): App com.cgangel.screen_translate has a system alert window (type = 2038) with FLAG_NOT_TOUCHABLE and LayoutParams.alpha = 1.00 > 0.80, setting alpha to 0.80 to let touches pass through (if this is isn't desirable, remove flag FLAG_NOT_TOUCHABLE).
06-19 11:02:32.105 I/WindowManager( 3284): addWindow: New client android.os.BinderProxy@6f64613 : window=Window{30c4249 u0 com.cgangel.screen_translate}
06-19 11:02:32.106 W/ForegroundServiceTypeLoggerModule( 3284): FGS stop call for: 10030 has no types!
06-19 11:02:32.107 D/BufferQueueProducer(11934): [VRI[]#5(BLAST Consumer)5](id:2e9e00000007,api:2,p:11934,c:11934) connect: api=2 producerControlledByApp=true
06-19 11:02:32.109 D/BLASTBufferQueue(11934): [VRI[]#5](f:0,a:2) producer disconnected before acquireNextBufferLocked
06-19 11:02:32.110 W/WindowManager( 3284): App com.cgangel.screen_translate has a system alert window (type = 2038) with FLAG_NOT_TOUCHABLE and LayoutParams.alpha = 1.00 > 0.80, setting alpha to 0.80 to let touches pass through (if this is isn't desirable, remove flag FLAG_NOT_TOUCHABLE).
06-19 11:02:32.110 V/WindowManager( 3284): Relayout Window{30c4249 u0 com.cgangel.screen_translate}: viewVisibility=0, oldvis=0, req=371x98, vsysui=, x=0, y=147
06-19 11:02:32.110 I/WindowManager( 3284): Window{30c4249 u0 com.cgangel.screen_translate} state from NO_SURFACE to DRAW_PENDING; reason: resetDrawState
06-19 11:02:32.111 D/OplusLayer( 2055): setProcInfo (40518,#40518,com.cgangel.screen_translate,0x14E311F9)
06-19 11:02:32.112 I/SystemUi--QuickSettings( 4707): OplusFgsManagerController-->onForegroundStateChanged: com.cgangel.screen_translate 0 false 2
06-19 11:02:32.113 D/WindowManager( 3284): NFW_findFocusedWindowIfNeeded:Window{547c62d u0 jp.co.fanzagames.lilyange/com.unity3d.player.UnityPlayerActivity} mCurrentFocus:Window{547c62d u0 jp.co.fanzagames.lilyange/com.unity3d.player.UnityPlayerActivity}
06-19 11:02:32.114 D/BufferQueueConsumer(11934): [](id:2e9e00000008,api:0,p:-1,c:11934) connect: controlledByApp=false
06-19 11:02:32.115 D/HWUI    (11934): createSurface new attribs array
06-19 11:02:32.115 D/BufferQueueProducer(11934): [VRI[]#6(BLAST Consumer)6](id:2e9e00000008,api:1,p:11934,c:11934) connect: api=1 producerControlledByApp=true
06-19 11:02:32.116 I/SurfaceControl(11934):  setExtendedRangeBrightness sc=Surface(name=)/@0x2827601,currentBufferRatio=1.0,desiredRatio=1.0
06-19 11:02:32.118 D/BLASTBufferQueue(11934): [VRI[]#6](f:0,a:1) acquireNextBufferLocked size=371x98 mFrameNumber=1 applyTransaction=true mTimestamp=162852460277301(auto) mPendingTransactions.size=0 graphicBufferId=51256139710497 transform=7
06-19 11:02:32.120 D/BufferQueueProducer(11934): [VRI[]#5(BLAST Consumer)5](id:2e9e00000007,api:2,p:11934,c:11934) disconnect: api 2
06-19 11:02:32.120 I/InputDispatcher( 3284): channel 'b88e97f com.cgangel.screen_translate (server)'~ abortBrokenDispatchCycleLocked - notify=false
06-19 11:02:32.120 W/InputManager-JNI( 3284): Input channel object 'b88e97f com.cgangel.screen_translate (client)' was disposed without first being removed with the input manager!
06-19 11:02:32.121 D/BLASTBufferQueue(11934): [VRI[]#5](f:0,a:1) destructor()
06-19 11:02:32.121 D/BufferQueueConsumer(11934): [VRI[]#5(BLAST Consumer)5](id:2e9e00000007,api:0,p:-1,c:11934) disconnect
06-19 11:02:32.121 I/WindowManager( 3284): Window{b88e97f u0 com.cgangel.screen_translate} state from HAS_DRAWN to NO_SURFACE; reason: destroySurface
06-19 11:02:32.123 D/WindowManager( 3284): NFW_findFocusedWindowIfNeeded:Window{547c62d u0 jp.co.fanzagames.lilyange/com.unity3d.player.UnityPlayerActivity} mCurrentFocus:Window{547c62d u0 jp.co.fanzagames.lilyange/com.unity3d.player.UnityPlayerActivity}
06-19 11:02:32.123 D/BufferQueueConsumer(11934): [ImageReader-1600x727f1m2-11934-1](id:2e9e00000005,api:0,p:-1,c:11934) disconnect
06-19 11:02:32.124 D/MediaProjection(11934): Content Recording: stopping projection
06-19 11:02:32.124 W/MediaProjectionManagerService( 3284): Attempted to stop inactive MediaProjection (uid=10030, pid=11934)
06-19 11:02:32.124 D/HWUI    (11934): SkiaOpenGLPipeline::setSurface: this=0xb4000075f46ba240, surface=NULL
06-19 11:02:32.124 D/BufferQueueProducer(11934): [VRI[]#6(BLAST Consumer)6](id:2e9e00000008,api:1,p:11934,c:11934) disconnect: api 1
06-19 11:02:32.125 D/HWUI    (11934): SkiaOpenGLPipeline::setSurface: this=0xb4000075f46bb640, surface=NULL
06-19 11:02:32.125 D/BufferQueueProducer(11934): [VRI[]#1(BLAST Consumer)1](id:2e9e00000002,api:1,p:11934,c:11934) disconnect: api 1
06-19 11:02:32.125 D/HWUI    (11934): SkiaOpenGLPipeline::setSurface: this=0xb4000075f46b3440, surface=NULL
06-19 11:02:32.125 D/BufferQueueProducer(11934): [VRI[]#2(BLAST Consumer)2](id:2e9e00000003,api:1,p:11934,c:11934) disconnect: api 1
06-19 11:02:32.126 D/BufferQueueProducer(11934): [VRI[]#6(BLAST Consumer)6](id:2e9e00000008,api:2,p:11934,c:11934) connect: api=2 producerControlledByApp=true
06-19 11:02:32.128 D/BLASTBufferQueue(11934): [VRI[]#6](f:0,a:2) producer disconnected before acquireNextBufferLocked
06-19 11:02:32.128 D/BufferQueueProducer(11934): [VRI[]#6(BLAST Consumer)6](id:2e9e00000008,api:2,p:11934,c:11934) disconnect: api 2
06-19 11:02:32.129 I/InputDispatcher( 3284): channel '30c4249 com.cgangel.screen_translate (server)'~ abortBrokenDispatchCycleLocked - notify=false
06-19 11:02:32.129 W/InputManager-JNI( 3284): Input channel object '30c4249 com.cgangel.screen_translate (client)' was disposed without first being removed with the input manager!
06-19 11:02:32.129 I/WindowManager( 3284): Window{30c4249 u0 com.cgangel.screen_translate} state from DRAW_PENDING to NO_SURFACE; reason: destroySurface
06-19 11:02:32.131 D/WindowManager( 3284): NFW_findFocusedWindowIfNeeded:Window{547c62d u0 jp.co.fanzagames.lilyange/com.unity3d.player.UnityPlayerActivity} mCurrentFocus:Window{547c62d u0 jp.co.fanzagames.lilyange/com.unity3d.player.UnityPlayerActivity}
06-19 11:02:32.132 D/BLASTBufferQueue(11934): [VRI[]#1](f:0,a:1) destructor()
06-19 11:02:32.132 D/BufferQueueConsumer(11934): [VRI[]#1(BLAST Consumer)1](id:2e9e00000002,api:0,p:-1,c:11934) disconnect
06-19 11:02:32.133 I/InputDispatcher( 3284): channel 'a19f91e com.cgangel.screen_translate (server)'~ abortBrokenDispatchCycleLocked - notify=false
06-19 11:02:32.133 W/InputManager-JNI( 3284): Input channel object 'a19f91e com.cgangel.screen_translate (client)' was disposed without first being removed with the input manager!
06-19 11:02:32.133 I/WindowManager( 3284): Window{a19f91e u0 com.cgangel.screen_translate} state from HAS_DRAWN to NO_SURFACE; reason: destroySurface
06-19 11:02:32.135 D/WindowManager( 3284): NFW_findFocusedWindowIfNeeded:Window{547c62d u0 jp.co.fanzagames.lilyange/com.unity3d.player.UnityPlayerActivity} mCurrentFocus:Window{547c62d u0 jp.co.fanzagames.lilyange/com.unity3d.player.UnityPlayerActivity}
06-19 11:02:32.135 I/UserAwareMgr( 3284): handleFgAppChanged, pkgName: com.cgangel.screen_translate, pid: 11934, isVisible: false, fgAppType: FG2
06-19 11:02:32.136 D/BLASTBufferQueue(11934): [VRI[]#2](f:0,a:1) destructor()
06-19 11:02:32.136 D/BufferQueueConsumer(11934): [VRI[]#2(BLAST Consumer)2](id:2e9e00000003,api:0,p:-1,c:11934) disconnect
06-19 11:02:32.138 D/BLASTBufferQueue(11934): [VRI[]#6](f:0,a:1) destructor()
06-19 11:02:32.138 D/BufferQueueConsumer(11934): [VRI[]#6(BLAST Consumer)6](id:2e9e00000008,api:0,p:-1,c:11934) disconnect
06-19 11:02:32.141 I/InputDispatcher( 3284): channel '9c9631b com.cgangel.screen_translate (server)'~ abortBrokenDispatchCycleLocked - notify=false
06-19 11:02:32.141 W/InputManager-JNI( 3284): Input channel object '9c9631b com.cgangel.screen_translate (client)' was disposed without first being removed with the input manager!
06-19 11:02:32.141 I/Osense-FloatWindowComplexScene( 3284): getNoSharedData pid=4949,result=[Bundle[{isExitWindow=false, isFocused=false, taskId=2, pkgName=com.android.launcher, isVisible=false, pid=5026, uid=10199, type=1, hwuiTaskThreads=[11021, 11022], renderThreadTid=5465, activityName=com.android.launcher/.Launcher, isEnter=false}];Bundle[{isExitWindow=false, isFocused=false, taskId=96, pkgName=com.cgangel.screen_translate, isVisible=true, pid=11934, uid=10030, type=1, hwuiTaskThreads=[11994, 11999], renderThreadTid=11976, activityName=com.cgangel.screen_translate/.MainActivity, isEnter=false}];Bundle[{isExitWindow=true, isFocused=false, floatWindowType=3, taskId=-1, pkgName=com.cgangel.screen_translate, isVisible=true, pid=11934, uid=10030, type=2, hwuiTaskThreads=[11994, 11999], renderThreadTid=11976, activityName=null, isEnter=false}]]
06-19 11:02:32.141 I/WindowManager( 3284): Window{9c9631b u0 com.cgangel.screen_translate} state from HAS_DRAWN to NO_SURFACE; reason: destroySurface
06-19 11:02:32.143 D/VRR [OPlusSurfaceFlingerController]( 3284):  setComplexSceneEnable : false
06-19 11:02:32.143 D/WindowManager( 3284): NFW_findFocusedWindowIfNeeded:Window{547c62d u0 jp.co.fanzagames.lilyange/com.unity3d.player.UnityPlayerActivity} mCurrentFocus:Window{547c62d u0 jp.co.fanzagames.lilyange/com.unity3d.player.UnityPlayerActivity}
06-19 11:02:32.147 W/WindowManager( 3284): Failed looking up window session=Session{3d5566f 11934:u0a10030} callers=com.android.server.wm.WindowManagerService.windowForClientLocked:6827 com.android.server.wm.WindowManagerService.finishDrawingWindow:3149 com.android.server.wm.Session.finishDrawing:385 
06-19 11:02:32.148 D/WindowManager( 3284): finishDrawingWindow force apply postDrawTransaction,client=android.view.IWindow$Stub$Proxy@8bd90d6,Session{3d5566f 11934:u0a10030}
06-19 11:02:32.149 W/WindowManager( 3284): Failed looking up window session=Session{3d5566f 11934:u0a10030} callers=com.android.server.wm.WindowManagerService.windowForClientLocked:6827 com.android.server.wm.Session.setOnBackInvokedCallbackInfo:1069 android.view.IWindowSession$Stub.onTransact:1208 
06-19 11:02:32.149 I/WindowManager( 3284): setOnBackInvokedCallback(): No window state for package:com.cgangel.screen_translate
06-19 11:02:32.149 W/WindowManager( 3284): Failed looking up window session=Session{3d5566f 11934:u0a10030} callers=com.android.server.wm.WindowManagerService.windowForClientLocked:6827 com.android.server.wm.WindowManagerService.finishDrawingWindow:3149 com.android.server.wm.Session.finishDrawing:385 
06-19 11:02:32.149 D/WindowManager( 3284): finishDrawingWindow force apply postDrawTransaction,client=android.view.IWindow$Stub$Proxy@65c0f57,Session{3d5566f 11934:u0a10030}
06-19 11:02:32.149 W/WindowManager( 3284): Failed looking up window session=Session{3d5566f 11934:u0a10030} callers=com.android.server.wm.WindowManagerService.windowForClientLocked:6827 com.android.server.wm.Session.setOnBackInvokedCallbackInfo:1069 android.view.IWindowSession$Stub.onTransact:1208 
06-19 11:02:32.149 I/WindowManager( 3284): setOnBackInvokedCallback(): No window state for package:com.cgangel.screen_translate
06-19 11:02:32.150 W/WindowManager( 3284): Failed looking up window session=Session{3d5566f 11934:u0a10030} callers=com.android.server.wm.WindowManagerService.windowForClientLocked:6827 com.android.server.wm.WindowManagerService.finishDrawingWindow:3149 com.android.server.wm.Session.finishDrawing:385 
06-19 11:02:32.150 D/WindowManager( 3284): finishDrawingWindow force apply postDrawTransaction,client=android.view.IWindow$Stub$Proxy@6293a44,Session{3d5566f 11934:u0a10030}
06-19 11:02:32.153 W/WindowManager( 3284): Failed looking up window session=Session{3d5566f 11934:u0a10030} callers=com.android.server.wm.WindowManagerService.windowForClientLocked:6827 com.android.server.wm.Session.setOnBackInvokedCallbackInfo:1069 android.view.IWindowSession$Stub.onTransact:1208 
06-19 11:02:32.153 I/WindowManager( 3284): setOnBackInvokedCallback(): No window state for package:com.cgangel.screen_translate
06-19 11:02:32.155 W/WindowManager( 3284): Failed looking up window session=Session{3d5566f 11934:u0a10030} callers=com.android.server.wm.WindowManagerService.windowForClientLocked:6827 com.android.server.wm.Session.setOnBackInvokedCallbackInfo:1069 android.view.IWindowSession$Stub.onTransact:1208 
06-19 11:02:32.155 I/WindowManager( 3284): setOnBackInvokedCallback(): No window state for package:com.cgangel.screen_translate
06-19 11:02:32.156 W/WindowManager( 3284): Failed looking up window session=Session{3d5566f 11934:u0a10030} callers=com.android.server.wm.WindowManagerService.windowForClientLocked:6827 com.android.server.wm.Session.setOnBackInvokedCallbackInfo:1069 android.view.IWindowSession$Stub.onTransact:1208 
06-19 11:02:32.156 I/WindowManager( 3284): setOnBackInvokedCallback(): No window state for package:com.cgangel.screen_translate
06-19 11:02:32.986 D/WindowManager( 3284): rotation(ROTATION_90) no changed  displayId = 0, lastOrientation = 0
06-19 11:02:33.962 D/WindowManager( 3284): rotation(ROTATION_90) no changed  displayId = 0, lastOrientation = 0
06-19 11:02:36.635 D/SurfaceFlinger( 2055): ~DisplayToken Removing display
06-19 11:02:36.637 I/SurfaceFlinger( 2055): [SF client] REMOVE (0xb400006f99cf5a10) for (3284:system_server)
06-19 11:02:36.637 W/System  ( 3284): A resource failed to call Surface.release. 
06-19 11:02:37.012 D/SurfaceFlinger( 2055): VRR [SurfaceFlinger] setDesiredActiveMode: displayId: 4630946694713414275, renderRate: 60, vsyncRate: 60, event: 1
06-19 11:02:37.023 D/DisplayManagerServiceExtImpl( 3284): scheduleTraversalLocked intraversal=false
06-19 11:02:37.023 I/DisplayManagerServiceExtImpl( 3284): handle logical display changed logicalDisplay=id=0,stack=0,content=true,displayInfo{stack=0,type=1,id=0,uId=local:4630946694713414275,state=ON,pkg=null}
06-19 11:02:37.023 D/DisplayManagerService( 3284): Delivering display event: displayId=0, event=CHANGED
06-19 11:02:37.026 D/DisplayManagerService( 3284): performTraversalInternal pendingTraversal
06-19 11:02:37.027 I/OplusBinderProxy( 3284): pb uid: 10345 pid: 20524 desc: android.hardware.display.IDisplayManagerCallback/1
06-19 11:02:37.027 I/OplusBinderProxy( 3284): pb uid: 10345 pid: 20645 desc: android.hardware.display.IDisplayManagerCallback/1
06-19 11:02:37.028 D/DisplayManagerService( 3284): MSG_REQUEST_TRAVERSAL pendingCompleted=false
06-19 11:02:37.124 D/VRR [OPlusSurfaceFlingerController]( 3284): setAutoMode enable: false fakeFrame: false fps: 1
06-19 11:02:37.212 D/VRR [OPlusSurfaceFlingerController]( 3284): setAutoMode enable: false fakeFrame: false fps: 119
06-19 11:02:37.220 D/DisplayManagerServiceExtImpl( 3284): scheduleTraversalLocked intraversal=false
06-19 11:02:37.221 D/DisplayManagerService( 3284): MSG_REQUEST_TRAVERSAL pendingCompleted=false
06-19 11:02:37.222 D/DisplayManagerService( 3284): performTraversalInternal pendingTraversal
06-19 11:02:37.222 D/SurfaceFlinger( 2055): VRR [SurfaceFlinger] setDesiredDisplayModeSpecs, from process 3284, 1, 0, primaryRanges = [ 0.000000, 120.000000, 0.000000, 60.000004 ], appRequestRanges = [ 0.000000, 120.000000, 0.000000 60.000004 ]
06-19 11:02:37.223 I/RefreshRateSelector( 2055): Current:  DisplayManagerPolicy{defaultModeId=1, allowGroupSwitching=false, primaryRanges={physical=[0.00 Hz, 120.00 Hz], render=[0.00 Hz, 60.00 Hz]}, appRequestRanges={physical=[0.00 Hz, 120.00 Hz], render=[0.00 Hz, 60.00 Hz]} idleScreenConfig=nullptr}
06-19 11:02:37.223 D/SurfaceFlinger( 2055): VRR [SurfaceFlinger] applyRefreshRateSelectorPolicy: 1 (60.00 Hz), policy: {defaultModeId=1, allowGroupSwitching=false, primaryRanges={physical=[0.00 Hz, 120.00 Hz], render=[0.00 Hz, 60.00 Hz]}, appRequestRanges={physical=[0.00 Hz, 120.00 Hz], render=[0.00 Hz, 60.00 Hz]} idleScreenConfig=nullptr}
06-19 11:02:37.223 D/SurfaceFlinger( 2055): VRR [SurfaceFlinger] setDesiredActiveMode: displayId: 4630946694713414275, renderRate: 60, vsyncRate: 60, event: 1
06-19 11:02:37.629 D/VRR [OPlusSurfaceFlingerController]( 3284): setAutoMode enable: false fakeFrame: false fps: 119
06-19 11:02:41.638 I/OplusHansManager ( 3284): uid=10030, pkg=com.cgangel.screen_translate M enter(), R stay=13
06-19 11:02:41.661 D/OplusAlarmAdjustment( 3284): proxyAlarmsByUid(), uid=10030, pkgName=com.cgangel.screen_translate, requester=1
06-19 11:02:41.663 I/OplusHansManager ( 3284): try idling uid 10030 package com.cgangel.screen_translate from OFreezer.
06-19 11:02:41.663 D/OplusAlarmAdjustMap( 3284): addProxyUid, uid=10030, pkgName=com.cgangel.screen_translate, requester=1
06-19 11:02:41.680 D/HWUI    (11934): EglManager::destroy: mEglDisplay=0xb4000077a3716dc0, mEglContext=0xb4000077a348d300, mCurrentSurface=0x0
06-19 11:02:44.642 I/OplusHansManager ( 3284): uid=10030, pkg=com.cgangel.screen_translate F enter(), M stay=3
06-19 11:02:44.648 I/OplusHansManager ( 3284): freeze uid: 10030 com.cgangel.screen_translate pids: [11934] scene: LcdOn
06-19 11:02:44.652 I/OplusHansManager ( 3284): p_BC uid=10030 pkg=com.cgangel.screen_translate
06-19 11:02:44.652 I/OplusBinderProxy( 3284): proxyBinder uid: 10030 pkg: com.cgangel.screen_translate proxy: true calling: OFreezer
