06-19 11:02:28.172 D/DisplayContentExtImpl( 3284):  initOplusRefreshRatePolicy DEFAULT_DISPLAY support refresh switch dc=Display{#11 state=ON size=727x1600 ROTATION_0},displayinfo=DisplayInfo{"ScreenTranslate", displayId 11, displayGroupId 0, FLAG_PRIVATE, FLAG_PRESENTATION, real 727 x 1600, largest app 727 x 1600, smallest app 727 x 1600, appVsyncOff 0, presDeadline 16666666, mode 12, renderFrameRate 60.0, defaultMode 12, userPreferredModeId -1, supportedModes [{id=12, width=727, height=1600, fps=60.0, vsync=60.0, synthetic=false, alternativeRefreshRates=[], supportedHdrTypes=[]}], appsSupportedModes [{id=12, width=727, height=1600, fps=60.0, vsync=60.0, synthetic=false, alternativeRefreshRates=[], supportedHdrTypes=[]}], hdrCapabilities null, userDisabledHdrTypes [], minimalPostProcessingSupported false, rotation 0, state ON, committedState UNKNOWN, type VIRTUAL, uniqueId "virtual:com.cgangel.screen_translate,10030,ScreenTranslate,8", app 727 x 1600, density 560 (560.0 x 560.0) dpi, layerStack 11, colorMode 0, supportedColorModes [0], deviceProductInfo null, owner com.cgangel.screen_translate (uid 10030), removeMode 1, refreshRateOverride 60.0, brightnessMinimum 0.0, brightnessMaximum 0.0, brightnessDefault 0.0, installOrientation ROTATION_0, layoutLimitedRefreshRate null, hdrSdrRatio not_available, backlightType 0, thermalRefreshRateThrottling {}, thermalBrightnessThrottlingDataId default}
06-19 11:02:28.172 D/WindowManager( 3284): NFW_findFocusedWindowIfNeeded:Window{6d91026 u0 com.cgangel.screen_translate/com.cgangel.screen_translate.MainActivity} mCurrentFocus:Window{6d91026 u0 com.cgangel.screen_translate/com.cgangel.screen_translate.MainActivity}
06-19 11:02:28.172 D/WindowManager( 3284): NFW_findFocusedWindowIfNeeded:null mCurrentFocus:null
06-19 11:02:28.173 I/DisplayManagerServiceExtImpl( 3284): handle logical display changed logicalDisplay=id=11,stack=11,content=false,displayInfo{stack=11,type=5,id=11,uId=virtual:com.cgangel.screen_translate,10030,ScreenTranslate,8,state=ON,pkg=com.cgangel.screen_translate}
06-19 11:02:28.173 D/WindowManager( 3284): rotation(ROTATION_0) no changed  displayId = 11, lastOrientation = -1
06-19 11:02:28.173 I/DisplayManagerServiceExtImpl( 3284): handle logical display changed logicalDisplay=id=11,stack=11,content=false,displayInfo{stack=11,type=5,id=11,uId=virtual:com.cgangel.screen_translate,10030,ScreenTranslate,8,state=ON,pkg=com.cgangel.screen_translate}
06-19 11:02:28.174 I/WindowManager( 3284): Override config changes=20085df8 {0.0 ?mcc??mnc ?localeList ?layoutDir sw208dp w208dp h457dp 560dpi smll port ?uimode ?night -touch -keyb/v/h -nav/h winConfig={ mBounds=Rect(0, 0 - 727, 1600) mAppBounds=Rect(0, 0 - 727, 1600) mMaxBounds=Rect(0, 0 - 727, 1600) mDisplayRotation=ROTATION_0 mWindowingMode=fullscreen mActivityType=undefined mAlwaysOnTop=undefined mRotation=ROTATION_0} ?fontWeightAdjustmentmThemeChanged= 0, mThemeChangedFlags= 0, mFlipFont= 0, mScenario= 0, mAccessibleChanged= 0, mUxIconConfig= 0, mMaterialColor= ffffffffffffffff, mUserId= -1, mFontUserId= -1, mFontVariationSettings= ffffffff, mFoldingAngle = -1.0, mIconPackName= , mDarkModeBackgroundMaxL= -1.0, mDarkModeDialogBgMaxL= -1.0, mDarkModeForegroundMinL= -1.0, mOplusConfigType= 0, mOplusChangedConfigs= 0, OpSans= -1, mBurmeseFontFlag= -1, mFlag= 0, mExtraFlag= 0, mFlexibleActivitySuitable= -1, mPuttDisplayFlag= -1} for displayId=11
06-19 11:02:28.175 D/DisplayManagerService( 3284): performTraversalInternal pendingTraversal
06-19 11:02:28.176 D/DisplayDevice( 3284): setLayerStackLocked id=virtual:com.cgangel.screen_translate,10030,ScreenTranslate,8 token=android.os.BinderProxy@da8c188 stack=-2->11
06-19 11:02:28.176 I/DisplayDevice( 3284): [11] Layerstack set to 11 for virtual:com.cgangel.screen_translate,10030,ScreenTranslate,8
06-19 11:02:28.177 D/OplusMirageDisplaySecureSurfaceManager( 3284): device:[id=virtual:com.cgangel.screen_translate,10030,ScreenTranslate,8,stack=11] surface:Surface(name=null mNativeObject=-5476376633038350336)/@0x3020721
06-19 11:02:28.178 D/DisplayManagerService( 3284): performTraversalInternal pendingTraversal
06-19 11:02:28.178 D/DisplayDevice( 3284): setLayerStackLocked id=virtual:com.cgangel.screen_translate,10030,ScreenTranslate,8 token=android.os.BinderProxy@da8c188 stack=11->11
06-19 11:02:28.180 V/WindowManager( 3284): Content Recording: Display 11 has no content and is on, so start recording for state 2
06-19 11:02:28.180 V/WindowManager( 3284): Content Recording: Apply transformations of shift 0 x 0, scale 0.5751582384109497 x 0.5751582384109497, crop (aka recorded content size) 1264 x 2780 for display 11; display has size 208 x 457; surface has size 727 x 1600
06-19 11:02:28.180 D/ContentRecorder( 3284): Update mirror layer surface.  curRotation=: 0
06-19 11:02:28.180 D/ContentRecorder( 3284):  surfaceSize.x=: 727
06-19 11:02:28.180 D/ContentRecorder( 3284):  surfaceSize.y=: 1600
06-19 11:02:28.182 D/ScreenProtectionController( 3284): needScreenShareProtection: com.cgangel.screen_translate should protected
06-19 11:02:28.182 D/ContentRecorder( 3284): Setting secure flags on mirrorRoot surface
06-19 11:02:28.183 D/DisplayManagerService( 3284): Content Recording: notifying MediaProjection of successful VirtualDisplay creation.
06-19 11:02:28.183 D/DisplayManagerService( 3284): Virtual Display: successfully set up virtual display 11
06-19 11:02:28.184 D/DisplayManagerService( 3284): performTraversalInternal pendingTraversal
06-19 11:02:28.184 D/DisplayDevice( 3284): setLayerStackLocked id=virtual:com.cgangel.screen_translate,10030,ScreenTranslate,8 token=android.os.BinderProxy@da8c188 stack=11->11
06-19 11:02:28.190 D/DisplayManagerService( 3284): Delivering display event: displayId=11, event=EVENT_DISPLAY_CONNECTED
06-19 11:02:28.191 D/DisplayManagerService( 3284): MSG_REQUEST_TRAVERSAL pendingCompleted=false
06-19 11:02:28.192 W/WindowManager( 3284): Unable to start animation, surface is null or no children.
06-19 11:02:28.193 I/WindowManager( 3284): addWindow: New client android.os.BinderProxy@adc39a0 : window=Window{a19f91e u0 com.cgangel.screen_translate}
06-19 11:02:28.198 D/DisplayManagerService( 3284): Delivering display event: displayId=11, event=ADDED
06-19 11:02:28.199 W/AppOps  ( 3284): Noting op not finished: uid 10030 pkg com.cgangel.screen_translate code 24 startTime of in progress event=1781838148192
06-19 11:02:28.199 I/MultiDisplayRefreshRateManagerExtImpl( 3284): onDisplayAdded, mDecreaseRefreshRate = false, displayId: 11, uniquedId: virtual:com.cgangel.screen_translate,10030,ScreenTranslate,8, currentMode:-1
06-19 11:02:28.200 E/OPM-activity( 3284): onDisplayAdded: 11, name: ScreenTranslate
06-19 11:02:28.201 W/WindowManager( 3284): Unable to start animation, surface is null or no children.
06-19 11:02:28.202 I/WindowManager( 3284): addWindow: New client android.os.BinderProxy@1f95215 : window=Window{9c9631b u0 com.cgangel.screen_translate}
06-19 11:02:28.202 D/DisplayManagerService( 3284): Delivering display event: displayId=11, event=CHANGED
06-19 11:02:28.203 V/WindowManager( 3284): Content Recording: Display 11 state was (2), is now (2), so update recording?
06-19 11:02:28.204 D/DisplayManagerService( 3284): Delivering display event: displayId=11, event=CHANGED
06-19 11:02:28.207 W/AppOps  ( 3284): Noting op not finished: uid 10030 pkg com.cgangel.screen_translate code 24 startTime of in progress event=1781838148192
06-19 11:02:28.209 W/WindowManager( 3284): App com.cgangel.screen_translate has a system alert window (type = 2038) with FLAG_NOT_TOUCHABLE and LayoutParams.alpha = 1.00 > 0.80, setting alpha to 0.80 to let touches pass through (if this is isn't desirable, remove flag FLAG_NOT_TOUCHABLE).
06-19 11:02:28.209 W/WindowManager( 3284): Unable to start animation, surface is null or no children.
06-19 11:02:28.210 I/WindowManager( 3284): addWindow: New client android.os.BinderProxy@b5e0df6 : window=Window{381cc64 u0 com.cgangel.screen_translate}
06-19 11:02:28.212 D/DisplayManagerServiceExtImpl( 3284): scheduleTraversalLocked intraversal=false
06-19 11:02:28.212 D/DisplayManagerService( 3284): MSG_REQUEST_TRAVERSAL pendingCompleted=false
06-19 11:02:28.215 D/DisplayManagerService( 3284): performTraversalInternal pendingTraversal
06-19 11:02:28.215 D/DisplayDevice( 3284): setLayerStackLocked id=virtual:com.cgangel.screen_translate,10030,ScreenTranslate,8 token=android.os.BinderProxy@da8c188 stack=11->11
06-19 11:02:28.217 I/WindowManager( 3284): addWindow: New client android.os.BinderProxy@8c14ad0 : window=Window{9c4e5ce u0 Toast}
06-19 11:02:28.218 V/WindowManager( 3284): Relayout Window{a19f91e u0 com.cgangel.screen_translate}: viewVisibility=0, oldvis=0, req=196x196, vsysui=, x=70, y=770
06-19 11:02:28.218 I/WindowManager( 3284): Window{a19f91e u0 com.cgangel.screen_translate} state from NO_SURFACE to DRAW_PENDING; reason: resetDrawState
06-19 11:02:28.220 D/WindowManager( 3284): NFW_findFocusedWindowIfNeeded:Window{6d91026 u0 com.cgangel.screen_translate/com.cgangel.screen_translate.MainActivity} mCurrentFocus:Window{6d91026 u0 com.cgangel.screen_translate/com.cgangel.screen_translate.MainActivity}
06-19 11:02:28.220 D/WindowManager( 3284): NFW_findFocusedWindowIfNeeded:null mCurrentFocus:null
06-19 11:02:28.224 V/WindowManager( 3284): Relayout Window{9c4e5ce u0 Toast}: viewVisibility=4, oldvis=4, req=1152x336, vsysui=, x=0, y=224
06-19 11:02:28.225 D/WindowManager( 3284): NFW_findFocusedWindowIfNeeded:Window{6d91026 u0 com.cgangel.screen_translate/com.cgangel.screen_translate.MainActivity} mCurrentFocus:Window{6d91026 u0 com.cgangel.screen_translate/com.cgangel.screen_translate.MainActivity}
06-19 11:02:28.225 D/WindowManager( 3284): NFW_findFocusedWindowIfNeeded:null mCurrentFocus:null
06-19 11:02:28.227 D/CoreBackPreview( 3284): Window{a19f91e u0 com.cgangel.screen_translate}: Setting back callback OnBackInvokedCallbackInfo{mCallback=android.window.IOnBackInvokedCallback$Stub$Proxy@3adaa01, mPriority=0, mIsAnimationCallback=false}
06-19 11:02:28.228 V/WindowManager( 3284): Relayout Window{9c9631b u0 com.cgangel.screen_translate}: viewVisibility=0, oldvis=0, req=196x196, vsysui=, x=70, y=1001
06-19 11:02:28.228 I/WindowManager( 3284): Window{9c9631b u0 com.cgangel.screen_translate} state from NO_SURFACE to DRAW_PENDING; reason: resetDrawState
06-19 11:02:28.232 D/WindowManager( 3284): NFW_findFocusedWindowIfNeeded:Window{6d91026 u0 com.cgangel.screen_translate/com.cgangel.screen_translate.MainActivity} mCurrentFocus:Window{6d91026 u0 com.cgangel.screen_translate/com.cgangel.screen_translate.MainActivity}
06-19 11:02:28.232 D/WindowManager( 3284): NFW_findFocusedWindowIfNeeded:null mCurrentFocus:null
06-19 11:02:28.234 V/WindowManager( 3284): Relayout Window{9c4e5ce u0 Toast}: viewVisibility=4, oldvis=4, req=854x336, vsysui=
06-19 11:02:28.237 I/WindowManager( 3284): Window{a19f91e u0 com.cgangel.screen_translate} state from DRAW_PENDING to COMMIT_DRAW_PENDING; reason: finishDrawingLocked
06-19 11:02:28.239 I/WindowManager( 3284): Window{a19f91e u0 com.cgangel.screen_translate} state from COMMIT_DRAW_PENDING to READY_TO_SHOW; reason: commitFinishDrawingLocked
06-19 11:02:28.239 D/CoreBackPreview( 3284): Window{9c9631b u0 com.cgangel.screen_translate}: Setting back callback OnBackInvokedCallbackInfo{mCallback=android.window.IOnBackInvokedCallback$Stub$Proxy@883e0a6, mPriority=0, mIsAnimationCallback=false}
06-19 11:02:28.240 I/WindowManager( 3284): Window{9c9631b u0 com.cgangel.screen_translate} state from DRAW_PENDING to COMMIT_DRAW_PENDING; reason: finishDrawingLocked
06-19 11:02:28.241 I/WindowManager( 3284): Window{9c9631b u0 com.cgangel.screen_translate} state from COMMIT_DRAW_PENDING to READY_TO_SHOW; reason: commitFinishDrawingLocked
06-19 11:02:28.242 W/WindowManager( 3284): App com.cgangel.screen_translate has a system alert window (type = 2038) with FLAG_NOT_TOUCHABLE and LayoutParams.alpha = 1.00 > 0.80, setting alpha to 0.80 to let touches pass through (if this is isn't desirable, remove flag FLAG_NOT_TOUCHABLE).
06-19 11:02:28.242 V/WindowManager( 3284): Relayout Window{381cc64 u0 com.cgangel.screen_translate}: viewVisibility=0, oldvis=0, req=628x98, vsysui=, x=0, y=147
06-19 11:02:28.242 I/WindowManager( 3284): Window{381cc64 u0 com.cgangel.screen_translate} state from NO_SURFACE to DRAW_PENDING; reason: resetDrawState
06-19 11:02:28.244 D/WindowManager( 3284): NFW_findFocusedWindowIfNeeded:Window{6d91026 u0 com.cgangel.screen_translate/com.cgangel.screen_translate.MainActivity} mCurrentFocus:Window{6d91026 u0 com.cgangel.screen_translate/com.cgangel.screen_translate.MainActivity}
06-19 11:02:28.244 D/WindowManager( 3284): NFW_findFocusedWindowIfNeeded:null mCurrentFocus:null
06-19 11:02:28.246 D/CoreBackPreview( 3284): Window{381cc64 u0 com.cgangel.screen_translate}: Setting back callback OnBackInvokedCallbackInfo{mCallback=android.window.IOnBackInvokedCallback$Stub$Proxy@4fd6ae7, mPriority=0, mIsAnimationCallback=false}
06-19 11:02:28.251 I/WindowManager( 3284): Window{381cc64 u0 com.cgangel.screen_translate} state from DRAW_PENDING to COMMIT_DRAW_PENDING; reason: finishDrawingLocked
06-19 11:02:28.252 I/WindowManager( 3284): Window{381cc64 u0 com.cgangel.screen_translate} state from COMMIT_DRAW_PENDING to READY_TO_SHOW; reason: commitFinishDrawingLocked
06-19 11:02:28.253 V/WindowManager( 3284): Relayout Window{9c4e5ce u0 Toast}: viewVisibility=0, oldvis=4, req=1022x381, vsysui=
06-19 11:02:28.253 I/WindowManager( 3284): Window{9c4e5ce u0 Toast} state from NO_SURFACE to DRAW_PENDING; reason: resetDrawState
06-19 11:02:28.256 D/WindowManager( 3284): NFW_findFocusedWindowIfNeeded:Window{6d91026 u0 com.cgangel.screen_translate/com.cgangel.screen_translate.MainActivity} mCurrentFocus:Window{6d91026 u0 com.cgangel.screen_translate/com.cgangel.screen_translate.MainActivity}
06-19 11:02:28.256 D/WindowManager( 3284): NFW_findFocusedWindowIfNeeded:null mCurrentFocus:null
06-19 11:02:28.264 I/WindowManager( 3284): Window{9c4e5ce u0 Toast} state from DRAW_PENDING to COMMIT_DRAW_PENDING; reason: finishDrawingLocked
06-19 11:02:28.265 I/WindowManager( 3284): Window{9c4e5ce u0 Toast} state from COMMIT_DRAW_PENDING to READY_TO_SHOW; reason: commitFinishDrawingLocked
06-19 11:02:28.265 I/WindowManager( 3284): Window{9c4e5ce u0 Toast} state from READY_TO_SHOW to HAS_DRAWN; reason: performShowLocked
06-19 11:02:28.265 D/OplusAONSmartDim( 3284): onWakeLockAcquireLocked: lock=231057258, flags=0x2000000a, packageName=android, tag="WindowManager/displayId:0", ws=WorkSource{10209 com.android.systemui}, uid=1000, pid=3284
06-19 11:02:28.266 D/SurfaceAnimationRunner( 3284): onAnimationEnd:Surface(name=Surface(name=55d54ea com.android.systemui)/@0x6f8a9bc - animation-leash of window_animation)/@0x64e8dae
06-19 11:02:28.269 V/WindowManager( 3284): Relayout Window{9c4e5ce u0 Toast}: viewVisibility=0, oldvis=0, req=1022x381, vsysui=
06-19 11:02:28.272 I/WindowManager( 3284): Window{381cc64 u0 com.cgangel.screen_translate} state from READY_TO_SHOW to HAS_DRAWN; reason: performShowLocked
06-19 11:02:28.272 I/WindowManager( 3284): Window{9c9631b u0 com.cgangel.screen_translate} state from READY_TO_SHOW to HAS_DRAWN; reason: performShowLocked
06-19 11:02:28.272 I/WindowManager( 3284): Window{a19f91e u0 com.cgangel.screen_translate} state from READY_TO_SHOW to HAS_DRAWN; reason: performShowLocked
06-19 11:02:28.273 I/WindowManager( 3284): Window{55d54ea u0 com.android.systemui} state from HAS_DRAWN to NO_SURFACE; reason: destroySurface
06-19 11:02:28.275 D/SurfaceAnimationRunner( 3284): onAnimationEnd:Surface(name=Dim Layer for - WindowedMagnification:0:64)/@0xd97f9ec
06-19 11:02:28.278 I/UserAwareMgr( 3284): handleFgAppChanged, pkgName: com.cgangel.screen_translate, pid: 11934, isVisible: true, fgAppType: FG2
06-19 11:02:28.285 D/VRR [OPlusSurfaceFlingerController]( 3284):  setComplexSceneEnable : true
06-19 11:02:28.287 D/OplusDisplayFeatureUIR( 3284): Receive float window scene changed eventId = 3 bundleList.size = 2 mFloatWindowApps [com.cgangel.screen_translate] mCurrentPkg null
06-19 11:02:28.309 D/SurfaceAnimationRunner( 3284): onAnimationEnd:Surface(name=Dim Layer for - Task=96)/@0xf8c81c0
06-19 11:02:28.490 V/WindowManagerShell( 4707): Transition animation finished (aborted=false), notifying core (#914) android.os.BinderProxy@1892cba@0
06-19 11:02:28.493 D/Transition( 3284): finishTransition ar ActivityRecord{3ac7e30 u0 com.android.systemui/.mediaprojection.permission.MediaProjectionPermissionActivity t96 f}}, isVisibleRequested=false, state=STOPPING, visibleAtTransitionEndTokens={}, this=TransitionRecord{cbeace0 id=914 track=0 type=CLOSE flags=0x0 state=2}
06-19 11:02:28.495 D/ActivityTaskManager( 3284): commitVisibility: ActivityRecord{3ac7e30 u0 com.android.systemui/.mediaprojection.permission.MediaProjectionPermissionActivity t96 f}}: visible=false visibleRequested=false, isInTransition=false, runningAnimation=false 
06-19 11:02:28.495 D/WindowManager( 3284): NFW_setClientVisible:ActivityRecord{3ac7e30 u0 com.android.systemui/.mediaprojection.permission.MediaProjectionPermissionActivity t96 f}} clientVisible:false
06-19 11:02:28.499 V/WindowManagerShell( 4707): Track 0 became idle
06-19 11:02:28.499 V/WindowManagerShell( 4707): All active transition animations finished
06-19 11:02:28.504 D/RefreshRate( 3284):     | COURSE[; Win preferred rateId=0, appReqFirst=false, data= RateData{} ;win name:com.cgangel.screen_translate/com.cgangel.screen_translate.MainActivity]
06-19 11:02:28.509 D/WindowManager( 3284): NFW_findFocusedWindowIfNeeded:Window{6d91026 u0 com.cgangel.screen_translate/com.cgangel.screen_translate.MainActivity} mCurrentFocus:Window{6d91026 u0 com.cgangel.screen_translate/com.cgangel.screen_translate.MainActivity}
06-19 11:02:28.509 D/WindowManager( 3284): NFW_findFocusedWindowIfNeeded:null mCurrentFocus:null
06-19 11:02:28.509 V/WindowManager( 3284): Relayout Window{e79e98d u0 com.android.systemui/com.android.systemui.mediaprojection.permission.MediaProjectionPermissionActivity}: viewVisibility=8, oldvis=0, req=0x0, vsysui=
06-19 11:02:28.511 D/DisplayManagerServiceExtImpl( 3284): scheduleTraversalLocked intraversal=false
06-19 11:02:28.517 D/DisplayManagerService( 3284): performTraversalInternal pendingTraversal
06-19 11:02:28.517 D/DisplayDevice( 3284): setLayerStackLocked id=virtual:com.cgangel.screen_translate,10030,ScreenTranslate,8 token=android.os.BinderProxy@da8c188 stack=11->11
06-19 11:02:28.517 D/WindowManager( 3284): NFW_findFocusedWindowIfNeeded:Window{6d91026 u0 com.cgangel.screen_translate/com.cgangel.screen_translate.MainActivity} mCurrentFocus:Window{6d91026 u0 com.cgangel.screen_translate/com.cgangel.screen_translate.MainActivity}
06-19 11:02:28.518 D/WindowManager( 3284): NFW_findFocusedWindowIfNeeded:null mCurrentFocus:null
06-19 11:02:28.521 D/DisplayManagerService( 3284): MSG_REQUEST_TRAVERSAL pendingCompleted=false
06-19 11:02:28.527 D/VRR [OPlusSurfaceFlingerController]( 3284): setAutoMode enable: true fakeFrame: true fps: 0
06-19 11:02:28.531 D/DisplayManagerServiceExtImpl( 3284): scheduleTraversalLocked intraversal=false
06-19 11:02:28.531 I/DisplayManagerServiceExtImpl( 3284): handle logical display changed logicalDisplay=id=0,stack=0,content=true,displayInfo{stack=0,type=1,id=0,uId=local:4630946694713414275,state=ON,pkg=null}
06-19 11:02:28.531 D/DisplayManagerService( 3284): Delivering display event: displayId=0, event=CHANGED
06-19 11:02:28.536 D/DisplayManagerService( 3284): MSG_REQUEST_TRAVERSAL pendingCompleted=false
06-19 11:02:28.539 D/DisplayManagerService( 3284): performTraversalInternal pendingTraversal
06-19 11:02:28.539 D/DisplayDevice( 3284): setLayerStackLocked id=virtual:com.cgangel.screen_translate,10030,ScreenTranslate,8 token=android.os.BinderProxy@da8c188 stack=11->11
06-19 11:02:28.540 D/CoreBackPreview( 3284): Window{e79e98d u0 com.android.systemui/com.android.systemui.mediaprojection.permission.MediaProjectionPermissionActivity}: Setting back callback null
06-19 11:02:28.541 I/WindowManager( 3284): Window{e79e98d u0 com.android.systemui/com.android.systemui.mediaprojection.permission.MediaProjectionPermissionActivity} state from HAS_DRAWN to NO_SURFACE; reason: destroySurface
06-19 11:02:28.543 D/WindowManager( 3284): NFW_findFocusedWindowIfNeeded:Window{6d91026 u0 com.cgangel.screen_translate/com.cgangel.screen_translate.MainActivity} mCurrentFocus:Window{6d91026 u0 com.cgangel.screen_translate/com.cgangel.screen_translate.MainActivity}
06-19 11:02:28.543 D/WindowManager( 3284): NFW_findFocusedWindowIfNeeded:null mCurrentFocus:null
06-19 11:02:28.547 D/ActivityTaskManager( 3284): removeAppToken: ActivityRecord{3ac7e30 u0 com.android.systemui/.mediaprojection.permission.MediaProjectionPermissionActivity t96 f}} delayed=false parent=Task{89dce3a #96 type=standard A=10030:com.cgangel.screen_translate} animating=false Callers=com.android.server.wm.DisplayContent.removeAppToken:1734 com.android.server.wm.ActivityRecord.removeFromHistory:5106 com.android.server.wm.ActivityRecord.destroyed:5192 com.android.server.wm.ActivityClientController.activityDestroyed:337 
06-19 11:02:28.547 D/TaskFragmentExtImpl( 3284): shouldDeferResumeUntilRecentsAnimFinished prev=null, next=ActivityRecord{605a073 u0 com.cgangel.screen_translate/.MainActivity t96}, task=Task{89dce3a #96 type=standard A=10030:com.cgangel.screen_translate}
06-19 11:02:28.558 E/FlexibleWindowManagerService( 3284): notifyTaskObserverToAttachController not need to notify!
06-19 11:02:28.558 I/FlexibleWindowManagerService( 3284): onFlexibleWindowTaskInfoChanged, return for cur task not embedded
06-19 11:02:28.582 D/VRR [OPlusGameStatusManager]( 3284): setLTMStatus false curPkgName: com.cgangel.screen_translate curr status: false HeartStop: false HeartStopFromTGPA: false ActiveFPS: 60.000004
06-19 11:02:28.582 D/VRR [OPlusGameStatusManager]( 3284): updateGameAccelerationStatus pkgName: com.cgangel.screen_translate mOSyncFeatureSwitch: false mIsGamePolicy: false mHeartStop: false mHasFlickerRisk: false mForceAcceleration: false mToastReady: false enable: false
06-19 11:02:28.599 V/WindowManagerShell( 4707): Directly starting a new transition type=3 wct=WindowContainerTransaction { changes = {} hops = [{PendingIntent: options=Bundle[mParcelledData.dataSize=648]}] errorCallbackToken=null taskFragmentOrganizer=null } handler=com.android.wm.shell.recents.RecentsTransitionHandler@584536e
06-19 11:02:28.600 D/WindowManager( 3284): request show transient bar, navigationBar already visible
06-19 11:02:28.606 D/WindowManager( 3284): NFW_setClientVisible:ActivityRecord{1fabc9b u0 com.android.launcher/.Launcher t2} clientVisible:true
06-19 11:02:28.607 D/FlexibleTaskController( 3284): onTaskFocusChanged prevTask:Task{89dce3a #96 type=standard A=10030:com.cgangel.screen_translate} ,currentTask:Task{f8a2413 #2 type=undefined I=com.android.launcher/.Launcher}, reason: resumeTopActivity - onActivityStateChanged
06-19 11:02:28.608 D/WindowManager( 3284): rotation(ROTATION_0) no changed  displayId = 0, lastOrientation = 5
06-19 11:02:28.611 D/WindowManager( 3284): NFW_setClientVisible:WallpaperWindowToken{da20ac token=android.os.Binder@fa5f75d showWhenLocked=false} clientVisible:true
06-19 11:02:28.616 I/WindowManager( 3284): window surface saved sync finished win=Window{e21c479 u0 com.coloros.assistantscreen}
06-19 11:02:28.616 D/Transition( 3284): collectOrderChanges onTopTasksEnd: [Task{17cf68d #1 type=home}, Task{f8a2413 #2 type=undefined I=com.android.launcher/.Launcher}], reportedOnTop:null, mOnTopTasksStart: [Task{89dce3a #96 type=standard A=10030:com.cgangel.screen_translate}], TDA child: [Task{a8e0fe #3 type=undefined}, Task{376e823 #77 type=standard A=10346:com.getsurfboard}, Task{9234ed7 #91 type=standard A=10380:jp.co.fanzagames.lilyange}, Task{89dce3a #96 type=standard A=10030:com.cgangel.screen_translate}, Task{17cf68d #1 type=home}]
06-19 11:02:28.617 D/OplusFlexibleActivityTransitionManager( 3284): fixTransitType type result:3, targets: [Task{17cf68d #1 type=home}, Task{89dce3a #96 type=standard A=10030:com.cgangel.screen_translate}, WallpaperWindowToken{da20ac token=android.os.Binder@fa5f75d showWhenLocked=false}]
06-19 11:02:28.620 D/OplusTransitionController( 3284):  info: {id=915 t=TO_FRONT f=0x80 trk=0 r=[0@Point(0, 0)] c=[{WCT{RemoteToken{8184d54 Task{17cf68d #1 type=home}}} m=TO_FRONT f=SHOW_WALLPAPER|MOVE_TO_TOP leash=Surface(name=Task=1)/@0xce0b4fd sb=Rect(0, 0 - 1264, 2780) eb=Rect(0, 0 - 1264, 2780) d=0 taskParent=-1},{WCT{RemoteToken{c38f19a Task{89dce3a #96 type=standard A=10030:com.cgangel.screen_translate}}} m=TO_BACK f=NONE leash=Surface(name=Task=96)/@0x4f7facb sb=Rect(0, 0 - 1264, 2780) eb=Rect(0, 0 - 1264, 2780) d=0 taskParent=-1},{null m=TO_FRONT f=IS_WALLPAPER leash=Surface(name=WallpaperWindowToken{da20ac token=android.os.Binder@fa5f75d showWhenLocked=false})/@0x22ae294 sb=Rect(0, 0 - 1264, 2780) eb=Rect(0, 0 - 1264, 2780) d=0}] extendInfo=[OplusTransitionExtendedInfo{mTmpFinishT=null, mInOplusCompatMode=false, mIsProcessRunning=true, mHasMismatchBoundsTarget=false, mRecentsController=null, mIsTranslucentActivityToHome=false, mAvoidInterceptKeyEventToHome=false, mIsFromHome=false, mParentLeash=null, mIsOplusAnimRes=false, mIsFromOverlay=false, mIsBalAllow=false, mTaskNotInRecent=false, mIsLaunchFromSpruce=false, mIsLaunchFromDrive=false, mAssistScreenShowing=false, mUserIdTransition=0, mInRemoteScene=false, mInPreReady=false, mPreStart=false, mToken=null, mShellApplyToken=null, mRequestTransitionTaskId=-1, mAbortTransitionOnShell=0, mTaskIdStartFromRecents=0, mTransitionId=915, mFoldChangeType=-1, mAnimStartingPosition=[0, 0, 0, 0], mIsOpeningStkDialogActivity=false, mIsNeedApplyStartTForEmbedded=false}]}, 
06-19 11:02:28.620 D/OplusTransitionController( 3284):  targets : [Task{17cf68d #1 type=home}, Task{89dce3a #96 type=standard A=10030:com.cgangel.screen_translate}, WallpaperWindowToken{da20ac token=android.os.Binder@fa5f75d showWhenLocked=false}], 
06-19 11:02:28.620 D/OplusTransitionController( 3284):  participants: {WallpaperWindowToken{da20ac token=android.os.Binder@fa5f75d showWhenLocked=false}, Task{17cf68d #1 type=home}, ActivityRecord{1fabc9b u0 com.android.launcher/.Launcher t2}, Task{89dce3a #96 type=standard A=10030:com.cgangel.screen_translate}, Task{f8a2413 #2 type=undefined I=com.android.launcher/.Launcher}}, 
06-19 11:02:28.621 V/WindowManager( 3284): Sent Transition (#915) createdAt=06-19 11:02:28.602
06-19 11:02:28.621 V/WindowManager( 3284):     startWCT=WindowContainerTransaction { changes = {} hops = [{PendingIntent: options=Bundle[{android.activity.splashScreenStyle=-1, android.activity.sourceInfo=android.app.ActivityOptions$SourceInfo@ee9b487, deviceintegration:remotetask.launchOption=-1, android:activity.animAbortListener=null, androidx.activity.extra=Bundle[EMPTY_PARCEL], android.activity.transientLaunch=true, android:activity.mZoomLaunchFlags=0}]}] errorCallbackToken=null taskFragmentOrganizer=null }
06-19 11:02:28.621 V/WindowManagerShell( 4707): onTransitionReady(transaction=14104672857759)
06-19 11:02:28.622 V/WindowManager( 3284):     info={id=915 t=TO_FRONT f=0x80 trk=0 r=[0@Point(0, 0)] c=[
06-19 11:02:28.622 V/WindowManager( 3284):         {WCT{RemoteToken{8184d54 Task{17cf68d #1 type=home}}} m=TO_FRONT f=SHOW_WALLPAPER|MOVE_TO_TOP leash=Surface(name=Task=1)/@0xce0b4fd sb=Rect(0, 0 - 1264, 2780) eb=Rect(0, 0 - 1264, 2780) d=0 taskParent=-1},
06-19 11:02:28.622 V/WindowManager( 3284):         {WCT{RemoteToken{c38f19a Task{89dce3a #96 type=standard A=10030:com.cgangel.screen_translate}}} m=TO_BACK f=NONE leash=Surface(name=Task=96)/@0x4f7facb sb=Rect(0, 0 - 1264, 2780) eb=Rect(0, 0 - 1264, 2780) d=0 taskParent=-1},
06-19 11:02:28.622 V/WindowManager( 3284):         {null m=TO_FRONT f=IS_WALLPAPER leash=Surface(name=WallpaperWindowToken{da20ac token=android.os.Binder@fa5f75d showWhenLocked=false})/@0x22ae294 sb=Rect(0, 0 - 1264, 2780) eb=Rect(0, 0 - 1264, 2780) d=0}
06-19 11:02:28.622 V/WindowManager( 3284):     ] extendInfo=[OplusTransitionExtendedInfo{mTmpFinishT=null, mInOplusCompatMode=false, mIsProcessRunning=true, mHasMismatchBoundsTarget=false, mRecentsController=null, mIsTranslucentActivityToHome=false, mAvoidInterceptKeyEventToHome=false, mIsFromHome=false, mParentLeash=null, mIsOplusAnimRes=false, mIsFromOverlay=false, mIsBalAllow=false, mTaskNotInRecent=false, mIsLaunchFromSpruce=false, mIsLaunchFromDrive=false, mAssistScreenShowing=false, mUserIdTransition=0, mInRemoteScene=false, mInPreReady=false, mPreStart=false, mToken=null, mShellApplyToken=null, mRequestTransitionTaskId=-1, mAbortTransitionOnShell=0, mTaskIdStartFromRecents=0, mTransitionId=915, mFoldChangeType=-1, mAnimStartingPosition=[0, 0, 0, 0], mIsOpeningStkDialogActivity=false, mIsNeedApplyStartTForEmbedded=false}]}
06-19 11:02:28.622 E/FlexibleWindowManagerService( 3284): notifyTaskObserverToAttachController not need to notify!
06-19 11:02:28.622 I/FlexibleWindowManagerService( 3284): onFlexibleWindowTaskInfoChanged, return for cur task not embedded
06-19 11:02:28.625 D/OplusAppSwitchListener( 3284): Detect com.cgangel.screen_translate switch to background
06-19 11:02:28.625 W/WindowManager( 3284): captureTaskSnapshot mSnapshotMode= 1 source=Task{89dce3a #96 type=standard A=10030:com.cgangel.screen_translate}
06-19 11:02:28.625 D/OplusFeatureReduceBrightness( 3284): onAppExit , info = com.cgangel.screen_translate
06-19 11:02:28.627 D/VRR [OPlusRefreshRateService]( 3284):  setFrameRateTargetControl [ 0.0 , com.cgangel.screen_translate , false , com.oplus.battery ]
06-19 11:02:28.627 D/VRR [OPlusExternalRefreshRateManager]( 3284):  [FRTC] FrameRate : 0 com.cgangel.screen_translate false com.oplus.battery 0 1000
06-19 11:02:28.627 D/OplusEapManager( 3284): mTargetExitName :com.cgangel.screen_translate
06-19 11:02:28.632 D/VRR [OPlusSurfaceFlingerController]( 3284): setAutoMode enable: false fakeFrame: false fps: 1
06-19 11:02:28.632 D/TaskSnapshotCache( 3284): putSnapshot mRunningCache top= ActivityRecord{605a073 u0 com.cgangel.screen_translate/.MainActivity t96}, mTaskId=96, snapshot=TaskSnapshot{ mId=1781838148632 mCaptureTime=403462591182534 mTopActivityComponent=com.cgangel.screen_translate/.MainActivity mSnapshot=android.hardware.HardwareBuffer@526a29b (1264x2780) mColorSpace=sRGB IEC61966-2.1 (id=0, model=RGB) mOrientation=1 mRotation=0 mTaskSize=Point(1264, 2780) mOplusCompatMode=false mTopActivityBounds=null mHasDimLayer=false mContentInsets=[0,140][0,0] mLetterboxInsets=[0,0][0,0] mIsLowResolution=false mIsRealSnapshot=false mWindowingMode=1 mAppearance=536 mIsTranslucent=false mHasImeSurface=false mInternalReferences=2 mUiMode=11, mAppIdMap size= 3
06-19 11:02:28.635 D/ActivityTaskManager( 3284): pre-Filtered:com.cgangel.screen_translate # jp.co.fanzagames.lilyange # com.getsurfboard # 
06-19 11:02:28.636 V/WindowManagerShell( 4707): onTransitionReady (#915) android.os.BinderProxy@da98489: {id=915 t=TO_FRONT f=0x80 trk=0 r=[0@Point(0, 0)] c=[{WCT{android.window.IWindowContainerToken$Stub$Proxy@41878bc} m=TO_FRONT f=SHOW_WALLPAPER|MOVE_TO_TOP leash=Surface(name=Task=1)/@0xb609c51 sb=Rect(0, 0 - 1264, 2780) eb=Rect(0, 0 - 1264, 2780) d=0 taskParent=-1},{WCT{android.window.IWindowContainerToken$Stub$Proxy@9ce045} m=TO_BACK f=NONE leash=Surface(name=Task=96)/@0xf696cb6 sb=Rect(0, 0 - 1264, 2780) eb=Rect(0, 0 - 1264, 2780) d=0 taskParent=-1},{null m=TO_FRONT f=IS_WALLPAPER leash=Surface(name=WallpaperWindowToken{da20ac token=android.os.Binder@fa5f75d showWhenLocked=false})/@0x9c6edb7 sb=Rect(0, 0 - 1264, 2780) eb=Rect(0, 0 - 1264, 2780) d=0}] extendInfo=[OplusTransitionExtendedInfo{mTmpFinishT=null, mInOplusCompatMode=false, mIsProcessRunning=true, mHasMismatchBoundsTarget=false, mRecentsController=null, mIsTranslucentActivityToHome=false, mAvoidInterceptKeyEventToHome=false, mIsFromHome=false, mParentLeash=null, mIsOplusAnimRes=false, mIsFromOverlay=false, mIsBalAllow=false, mTaskNotInRecent=false, mIsLaunchFromSpruce=false, mIsLaunchFromDrive=false, mAssistScreenShowing=false, mUserIdTransition=0, mInRemoteScene=false, mInPreReady=false, mPreStart=false, mToken=null, mShellApplyToken=null, mRequestTransitionTaskId=-1, mAbortTransitionOnShell=0, mTaskIdStartFromRecents=0, mTransitionId=915, mFoldChangeType=-1, mAnimStartingPosition=[0, 0, 0, 0], mIsOpeningStkDialogActivity=false, mIsNeedApplyStartTForEmbedded=false}]}
06-19 11:02:28.636 V/WindowManagerShell( 4707): Playing animation for (#915) android.os.BinderProxy@da98489@0
06-19 11:02:28.637 V/WindowManagerShell( 4707):  try firstHandler com.android.wm.shell.recents.RecentsTransitionHandler@584536e
06-19 11:02:28.639 D/WindowManagerServiceExtImpl( 3284): extractConfigInfoAndRealFlags rotation=0, screenDp=361, residentWS:0, scenario:0, bounds:2780, serverWinBounds:Rect(0, 0 - 1264, 2780), win=Window{ffbcd0e u0 com.android.launcher/com.android.launcher.Launcher}
06-19 11:02:28.640 V/WindowManager( 3284): Relayout Window{ffbcd0e u0 com.android.launcher/com.android.launcher.Launcher}: viewVisibility=0, oldvis=8, req=1264x2780, vsysui=LAYOUT_STABLE LAYOUT_HIDE_NAVIGATION LAYOUT_FULLSCREEN, x=0, y=0
06-19 11:02:28.640 I/WindowManager( 3284): Window{ffbcd0e u0 com.android.launcher/com.android.launcher.Launcher} state from NO_SURFACE to DRAW_PENDING; reason: resetDrawState
06-19 11:02:28.641 V/WindowManagerShell( 4707):  animated by firstHandler
06-19 11:02:28.642 D/WindowManager( 3284): NFW_findFocusedWindowIfNeeded:null mCurrentFocus:null
06-19 11:02:28.643 D/VRI[Launcher]( 5026): relayoutWindow result, sizeChanged:false, surfaceControlChanged:true, transformHintChanged:false, mSurfaceSize:Point(1264, 2780), mLastSurfaceSize:Point(1264, 2780), mWidth:1264, mHeight:2780, requestedWidth:1264, requestedHeight:2780, transformHint:0, installOrientation:0, displayRotation:0, isSurfaceValid:true, attr.flag:-2121203456, tmpFrames:ClientWindowFrames{frame=[0,0][1264,2780] display=[0,0][1264,2780] parentFrame=[0,0][0,0]}, relayoutAsync:false, mSyncSeqId:0
06-19 11:02:28.643 W/VRI[Launcher]( 5026): updateBlastSurfaceIfNeeded, surfaceSize:Point(1264, 2780), lastSurfaceSize:Point(1264, 2780), format:-2, blastBufferQueue:null
06-19 11:02:28.654 D/DisplayManagerServiceExtImpl( 3284): scheduleTraversalLocked intraversal=false
06-19 11:02:28.655 D/DisplayManagerService( 3284): performTraversalInternal pendingTraversal
06-19 11:02:28.655 D/DisplayDevice( 3284): setLayerStackLocked id=virtual:com.cgangel.screen_translate,10030,ScreenTranslate,8 token=android.os.BinderProxy@da8c188 stack=11->11
06-19 11:02:28.661 I/WindowManager( 3284): Window{ffbcd0e u0 com.android.launcher/com.android.launcher.Launcher} state from DRAW_PENDING to COMMIT_DRAW_PENDING; reason: finishDrawingLocked
06-19 11:02:28.662 I/WindowManager( 3284): Window{ffbcd0e u0 com.android.launcher/com.android.launcher.Launcher} state from COMMIT_DRAW_PENDING to READY_TO_SHOW; reason: commitFinishDrawingLocked
06-19 11:02:28.662 D/ActivityTaskManager( 3284): Clearing startingData for activity=ActivityRecord{1fabc9b u0 com.android.launcher/.Launcher t2} mStartingData=null mStartingSurface=null
06-19 11:02:28.663 I/WindowManager( 3284): Window{ffbcd0e u0 com.android.launcher/com.android.launcher.Launcher} state from READY_TO_SHOW to HAS_DRAWN; reason: performShowLocked
06-19 11:02:28.663 D/DisplayManagerService( 3284): MSG_REQUEST_TRAVERSAL pendingCompleted=false
06-19 11:02:28.665 D/ActivityTaskManager( 3284): NFW_setLastResumedActivityUncheckLocked:true r:ActivityRecord{1fabc9b u0 com.android.launcher/.Launcher t2} currentFocus:Window{6d91026 u0 com.cgangel.screen_translate/com.cgangel.screen_translate.MainActivity}
06-19 11:02:28.666 D/WindowManager( 3284): NFW_findFocusedWindowIfNeeded:Window{ffbcd0e u0 com.android.launcher/com.android.launcher.Launcher} mCurrentFocus:Window{6d91026 u0 com.cgangel.screen_translate/com.cgangel.screen_translate.MainActivity}
06-19 11:02:28.666 V/WindowManager( 3284): Changing focus from Window{6d91026 u0 com.cgangel.screen_translate/com.cgangel.screen_translate.MainActivity} to Window{ffbcd0e u0 com.android.launcher/com.android.launcher.Launcher},diplayid=0
06-19 11:02:28.667 D/WindowManager( 3284): setFrameRateStart invalid typeId return!
06-19 11:02:28.668 D/WindowManager( 3284): setFrameRateStart invalid typeId return!
06-19 11:02:28.669 D/WindowManager( 3284): NFW_findFocusedWindowIfNeeded:null mCurrentFocus:null
06-19 11:02:28.673 E/FlexibleWindowManagerService( 3284): notifyTaskObserverToAttachController not need to notify!
06-19 11:02:28.673 I/FlexibleWindowManagerService( 3284): onFlexibleWindowTaskInfoChanged, return for cur task not embedded
06-19 11:02:28.673 E/FlexibleWindowManagerService( 3284): notifyTaskObserverToAttachController not need to notify!
06-19 11:02:28.673 I/FlexibleWindowManagerService( 3284): onFlexibleWindowTaskInfoChanged, return for cur task not embedded
06-19 11:02:28.686 D/DisplayManagerServiceExtImpl( 3284): scheduleTraversalLocked intraversal=false
06-19 11:02:28.686 I/DisplayManagerServiceExtImpl( 3284): handle logical display changed logicalDisplay=id=0,stack=0,content=true,displayInfo{stack=0,type=1,id=0,uId=local:4630946694713414275,state=ON,pkg=null}
06-19 11:02:28.688 V/WindowManager( 3284): Unknown focus tokens, dropping reportFocusChanged
06-19 11:02:28.688 D/DisplayManagerService( 3284): Delivering display event: displayId=0, event=CHANGED
06-19 11:02:28.694 D/DisplayManagerService( 3284): performTraversalInternal pendingTraversal
06-19 11:02:28.694 D/DisplayDevice( 3284): setLayerStackLocked id=virtual:com.cgangel.screen_translate,10030,ScreenTranslate,8 token=android.os.BinderProxy@da8c188 stack=11->11
06-19 11:02:28.698 D/DisplayManagerService( 3284): performTraversalInternal pendingTraversal
06-19 11:02:28.698 D/DisplayDevice( 3284): setLayerStackLocked id=virtual:com.cgangel.screen_translate,10030,ScreenTranslate,8 token=android.os.BinderProxy@da8c188 stack=11->11
06-19 11:02:28.699 V/AutofillUI( 3284): hideSaveUiUiThread(): mSaveUi=null, callback=null, mCallback=Session: [id=1251762158, component=ComponentInfo{com.cgangel.screen_translate/com.cgangel.screen_translate.MainActivity}, state=STATE_ACTIVE]
06-19 11:02:28.704 D/DisplayManagerService( 3284): MSG_REQUEST_TRAVERSAL pendingCompleted=false
06-19 11:02:28.742 W/SurfaceFlinger( 2055): disableBlending name=com.cgangel.screen_translate/com.cgangel.screen_translate.MainActivity#40418
06-19 11:02:28.750 W/SurfaceFlinger( 2055): disableBlending name=com.cgangel.screen_translate/com.cgangel.screen_translate.MainActivity#40418
06-19 11:02:28.759 W/SurfaceFlinger( 2055): disableBlending name=com.cgangel.screen_translate/com.cgangel.screen_translate.MainActivity#40418
06-19 11:02:28.759 D/RemoteAnimationUtils( 5026): releaseSurface: surfaceControl valid=null
06-19 11:02:28.759 D/OplusWallpaperAnimationManager( 3284): cancelSurfaceAnimation reason: play_animation, isAnimating: false, by window: Window{ffbcd0e u0 com.android.launcher/com.android.launcher.Launcher}
06-19 11:02:28.761 D/OplusWallpaperSurfaceAnimation( 3284): setAnimationState curState: INITIALIZED
06-19 11:02:28.765 D/OplusWallpaperSurfaceAnimation( 3284): setAnimationState curState: STARTED
06-19 11:02:28.766 D/AutoFillLog.AccessibilityUtil(21007): ACTION_UP
06-19 11:02:28.766 D/AutoFillLog.AccessibilityUtil(21007): closeA11yRunnable == null, no need to close A11yService
06-19 11:02:28.767 W/SurfaceFlinger( 2055): disableBlending name=com.cgangel.screen_translate/com.cgangel.screen_translate.MainActivity#40418
06-19 11:02:28.770 D/VRR [OPlusSurfaceFlingerController]( 3284): setAutoMode enable: true fakeFrame: true fps: 0
06-19 11:02:28.775 W/SurfaceFlinger( 2055): disableBlending name=com.cgangel.screen_translate/com.cgangel.screen_translate.MainActivity#40418
06-19 11:02:28.784 W/SurfaceFlinger( 2055): disableBlending name=com.cgangel.screen_translate/com.cgangel.screen_translate.MainActivity#40418
06-19 11:02:28.792 W/SurfaceFlinger( 2055): disableBlending name=com.cgangel.screen_translate/com.cgangel.screen_translate.MainActivity#40418
06-19 11:02:28.799 W/SurfaceFlinger( 2055): disableBlending name=com.cgangel.screen_translate/com.cgangel.screen_translate.MainActivity#40418
06-19 11:02:28.808 W/SurfaceFlinger( 2055): disableBlending name=com.cgangel.screen_translate/com.cgangel.screen_translate.MainActivity#40418
06-19 11:02:28.816 W/SurfaceFlinger( 2055): disableBlending name=com.cgangel.screen_translate/com.cgangel.screen_translate.MainActivity#40418
06-19 11:02:28.824 W/SurfaceFlinger( 2055): disableBlending name=com.cgangel.screen_translate/com.cgangel.screen_translate.MainActivity#40418
06-19 11:02:28.827 D/HWUI    ( 4707): SkiaOpenGLPipeline::setSurface: this=0xb4000075ece66c80, surface=NULL
06-19 11:02:28.831 D/HWUI    ( 4707): SkiaOpenGLPipeline::setSurface: this=0xb4000075ecae04c0, surface=NULL
06-19 11:02:28.831 D/HWUI    ( 4707): SkiaOpenGLPipeline::setSurface: this=0xb4000075ed4bc7c0, surface=NULL
06-19 11:02:28.831 D/HWUI    ( 4707): SkiaOpenGLPipeline::setSurface: this=0xb4000075ed6d9480, surface=NULL
06-19 11:02:28.833 W/SurfaceFlinger( 2055): disableBlending name=com.cgangel.screen_translate/com.cgangel.screen_translate.MainActivity#40418
06-19 11:02:28.835 I/SurfaceFlinger( 2055): [SF client] REMOVE (0xb400006fb59160a0) for (4707:com.android.systemui)
06-19 11:02:28.836 I/SurfaceFlinger( 2055): [SF client] REMOVE (0xb400006fb591e7f0) for (4707:com.android.systemui)
06-19 11:02:28.841 W/SurfaceFlinger( 2055): disableBlending name=com.cgangel.screen_translate/com.cgangel.screen_translate.MainActivity#40418
06-19 11:02:28.850 W/SurfaceFlinger( 2055): disableBlending name=com.cgangel.screen_translate/com.cgangel.screen_translate.MainActivity#40418
06-19 11:02:28.858 W/SurfaceFlinger( 2055): disableBlending name=com.cgangel.screen_translate/com.cgangel.screen_translate.MainActivity#40418
06-19 11:02:28.867 W/SurfaceFlinger( 2055): disableBlending name=com.cgangel.screen_translate/com.cgangel.screen_translate.MainActivity#40418
06-19 11:02:28.875 W/SurfaceFlinger( 2055): disableBlending name=com.cgangel.screen_translate/com.cgangel.screen_translate.MainActivity#40418
06-19 11:02:28.883 W/SurfaceFlinger( 2055): disableBlending name=com.cgangel.screen_translate/com.cgangel.screen_translate.MainActivity#40418
06-19 11:02:28.892 W/SurfaceFlinger( 2055): disableBlending name=com.cgangel.screen_translate/com.cgangel.screen_translate.MainActivity#40418
06-19 11:02:28.900 W/SurfaceFlinger( 2055): disableBlending name=com.cgangel.screen_translate/com.cgangel.screen_translate.MainActivity#40418
06-19 11:02:28.908 W/SurfaceFlinger( 2055): disableBlending name=com.cgangel.screen_translate/com.cgangel.screen_translate.MainActivity#40418
06-19 11:02:28.917 W/SurfaceFlinger( 2055): disableBlending name=com.cgangel.screen_translate/com.cgangel.screen_translate.MainActivity#40418
06-19 11:02:28.925 W/SurfaceFlinger( 2055): disableBlending name=com.cgangel.screen_translate/com.cgangel.screen_translate.MainActivity#40418
06-19 11:02:28.933 W/SurfaceFlinger( 2055): disableBlending name=com.cgangel.screen_translate/com.cgangel.screen_translate.MainActivity#40418
06-19 11:02:28.942 W/SurfaceFlinger( 2055): disableBlending name=com.cgangel.screen_translate/com.cgangel.screen_translate.MainActivity#40418
06-19 11:02:28.950 W/SurfaceFlinger( 2055): disableBlending name=com.cgangel.screen_translate/com.cgangel.screen_translate.MainActivity#40418
06-19 11:02:28.959 W/SurfaceFlinger( 2055): disableBlending name=com.cgangel.screen_translate/com.cgangel.screen_translate.MainActivity#40418
06-19 11:02:28.967 W/SurfaceFlinger( 2055): disableBlending name=com.cgangel.screen_translate/com.cgangel.screen_translate.MainActivity#40418
06-19 11:02:28.975 W/SurfaceFlinger( 2055): disableBlending name=com.cgangel.screen_translate/com.cgangel.screen_translate.MainActivity#40418
06-19 11:02:28.984 W/SurfaceFlinger( 2055): disableBlending name=com.cgangel.screen_translate/com.cgangel.screen_translate.MainActivity#40418
06-19 11:02:28.992 W/SurfaceFlinger( 2055): disableBlending name=com.cgangel.screen_translate/com.cgangel.screen_translate.MainActivity#40418
06-19 11:02:29.000 W/SurfaceFlinger( 2055): disableBlending name=com.cgangel.screen_translate/com.cgangel.screen_translate.MainActivity#40418
06-19 11:02:29.008 W/SurfaceFlinger( 2055): disableBlending name=com.cgangel.screen_translate/com.cgangel.screen_translate.MainActivity#40418
06-19 11:02:29.017 W/SurfaceFlinger( 2055): disableBlending name=com.cgangel.screen_translate/com.cgangel.screen_translate.MainActivity#40418
06-19 11:02:29.025 W/SurfaceFlinger( 2055): disableBlending name=com.cgangel.screen_translate/com.cgangel.screen_translate.MainActivity#40418
06-19 11:02:29.034 W/SurfaceFlinger( 2055): disableBlending name=com.cgangel.screen_translate/com.cgangel.screen_translate.MainActivity#40418
06-19 11:02:29.042 W/SurfaceFlinger( 2055): disableBlending name=com.cgangel.screen_translate/com.cgangel.screen_translate.MainActivity#40418
06-19 11:02:29.050 W/SurfaceFlinger( 2055): disableBlending name=com.cgangel.screen_translate/com.cgangel.screen_translate.MainActivity#40418
06-19 11:02:29.058 W/SurfaceFlinger( 2055): disableBlending name=com.cgangel.screen_translate/com.cgangel.screen_translate.MainActivity#40418
06-19 11:02:29.067 W/SurfaceFlinger( 2055): disableBlending name=com.cgangel.screen_translate/com.cgangel.screen_translate.MainActivity#40418
06-19 11:02:29.075 W/SurfaceFlinger( 2055): disableBlending name=com.cgangel.screen_translate/com.cgangel.screen_translate.MainActivity#40418
06-19 11:02:29.083 W/SurfaceFlinger( 2055): disableBlending name=com.cgangel.screen_translate/com.cgangel.screen_translate.MainActivity#40418
06-19 11:02:29.091 W/SurfaceFlinger( 2055): disableBlending name=com.cgangel.screen_translate/com.cgangel.screen_translate.MainActivity#40418
06-19 11:02:29.100 W/SurfaceFlinger( 2055): disableBlending name=com.cgangel.screen_translate/com.cgangel.screen_translate.MainActivity#40418
06-19 11:02:29.108 W/SurfaceFlinger( 2055): disableBlending name=com.cgangel.screen_translate/com.cgangel.screen_translate.MainActivity#40418
06-19 11:02:29.116 W/SurfaceFlinger( 2055): disableBlending name=com.cgangel.screen_translate/com.cgangel.screen_translate.MainActivity#40418
06-19 11:02:29.124 W/SurfaceFlinger( 2055): disableBlending name=com.cgangel.screen_translate/com.cgangel.screen_translate.MainActivity#40418
06-19 11:02:29.133 W/SurfaceFlinger( 2055): disableBlending name=com.cgangel.screen_translate/com.cgangel.screen_translate.MainActivity#40418
06-19 11:02:29.141 W/SurfaceFlinger( 2055): disableBlending name=com.cgangel.screen_translate/com.cgangel.screen_translate.MainActivity#40418
06-19 11:02:29.150 W/SurfaceFlinger( 2055): disableBlending name=com.cgangel.screen_translate/com.cgangel.screen_translate.MainActivity#40418
06-19 11:02:29.158 W/SurfaceFlinger( 2055): disableBlending name=com.cgangel.screen_translate/com.cgangel.screen_translate.MainActivity#40418
06-19 11:02:29.166 W/SurfaceFlinger( 2055): disableBlending name=com.cgangel.screen_translate/com.cgangel.screen_translate.MainActivity#40418
06-19 11:02:29.174 W/SurfaceFlinger( 2055): disableBlending name=com.cgangel.screen_translate/com.cgangel.screen_translate.MainActivity#40418
06-19 11:02:29.182 W/SurfaceFlinger( 2055): disableBlending name=com.cgangel.screen_translate/com.cgangel.screen_translate.MainActivity#40418
06-19 11:02:29.191 W/SurfaceFlinger( 2055): disableBlending name=com.cgangel.screen_translate/com.cgangel.screen_translate.MainActivity#40418
06-19 11:02:29.199 W/SurfaceFlinger( 2055): disableBlending name=com.cgangel.screen_translate/com.cgangel.screen_translate.MainActivity#40418
06-19 11:02:29.208 W/SurfaceFlinger( 2055): disableBlending name=com.cgangel.screen_translate/com.cgangel.screen_translate.MainActivity#40418
06-19 11:02:29.216 W/SurfaceFlinger( 2055): disableBlending name=com.cgangel.screen_translate/com.cgangel.screen_translate.MainActivity#40418
06-19 11:02:29.224 W/SurfaceFlinger( 2055): disableBlending name=com.cgangel.screen_translate/com.cgangel.screen_translate.MainActivity#40418
06-19 11:02:29.232 W/SurfaceFlinger( 2055): disableBlending name=com.cgangel.screen_translate/com.cgangel.screen_translate.MainActivity#40418
06-19 11:02:29.241 W/SurfaceFlinger( 2055): disableBlending name=com.cgangel.screen_translate/com.cgangel.screen_translate.MainActivity#40418
06-19 11:02:29.249 W/SurfaceFlinger( 2055): disableBlending name=com.cgangel.screen_translate/com.cgangel.screen_translate.MainActivity#40418
06-19 11:02:29.257 W/SurfaceFlinger( 2055): disableBlending name=com.cgangel.screen_translate/com.cgangel.screen_translate.MainActivity#40418
06-19 11:02:29.266 W/SurfaceFlinger( 2055): disableBlending name=com.cgangel.screen_translate/com.cgangel.screen_translate.MainActivity#40418
06-19 11:02:29.272 D/VRR [OPlusSurfaceFlingerController]( 3284): setAutoMode enable: true fakeFrame: true fps: 0
06-19 11:02:29.274 W/SurfaceFlinger( 2055): disableBlending name=com.cgangel.screen_translate/com.cgangel.screen_translate.MainActivity#40418
06-19 11:02:29.283 W/SurfaceFlinger( 2055): disableBlending name=com.cgangel.screen_translate/com.cgangel.screen_translate.MainActivity#40418
06-19 11:02:29.290 W/SurfaceFlinger( 2055): disableBlending name=com.cgangel.screen_translate/com.cgangel.screen_translate.MainActivity#40418
06-19 11:02:29.299 W/SurfaceFlinger( 2055): disableBlending name=com.cgangel.screen_translate/com.cgangel.screen_translate.MainActivity#40418
06-19 11:02:29.307 W/SurfaceFlinger( 2055): disableBlending name=com.cgangel.screen_translate/com.cgangel.screen_translate.MainActivity#40418
06-19 11:02:29.316 W/SurfaceFlinger( 2055): disableBlending name=com.cgangel.screen_translate/com.cgangel.screen_translate.MainActivity#40418
06-19 11:02:29.324 W/SurfaceFlinger( 2055): disableBlending name=com.cgangel.screen_translate/com.cgangel.screen_translate.MainActivity#40418
