06-19 11:02:28.625 D/OplusAppSwitchListener( 3284): Detect com.android.launcher switch to foreground
06-19 11:02:28.627 D/VRR [OPlusRefreshRateService]( 3284):  setFrameRateTargetControl [ 0.0 , com.cgangel.screen_translate , false , com.oplus.battery ]
06-19 11:02:28.627 D/VRR [OPlusExternalRefreshRateManager]( 3284):  [FRTC] FrameRate : 0 com.cgangel.screen_translate false com.oplus.battery 0 1000
06-19 11:02:28.627 D/OplusEapManager( 3284): mTargetExitName :com.cgangel.screen_translate
06-19 11:02:28.628 D/ORBrightnessMarvelsDataCollector( 3284): Runnable-MarvelsAppEnterInfo[2026-06-19 11:02:28,com.android.launcher,20.0]
06-19 11:02:28.629 D/VRR [OPlusRefreshRateService]( 3284): handleFrontAppChange pkgName: null
06-19 11:02:28.630 D/OplusAppSwitchRuleInfo( 3284): generateAppEnterInfo - launch_source_type =  , launch_source_traceid = 
06-19 11:02:28.630 D/OplusAppSwitchRuleInfo( 3284): generateAppEnterInfo - launch_source_type =  , launch_source_traceid = 
06-19 11:02:28.630 D/OplusAppSwitchRuleInfo( 3284): generateAppEnterInfo - launch_source_type =  , launch_source_traceid = 
06-19 11:02:28.630 D/OplusAppSwitchRuleInfo( 3284): generateAppEnterInfo - launch_source_type =  , launch_source_traceid = 
06-19 11:02:28.631 D/OplusAppSwitchRuleInfo( 3284): generateAppEnterInfo - launch_source_type =  , launch_source_traceid = 
06-19 11:02:28.632 W/Biometrics/FingerprintProvider/FingerprintServiceProviderExtImpl( 3284): [hideFingerprintIcon] client does not meet the requirements: null
06-19 11:02:28.632 D/VRR [OPlusSAManager]( 3284): setSAConfig scene: VRR_60 modeId: 1 auto: false fakeFrame: false
06-19 11:02:28.632 D/VRR [OPlusSAManager]( 3284): updateAutoMinfps with nits: 89.67349, mHistOK true, mAmbientOK false, mCctOK true, mIrOK true, mBrightnessOK true, isPkgOK true, SA min fps: 1
06-19 11:02:28.632 D/VRR [OPlusSurfaceFlingerController]( 3284): setAutoMode enable: false fakeFrame: false fps: 1
06-19 11:02:28.632 D/TaskSnapshotCache( 3284): putSnapshot mRunningCache top= ActivityRecord{605a073 u0 com.cgangel.screen_translate/.MainActivity t96}, mTaskId=96, snapshot=TaskSnapshot{ mId=1781838148632 mCaptureTime=403462591182534 mTopActivityComponent=com.cgangel.screen_translate/.MainActivity mSnapshot=android.hardware.HardwareBuffer@526a29b (1264x2780) mColorSpace=sRGB IEC61966-2.1 (id=0, model=RGB) mOrientation=1 mRotation=0 mTaskSize=Point(1264, 2780) mOplusCompatMode=false mTopActivityBounds=null mHasDimLayer=false mContentInsets=[0,140][0,0] mLetterboxInsets=[0,0][0,0] mIsLowResolution=false mIsRealSnapshot=false mWindowingMode=1 mAppearance=536 mIsTranslucent=false mHasImeSurface=false mInternalReferences=2 mUiMode=11, mAppIdMap size= 3
06-19 11:02:28.634 D/OplusBatteryServiceFeature( 3284): setSmartCoolDown: coolDown = 0, normalCoolDown = 0, pkgName = com.android.launcher
06-19 11:02:28.634 D/OplusFeatureTemperatureLimitBrightness( 3284): not Apollo project uses the new rate , rate:20
06-19 11:02:28.635 D/OplusAppSwitchRuleInfo( 3284): generateAppEnterInfo - launch_source_type =  , launch_source_traceid = 
06-19 11:02:28.635 D/ActivityTaskManager( 3284): Skipping, invisible task: Task{f8a2413 #2 type=undefined I=com.android.launcher/.Launcher}
06-19 11:02:28.635 D/OplusAppSwitchRuleInfo( 3284): generateAppEnterInfo - launch_source_type =  , launch_source_traceid = 
06-19 11:02:28.635 D/OplusAppSwitchRuleInfo( 3284): generateAppEnterInfo - launch_source_type =  , launch_source_traceid = 
06-19 11:02:28.635 D/ActivityTaskManager( 3284): pre-Filtered:com.cgangel.screen_translate # jp.co.fanzagames.lilyange # com.getsurfboard # 
06-19 11:02:28.635 D/ActivityTaskManager( 3284): after skip size 3
06-19 11:02:28.635 D/OplusAppSwitchRuleInfo( 3284): generateAppEnterInfo - launch_source_type =  , launch_source_traceid = 
06-19 11:02:28.636 V/WindowManagerShell( 4707): onTransitionReady (#915) android.os.BinderProxy@da98489: {id=915 t=TO_FRONT f=0x80 trk=0 r=[0@Point(0, 0)] c=[{WCT{android.window.IWindowContainerToken$Stub$Proxy@41878bc} m=TO_FRONT f=SHOW_WALLPAPER|MOVE_TO_TOP leash=Surface(name=Task=1)/@0xb609c51 sb=Rect(0, 0 - 1264, 2780) eb=Rect(0, 0 - 1264, 2780) d=0 taskParent=-1},{WCT{android.window.IWindowContainerToken$Stub$Proxy@9ce045} m=TO_BACK f=NONE leash=Surface(name=Task=96)/@0xf696cb6 sb=Rect(0, 0 - 1264, 2780) eb=Rect(0, 0 - 1264, 2780) d=0 taskParent=-1},{null m=TO_FRONT f=IS_WALLPAPER leash=Surface(name=WallpaperWindowToken{da20ac token=android.os.Binder@fa5f75d showWhenLocked=false})/@0x9c6edb7 sb=Rect(0, 0 - 1264, 2780) eb=Rect(0, 0 - 1264, 2780) d=0}] extendInfo=[OplusTransitionExtendedInfo{mTmpFinishT=null, mInOplusCompatMode=false, mIsProcessRunning=true, mHasMismatchBoundsTarget=false, mRecentsController=null, mIsTranslucentActivityToHome=false, mAvoidInterceptKeyEventToHome=false, mIsFromHome=false, mParentLeash=null, mIsOplusAnimRes=false, mIsFromOverlay=false, mIsBalAllow=false, mTaskNotInRecent=false, mIsLaunchFromSpruce=false, mIsLaunchFromDrive=false, mAssistScreenShowing=false, mUserIdTransition=0, mInRemoteScene=false, mInPreReady=false, mPreStart=false, mToken=null, mShellApplyToken=null, mRequestTransitionTaskId=-1, mAbortTransitionOnShell=0, mTaskIdStartFromRecents=0, mTransitionId=915, mFoldChangeType=-1, mAnimStartingPosition=[0, 0, 0, 0], mIsOpeningStkDialogActivity=false, mIsNeedApplyStartTForEmbedded=false}]}
06-19 11:02:28.636 V/WindowManagerShell( 4707): Playing animation for (#915) android.os.BinderProxy@da98489@0
06-19 11:02:28.637 V/WindowManagerShell( 4707):  try firstHandler com.android.wm.shell.recents.RecentsTransitionHandler@584536e
06-19 11:02:28.637 V/ShellRecents( 4707): [171785947] RecentsController.start
06-19 11:02:28.638 V/ShellRecents( 4707):   adding pausing leaf taskId=96 at layer=8
06-19 11:02:28.639 V/ShellRecents( 4707): Applying transaction=14104672857759
06-19 11:02:28.639 D/WindowManagerServiceExtImpl( 3284): extractConfigInfoAndRealFlags rotation=0, screenDp=361, residentWS:0, scenario:0, bounds:2780, serverWinBounds:Rect(0, 0 - 1264, 2780), win=Window{ffbcd0e u0 com.android.launcher/com.android.launcher.Launcher}
06-19 11:02:28.640 V/WindowManager( 3284): Relayout Window{ffbcd0e u0 com.android.launcher/com.android.launcher.Launcher}: viewVisibility=0, oldvis=8, req=1264x2780, vsysui=LAYOUT_STABLE LAYOUT_HIDE_NAVIGATION LAYOUT_FULLSCREEN, x=0, y=0
06-19 11:02:28.640 I/WindowManager( 3284): Window{ffbcd0e u0 com.android.launcher/com.android.launcher.Launcher} state from NO_SURFACE to DRAW_PENDING; reason: resetDrawState
06-19 11:02:28.640 V/ShellRecents( 4707): Trying to get a handler for takeover but the flag is disabled
06-19 11:02:28.640 V/ShellRecents( 4707): [171785947] RecentsController.start: calling onAnimationStart with 2 apps
06-19 11:02:28.641 D/DisplayModeDirector( 3284): setAppRequest displayId : 11  modeId: 0  requestedRefreshRate: 0.0  requestedMinRefreshRateRange: 0.0  requestedMaxRefreshRateRange: 0.0
06-19 11:02:28.641 V/WindowManagerShell( 4707):  animated by firstHandler
06-19 11:02:28.641 W/UserAwareMgr( 3284): event can not be released, id: 2020, count: 3, releasePid: 5026
06-19 11:02:28.642 W/UserAwareMgr( 3284): event can not be released, id: 2020, count: 2, releasePid: 5026
06-19 11:02:28.642 D/DisplayModeDirector( 3284): setAppRequest displayId : 0  modeId: 1  requestedRefreshRate: 0.0  requestedMinRefreshRateRange: 0.0  requestedMaxRefreshRateRange: 120.00001
06-19 11:02:28.642 D/WindowManager( 3284): NFW_findFocusedWindowIfNeeded:null mCurrentFocus:null
06-19 11:02:28.643 D/VRI[Launcher]( 5026): relayoutWindow result, sizeChanged:false, surfaceControlChanged:true, transformHintChanged:false, mSurfaceSize:Point(1264, 2780), mLastSurfaceSize:Point(1264, 2780), mWidth:1264, mHeight:2780, requestedWidth:1264, requestedHeight:2780, transformHint:0, installOrientation:0, displayRotation:0, isSurfaceValid:true, attr.flag:-2121203456, tmpFrames:ClientWindowFrames{frame=[0,0][1264,2780] display=[0,0][1264,2780] parentFrame=[0,0][0,0]}, relayoutAsync:false, mSyncSeqId:0
06-19 11:02:28.643 W/VRI[Launcher]( 5026): updateBlastSurfaceIfNeeded, surfaceSize:Point(1264, 2780), lastSurfaceSize:Point(1264, 2780), format:-2, blastBufferQueue:null
06-19 11:02:28.652 D/OplusBatteryServiceFeature( 3284): setSmartCoolDown: coolDown = 0, normalCoolDown = 0, pkgName = com.android.launcher
06-19 11:02:28.654 D/OplusEapManager( 3284): mTargetEnterName :com.android.launcher
06-19 11:02:28.654 D/VRR [OPlusFrontAppManager]( 3284): OnAppSwitchObserver: onAppEnter , info.targetName = com.android.launcher
06-19 11:02:28.654 D/DisplayManagerServiceExtImpl( 3284): scheduleTraversalLocked intraversal=false
06-19 11:02:28.654 I/OPM     ( 3284): home scene change to true
06-19 11:02:28.654 D/DisplayModeDirector( 3284): setAppRequest displayId : 11  modeId: 0  requestedRefreshRate: 0.0  requestedMinRefreshRateRange: 0.0  requestedMaxRefreshRateRange: 0.0
06-19 11:02:28.655 D/DisplayModeDirector( 3284): setAppRequest displayId : 0  modeId: 1  requestedRefreshRate: 0.0  requestedMinRefreshRateRange: 0.0  requestedMaxRefreshRateRange: 120.00001
06-19 11:02:28.655 D/OplusFeatureTemperatureLimitBrightness( 3284): not Apollo project uses the new rate , rate:20
06-19 11:02:28.655 D/DisplayManagerService( 3284): performTraversalInternal pendingTraversal
06-19 11:02:28.655 D/DisplayDevice( 3284): setLayerStackLocked id=local:4630946694713414275 token=android.os.BinderProxy@d45c2f9 stack=0->0
06-19 11:02:28.655 D/DisplayDevice( 3284): setLayerStackLocked id=virtual:com.cgangel.screen_translate,10030,ScreenTranslate,8 token=android.os.BinderProxy@da8c188 stack=11->11
06-19 11:02:28.655 D/OplusFeatureTemperatureLimitBrightness( 3284): not Apollo project uses the new rate , rate:20
06-19 11:02:28.656 W/UserManagerService( 3284): Requested status bar icon for non-badged user 0
06-19 11:02:28.657 D/VRR [OPlusRefreshRateService]( 3284): handleFrontAppChange pkgName: com.android.launcher
06-19 11:02:28.657 D/LocalDisplayAdapter( 3284): setDesiredDisplayModeSpecsAsync: display unique id = local:4630946694713414275, display mode specs = defaultMode=0 allowGroupSwitching=false primaryRanges=physical: (0.0 120.0) render:  (0.0 120.0) appRequestRanges=physical: (0.0 120.0) render:  (0.0 120.0) idleScreenRefreshRate=null
06-19 11:02:28.658 D/VRR [OPlusExternalRefreshRateManager]( 3284):  [OTI] handleTouchIdleState: special timeout 5000
06-19 11:02:28.659 D/VRR [OPlusSAManager]( 3284): updateAutoMinfps with nits: 89.67349, mHistOK true, mAmbientOK false, mCctOK true, mIrOK true, mBrightnessOK true, isPkgOK true, SA min fps: 1
06-19 11:02:28.659 E/OplusThermalStats( 3284): Error getting package info: com.android.launcher
06-19 11:02:28.659 D/PowerManagerService( 3284): userActivityNoUpdateLocked: groupId=0, eventTime=162848989, event=touch, flags=0x0, uid=1000
06-19 11:02:28.661 I/WindowManager( 3284): Window{ffbcd0e u0 com.android.launcher/com.android.launcher.Launcher} state from DRAW_PENDING to COMMIT_DRAW_PENDING; reason: finishDrawingLocked
06-19 11:02:28.661 D/OplusTransitionAnimationManager( 3284): skipFinishDrawingIfNeed clientRotation=0, currentRotation=0, hasFixedRotationApp=false, requestedOrientation=5, win=Window{ffbcd0e u0 com.android.launcher/com.android.launcher.Launcher}, activity=ActivityRecord{1fabc9b u0 com.android.launcher/.Launcher t2}, currentConfig={1.0 ??mcc??mnc [zh_CN] ldltr sw361dp w361dp h794dp 560dpi nrml long hdr widecg port finger -keyb/v/h -nav/h winConfig={ mBounds=Rect(0, 0 - 1264, 2780) mAppBounds=Rect(0, 0 - 1264, 2780) mMaxBounds=Rect(0, 0 - 1264, 2780) mDisplayRotation=ROTATION_0 mWindowingMode=fullscreen mActivityType=home mAlwaysOnTop=undefined mRotation=ROTATION_0} s.78 fontWeightAdjustment=0mThemeChanged= 0, mThemeChangedFlags= 0, mFlipFont= 0, mScenario= 0, mAccessibleChanged= -1, mUxIconConfig= 3470610514986926112, mMaterialColor= 0, mUserId= 0, mFontUserId= 0, mFontVariationSettings= 226, mFoldingAngle = -1.0, mIconPackName= , mDarkModeBackgroundMaxL= 0.0, mDarkModeDialogBgMaxL= 27.0, mDarkModeForegroundMinL= 100.0, mOplusConfigType= 1, mOplusChangedConfigs= 0, OpSans= -1, mBurmeseFontFlag= 2, mFlag= 0, mExtraFlag= 0, mFlexibleActivitySuitable= -1, mPuttDisplayFlag= -1}
06-19 11:02:28.661 D/DisplayModeDirector( 3284): setAppRequest displayId : 11  modeId: 0  requestedRefreshRate: 0.0  requestedMinRefreshRateRange: 0.0  requestedMaxRefreshRateRange: 0.0
06-19 11:02:28.662 I/WindowManager( 3284): Window{ffbcd0e u0 com.android.launcher/com.android.launcher.Launcher} state from COMMIT_DRAW_PENDING to READY_TO_SHOW; reason: commitFinishDrawingLocked
06-19 11:02:28.662 D/ActivityTaskManager( 3284): Clearing startingData for activity=ActivityRecord{1fabc9b u0 com.android.launcher/.Launcher t2} mStartingData=null mStartingSurface=null
06-19 11:02:28.663 I/WindowManager( 3284): Window{ffbcd0e u0 com.android.launcher/com.android.launcher.Launcher} state from READY_TO_SHOW to HAS_DRAWN; reason: performShowLocked
06-19 11:02:28.663 D/ResourcesManagerExtImpl( 5026): applyConfigurationToAppResourcesLocked app.getDisplayId() return callback.displayId:0
06-19 11:02:28.663 D/DisplayModeDirector( 3284): setAppRequest displayId : 0  modeId: 1  requestedRefreshRate: 0.0  requestedMinRefreshRateRange: 0.0  requestedMaxRefreshRateRange: 120.00001
06-19 11:02:28.663 D/DisplayManagerService( 3284): MSG_REQUEST_TRAVERSAL pendingCompleted=false
06-19 11:02:28.663 D/OplusWindowAnimationManager( 3284): setInputConsumerEnabled from launcher enabled=true last=false controller:android.view.IRecentsAnimationController$Stub$Proxy@38cca13
06-19 11:02:28.663 V/ShellRecents( 4707): [171785947] RecentsController.setInputConsumerEnabled: set focus to recents
06-19 11:02:28.663 D/DisplayModeDirector( 3284): setAppRequest displayId : 11  modeId: 0  requestedRefreshRate: 0.0  requestedMinRefreshRateRange: 0.0  requestedMaxRefreshRateRange: 0.0
06-19 11:02:28.664 D/OplusFeatureTemperatureLimitBrightness( 3284): not Apollo project uses the new rate , rate:20
06-19 11:02:28.664 D/DisplayModeDirector( 3284): setAppRequest displayId : 0  modeId: 1  requestedRefreshRate: 0.0  requestedMinRefreshRateRange: 0.0  requestedMaxRefreshRateRange: 120.00001
06-19 11:02:28.665 D/ActivityTaskManager( 3284): onWindowFocusChanged Task{f8a2413 #2 type=undefined I=com.android.launcher/.Launcher} would transfer to compact
06-19 11:02:28.665 D/ActivityTaskManager( 3284): NFW_setLastResumedActivityUncheckLocked:true r:ActivityRecord{1fabc9b u0 com.android.launcher/.Launcher t2} currentFocus:Window{6d91026 u0 com.cgangel.screen_translate/com.cgangel.screen_translate.MainActivity}
06-19 11:02:28.666 D/QuickBackInputPolicy( 3284): hasMultiChildrenInTask: false
06-19 11:02:28.666 D/WindowManager( 3284): NFW_findFocusedWindowIfNeeded:Window{ffbcd0e u0 com.android.launcher/com.android.launcher.Launcher} mCurrentFocus:Window{6d91026 u0 com.cgangel.screen_translate/com.cgangel.screen_translate.MainActivity}
06-19 11:02:28.666 V/WindowManager( 3284): Changing focus from Window{6d91026 u0 com.cgangel.screen_translate/com.cgangel.screen_translate.MainActivity} to Window{ffbcd0e u0 com.android.launcher/com.android.launcher.Launcher},diplayid=0
06-19 11:02:28.667 D/WindowManager( 3284): setFrameRateStart invalid typeId return!
06-19 11:02:28.668 D/WindowManager( 3284): setFrameRateStart invalid typeId return!
06-19 11:02:28.669 D/WindowManager( 3284): NFW_findFocusedWindowIfNeeded:null mCurrentFocus:null
06-19 11:02:28.669 I/BLASTSyncEngine( 3284): onCommitted syncId: 915, timeout: falseran: false
06-19 11:02:28.673 I/TaskOrganizerController( 3284): onTaskInfoChanged taskid 96 config { mBounds=Rect(0, 0 - 1264, 2780) mAppBounds=Rect(0, 0 - 1264, 2780) mMaxBounds=Rect(0, 0 - 1264, 2780) mDisplayRotation=ROTATION_0 mWindowingMode=fullscreen mActivityType=standard mAlwaysOnTop=undefined mRotation=ROTATION_0}
06-19 11:02:28.673 D/OplusVisibleTasks( 3284):  notifyTaskPositionChange no need.
06-19 11:02:28.673 D/OplusFlexibleDragToSplitAnimController( 3284): visibleFlexibleTaskInfos delete:96
06-19 11:02:28.673 E/FlexibleWindowManagerService( 3284): notifyTaskObserverToAttachController not need to notify!
06-19 11:02:28.673 I/FlexibleWindowManagerService( 3284): onFlexibleWindowTaskInfoChanged, return for cur task not embedded
06-19 11:02:28.673 I/TaskOrganizerController( 3284): onTaskInfoChanged taskid 1 config { mBounds=Rect(0, 0 - 1264, 2780) mAppBounds=Rect(0, 0 - 1264, 2780) mMaxBounds=Rect(0, 0 - 1264, 2780) mDisplayRotation=ROTATION_0 mWindowingMode=fullscreen mActivityType=home mAlwaysOnTop=undefined mRotation=ROTATION_0}
06-19 11:02:28.673 D/OplusVisibleTasks( 3284):  notifyTaskPositionChange no need.
06-19 11:02:28.673 D/OplusFlexibleDragToSplitAnimController( 3284): visibleFlexibleTaskInfos delete:1
06-19 11:02:28.673 E/FlexibleWindowManagerService( 3284): notifyTaskObserverToAttachController not need to notify!
06-19 11:02:28.673 I/FlexibleWindowManagerService( 3284): onFlexibleWindowTaskInfoChanged, return for cur task not embedded
06-19 11:02:28.674 D/LinearmotorVibrator( 5026): vibrate: effect=WaveformEffect { cedf0dc, effectType=1, effectStrength=-1, effectLoop=false, ringtoneVibrateType=-1, isRingtoneCustomized=false, ringtoneFilePath=, strengthSettingEnabled=true, asynchronous=false, usageHint=0 }
06-19 11:02:28.675 I/VibratorManagerServiceExtImpl( 3284): vibrate is uid=10199, pid=5026, opPkg=com.android.launcher, effect=Mono{mEffect=Composed{segments=[OplusVibrationEffectSegment{mEffectId=1, mEffectStrength=-1, mRingtonePath=''}], repeat=-1}}, attributes=VibrationAttributes{mUsage=UNKNOWN, mAudioUsage= USAGE_UNKNOWN, mCategory=UNKNOWN, mFlags=0}, reason=null, token=1056261
06-19 11:02:28.675 D/DisplayModeDirector( 3284): setAppRequest displayId : 11  modeId: 0  requestedRefreshRate: 0.0  requestedMinRefreshRateRange: 0.0  requestedMaxRefreshRateRange: 0.0
06-19 11:02:28.676 D/DisplayModeDirector( 3284): setAppRequest displayId : 0  modeId: 1  requestedRefreshRate: 0.0  requestedMinRefreshRateRange: 0.0  requestedMaxRefreshRateRange: 120.00001
06-19 11:02:28.679 W/VibrationScaler( 3284): Got unexpected vibration intensity: 2000
06-19 11:02:28.679 E/VibrationScaler( 3284): No configured scaling level found! (current=2000, default= 2)
06-19 11:02:28.679 D/VibrationThread( 3284): Perform OplusPrebakedSegment{mWaveformId=2, mDuration=45, mEffectStrength=2000, mDefaultUsage=TOUCH} on vibrator 0
06-19 11:02:28.684 D/OplusFlexibleWindowMinimizedManagerHelper( 3284): onReceive, intent = android.intent.action.CLOSE_SYSTEM_DIALOGS reason:recentapps state:0
06-19 11:02:28.684 I/DisplayDeviceRepository( 3284): Display device changed render timings: "内置屏幕", renderFrameRate=120.00001, presentationDeadlineNanos=13333333, appVsyncOffsetNanos=1000000
06-19 11:02:28.684 D/VRR [OPlusRefreshRateService]( 3284): Receive multi scene changed eventId = 5 bundleList.size = 3
06-19 11:02:28.684 D/LogicalDisplayExt( 3284): set displayInfo flag FLAG_ROTATES_WITH_CONTENT
06-19 11:02:28.686 D/DisplayManagerServiceExtImpl( 3284): scheduleTraversalLocked intraversal=false
06-19 11:02:28.686 I/DisplayManagerServiceExtImpl( 3284): handle logical display changed logicalDisplay=id=0,stack=0,content=true,displayInfo{stack=0,type=1,id=0,uId=local:4630946694713414275,state=ON,pkg=null}
06-19 11:02:28.687 D/BrightnessThermalClamper( 3284): Thermal status observer already started
06-19 11:02:28.687 D/BrightnessPowerClamper( 3284): Power throttling data is missing for configuration data.
06-19 11:02:28.688 V/WindowManager( 3284): Unknown focus tokens, dropping reportFocusChanged
06-19 11:02:28.688 D/DisplayManagerService( 3284): Delivering display event: displayId=0, event=CHANGED
06-19 11:02:28.689 D/OplusFeatureTemperatureLimitBrightness( 3284): not Apollo project uses the new rate , rate:20
06-19 11:02:28.691 D/OplusFeatureTemperatureLimitBrightness( 3284): not Apollo project uses the new rate , rate:20
06-19 11:02:28.691 D/OplusVFXScreenEffectFeature( 3284): notifySFCompatWindowStateChange entered false
06-19 11:02:28.692 D/FSS_FoldScreenBlackCoverController( 3284): displayChangeToOn, dc:Display{#0 state=ON size=1264x2780 ROTATION_0}
06-19 11:02:28.692 D/DisplayModeDirector( 3284): setAppRequest displayId : 11  modeId: 0  requestedRefreshRate: 0.0  requestedMinRefreshRateRange: 0.0  requestedMaxRefreshRateRange: 0.0
06-19 11:02:28.694 D/DisplayModeDirector( 3284): setAppRequest displayId : 0  modeId: 1  requestedRefreshRate: 0.0  requestedMinRefreshRateRange: 0.0  requestedMaxRefreshRateRange: 120.00001
06-19 11:02:28.694 D/DisplayManagerService( 3284): performTraversalInternal pendingTraversal
06-19 11:02:28.694 D/DisplayDevice( 3284): setLayerStackLocked id=local:4630946694713414275 token=android.os.BinderProxy@d45c2f9 stack=0->0
06-19 11:02:28.694 D/DisplayDevice( 3284): setLayerStackLocked id=virtual:com.cgangel.screen_translate,10030,ScreenTranslate,8 token=android.os.BinderProxy@da8c188 stack=11->11
06-19 11:02:28.696 D/AutofillManagerService( 3284): Close system dialogs
06-19 11:02:28.697 D/DisplayModeDirector( 3284): setAppRequest displayId : 11  modeId: 0  requestedRefreshRate: 0.0  requestedMinRefreshRateRange: 0.0  requestedMaxRefreshRateRange: 0.0
06-19 11:02:28.697 E/HandwritingModeController( 3284): Cannot get requestId: Handwriting was not initialized.
06-19 11:02:28.698 D/DisplayModeDirector( 3284): setAppRequest displayId : 0  modeId: 1  requestedRefreshRate: 0.0  requestedMinRefreshRateRange: 0.0  requestedMaxRefreshRateRange: 120.00001
06-19 11:02:28.698 D/DisplayManagerService( 3284): performTraversalInternal pendingTraversal
06-19 11:02:28.698 D/DisplayDevice( 3284): setLayerStackLocked id=local:4630946694713414275 token=android.os.BinderProxy@d45c2f9 stack=0->0
06-19 11:02:28.698 D/DisplayDevice( 3284): setLayerStackLocked id=virtual:com.cgangel.screen_translate,10030,ScreenTranslate,8 token=android.os.BinderProxy@da8c188 stack=11->11
06-19 11:02:28.699 V/AutofillUI( 3284): hideSaveUiUiThread(): mSaveUi=null, callback=null, mCallback=Session: [id=1251762158, component=ComponentInfo{com.cgangel.screen_translate/com.cgangel.screen_translate.MainActivity}, state=STATE_ACTIVE]
06-19 11:02:28.700 D/CastManagerService( 4604): onDisplayChanged.
06-19 11:02:28.702 W/ActivityManager( 3284): pid 5026 com.android.launcher sent binder code 23 with flags 2 to frozen apps and got error -74
06-19 11:02:28.702 D/ActivityManager( 3284): Too many transaction errors, throttling freezer binder callback.
06-19 11:02:28.704 D/DisplayManagerService( 3284): MSG_REQUEST_TRAVERSAL pendingCompleted=false
06-19 11:02:28.705 D/OplusFeatureTemperatureLimitBrightness( 3284): not Apollo project uses the new rate , rate:20
06-19 11:02:28.705 D/DisplayModeDirector( 3284): setAppRequest displayId : 11  modeId: 0  requestedRefreshRate: 0.0  requestedMinRefreshRateRange: 0.0  requestedMaxRefreshRateRange: 0.0
06-19 11:02:28.706 D/DisplayModeDirector( 3284): setAppRequest displayId : 0  modeId: 1  requestedRefreshRate: 0.0  requestedMinRefreshRateRange: 0.0  requestedMaxRefreshRateRange: 120.00001
06-19 11:02:28.706 D/OplusFeatureTemperatureLimitBrightness( 3284): not Apollo project uses the new rate , rate:20
06-19 11:02:28.708 D/OplusFeatureTemperatureLimitBrightness( 3284): not Apollo project uses the new rate , rate:20
06-19 11:02:28.718 D/VRR [OPlusRefreshRateService]( 3284): handleConfigIdChange physicalDisplayId: 4630946694713414275 configId: 0 renderPeriod: 8333333
06-19 11:02:28.718 D/VRR [OPlusSAManager]( 3284): updateModeChange old modeId [ 1 ] -> new modeId [ 0 ] mCurPolicy: 1
06-19 11:02:28.718 D/VRR [OPlusSAManager]( 3284): updateSAScene active modeId: 0
06-19 11:02:28.718 D/VRR [OPlusSAManager]( 3284): updateSAScene current policy: 1 active modeId: 0 scene: VRR_90_120
06-19 11:02:28.718 D/VRR [OPlusOAManager]( 3284): Not OA business! new modeId: [0] active modeId: [1]
06-19 11:02:28.718 D/VRR [OPlusGameStatusManager]( 3284): updateGameState mOSyncFeatureSwitch: false mIsGamePolicy: false
06-19 11:02:28.719 D/VRR [OPlusGameStatusManager]( 3284): setLTMStatus false curPkgName: com.android.launcher curr status: false HeartStop: false HeartStopFromTGPA: false ActiveFPS: 120.00001
06-19 11:02:28.719 D/VRR [OPlusGameStatusManager]( 3284): updateGameAccelerationStatus pkgName: com.android.launcher mOSyncFeatureSwitch: false mIsGamePolicy: false mHeartStop: false mHasFlickerRisk: false mForceAcceleration: false mToastReady: false enable: false
06-19 11:02:28.719 D/VRR [OPlusGameStatusManager]( 3284): updateToastStatus enableAcceleration: false toastReady: false isGamePolicy: false desiredModeId: 0
06-19 11:02:28.719 D/VRR [OPlusGameStatusManager]( 3284): updateToastStatus enableAcceleration: false toastReady: false isGamePolicy: false desiredModeId: 0
06-19 11:02:28.719 D/VRR [OPlusExternalRefreshRateManager]( 3284):  updateRenderPeriodChange configId:0 current refresh rate:120.00001
06-19 11:02:28.722 D/OplusAlarmAdjustment( 3284): alignAlarmsByUid(), uid=10468, pkgName=com.tencent.mobileqq, actions=null, procs=null, requester=1
06-19 11:02:28.725 D/OplusAlarmAdjustMap( 3284): addAlignUid, uid=10468, pkgName=com.tencent.mobileqq, requester=1, mode=1
06-19 11:02:28.732 D/OplusFeatureTemperatureLimitBrightness( 3284): not Apollo project uses the new rate , rate:20
06-19 11:02:28.738 E/AppOps  ( 3284): Operation not started: uid=10199 pkg=com.android.launcher(null) op=VIBRATE
06-19 11:02:28.741 D/OplusFeatureTemperatureLimitBrightness( 3284): not Apollo project uses the new rate , rate:20
06-19 11:02:28.743 D/OplusFeatureTemperatureLimitBrightness( 3284): not Apollo project uses the new rate , rate:20
06-19 11:02:28.744 I/AppWidgetManager(26762): updateAppWidgetIds, mPackageName: com.coloros.alarmclock, appWidgetIds: [4, 2], views:android.widget.RemoteViews@449acf1
06-19 11:02:28.749 D/OplusFeatureTemperatureLimitBrightness( 3284): not Apollo project uses the new rate , rate:20
06-19 11:02:28.750 I/AppWidgetServiceImpl( 3284): scheduleNotifyUpdateAppWidgetLocked, widget info is null
06-19 11:02:28.751 I/AppWidgetServiceImpl( 3284): scheduleNotifyUpdateAppWidgetLocked, widget info is null
06-19 11:02:28.755 D/PowerManagerService( 3284): userActivityNoUpdateLocked: groupId=0, eventTime=162849094, event=touch, flags=0x0, uid=1000
06-19 11:02:28.758 D/OplusFeatureTemperatureLimitBrightness( 3284): not Apollo project uses the new rate , rate:20
06-19 11:02:28.759 D/OplusWallpaperAnimationManager( 3284): cancelSurfaceAnimation reason: play_animation, isAnimating: false, by window: Window{ffbcd0e u0 com.android.launcher/com.android.launcher.Launcher}
06-19 11:02:28.760 W/UserAwareMgr( 3284): no matched scene event: 2025
06-19 11:02:28.760 D/OplusWallpaperAnimationManager( 3284): startScaleAnimation frame: Rect(0, 0 - 1264, 2780) parentFrame: Rect(0, 0 - 1264, 2780) from: 1.0 to: 1.2 duration: 650 mTargetZoom: -1.0 targetZoom: -1.0 by window: Window{ffbcd0e u0 com.android.launcher/com.android.launcher.Launcher}
06-19 11:02:28.761 D/OplusWallpaperSurfaceAnimation( 3284): setAnimationState curState: INITIALIZED
06-19 11:02:28.761 I/StatusBarManagerService( 3284): disableLocked, what:920000, pkg:com.android.launcher userId: 0 token:android.os.BinderProxy@2c62e44 net1:920000 net2:0
06-19 11:02:28.764 D/FlexibleTaskController( 3284): hideZoomWindow flag = 12 ,caller = 5026
06-19 11:02:28.764 D/OplusWallpaperAnimationManager( 3284): onAnimationStart
06-19 11:02:28.765 D/OplusWallpaperAnimationManager( 3284): setSkipUpdateWallpaperPosition skip: true, wallpaper: Window{39f82ad u0 false com.android.systemui.wallpapers.ImageWallpaper}
06-19 11:02:28.765 D/OplusWallpaperSurfaceAnimation( 3284): setAnimationState curState: STARTED
06-19 11:02:28.769 D/VRR [OPlusSAManager]( 3284): setSAConfig scene: VRR_90_120 modeId: 0 auto: true fakeFrame: true
06-19 11:02:28.770 D/VRR [OPlusSAManager]( 3284): updateAutoMinfps with nits: 89.67349, mHistOK true, mAmbientOK false, mCctOK true, mIrOK true, mBrightnessOK true, isPkgOK true, SA min fps: 0
06-19 11:02:28.770 D/VRR [OPlusSurfaceFlingerController]( 3284): setAutoMode enable: true fakeFrame: true fps: 0
06-19 11:02:28.774 D/OplusFeatureTemperatureLimitBrightness( 3284): not Apollo project uses the new rate , rate:20
06-19 11:02:28.782 D/OplusFeatureTemperatureLimitBrightness( 3284): not Apollo project uses the new rate , rate:20
06-19 11:02:28.788 D/OplusFeatureTemperatureLimitBrightness( 3284): not Apollo project uses the new rate , rate:20
06-19 11:02:28.798 D/OplusFeatureTemperatureLimitBrightness( 3284): not Apollo project uses the new rate , rate:20
06-19 11:02:28.812 D/OplusFeatureTemperatureLimitBrightness( 3284): not Apollo project uses the new rate , rate:20
06-19 11:02:28.817 I/AppWidgetManager(26762): updateAppWidgetIds, mPackageName: com.coloros.alarmclock, appWidgetIds: [4, 2], views:android.widget.RemoteViews@324824f
06-19 11:02:28.819 D/OplusFeatureTemperatureLimitBrightness( 3284): not Apollo project uses the new rate , rate:20
06-19 11:02:28.820 I/AppWidgetServiceImpl( 3284): scheduleNotifyUpdateAppWidgetLocked, widget info is null
06-19 11:02:28.820 I/AppWidgetServiceImpl( 3284): scheduleNotifyUpdateAppWidgetLocked, widget info is null
06-19 11:02:28.827 D/Arc[OplusBrightnessPhoneStateManager]( 3284): LuxEvent{event:MAIN_LUX lux:20.0} -> LuxEvent{event:MAIN_LUX lux:20.0}
06-19 11:02:28.833 D/OplusFeatureTemperatureLimitBrightness( 3284): not Apollo project uses the new rate , rate:20
06-19 11:02:28.837 D/OplusFeatureTemperatureLimitBrightness( 3284): not Apollo project uses the new rate , rate:20
06-19 11:02:28.854 D/OplusFeatureTemperatureLimitBrightness( 3284): not Apollo project uses the new rate , rate:20
06-19 11:02:28.865 D/OplusFeatureTemperatureLimitBrightness( 3284): not Apollo project uses the new rate , rate:20
06-19 11:02:28.875 D/OplusFeatureTemperatureLimitBrightness( 3284): not Apollo project uses the new rate , rate:20
06-19 11:02:28.884 D/OplusFeatureTemperatureLimitBrightness( 3284): not Apollo project uses the new rate , rate:20
06-19 11:02:28.894 D/OplusFeatureTemperatureLimitBrightness( 3284): not Apollo project uses the new rate , rate:20
06-19 11:02:28.905 D/OplusFeatureTemperatureLimitBrightness( 3284): not Apollo project uses the new rate , rate:20
06-19 11:02:28.915 D/OplusFeatureTemperatureLimitBrightness( 3284): not Apollo project uses the new rate , rate:20
06-19 11:02:28.926 D/OplusFeatureTemperatureLimitBrightness( 3284): not Apollo project uses the new rate , rate:20
06-19 11:02:28.936 D/OplusFeatureTemperatureLimitBrightness( 3284): not Apollo project uses the new rate , rate:20
06-19 11:02:28.945 D/OplusFeatureTemperatureLimitBrightness( 3284): not Apollo project uses the new rate , rate:20
06-19 11:02:28.956 D/OplusFeatureTemperatureLimitBrightness( 3284): not Apollo project uses the new rate , rate:20
06-19 11:02:28.965 D/OplusFeatureTemperatureLimitBrightness( 3284): not Apollo project uses the new rate , rate:20
06-19 11:02:28.976 D/OplusFeatureTemperatureLimitBrightness( 3284): not Apollo project uses the new rate , rate:20
06-19 11:02:28.986 D/OplusFeatureTemperatureLimitBrightness( 3284): not Apollo project uses the new rate , rate:20
06-19 11:02:28.997 D/OplusFeatureTemperatureLimitBrightness( 3284): not Apollo project uses the new rate , rate:20
06-19 11:02:29.005 D/OplusFeatureTemperatureLimitBrightness( 3284): not Apollo project uses the new rate , rate:20
06-19 11:02:29.015 D/OplusFeatureTemperatureLimitBrightness( 3284): not Apollo project uses the new rate , rate:20
06-19 11:02:29.027 D/OplusFeatureTemperatureLimitBrightness( 3284): not Apollo project uses the new rate , rate:20
06-19 11:02:29.027 D/OplusFeatureTemperatureLimitBrightness( 3284): not Apollo project uses the new rate , rate:20
06-19 11:02:29.035 D/OplusFeatureTemperatureLimitBrightness( 3284): not Apollo project uses the new rate , rate:20
06-19 11:02:29.037 I/OplusStatusBarManagerServiceEnhance( 3284):  getTopIsFullscreen mTopIsFullscreen: false
06-19 11:02:29.038 D/NotificationService--OplusNotificationManagerServiceExtImpl( 3284): isForwardToAssistants: true, case : Is local notification
06-19 11:02:29.038 D/NotificationService( 3284): This application enqueue notifications is need postDelayed mcsAssistantDelayTime: 50
06-19 11:02:29.040 D/Arc[OplusBrightnessPhoneStateManager]( 3284): LuxEvent{event:MAIN_LUX lux:20.0} -> LuxEvent{event:MAIN_LUX lux:20.0}
06-19 11:02:29.046 D/OplusFeatureTemperatureLimitBrightness( 3284): not Apollo project uses the new rate , rate:20
06-19 11:02:29.054 D/OplusFeatureTemperatureLimitBrightness( 3284): not Apollo project uses the new rate , rate:20
06-19 11:02:29.065 D/OplusFeatureTemperatureLimitBrightness( 3284): not Apollo project uses the new rate , rate:20
06-19 11:02:29.075 D/OplusFeatureTemperatureLimitBrightness( 3284): not Apollo project uses the new rate , rate:20
06-19 11:02:29.085 D/OplusFeatureTemperatureLimitBrightness( 3284): not Apollo project uses the new rate , rate:20
06-19 11:02:29.096 D/OplusFeatureTemperatureLimitBrightness( 3284): not Apollo project uses the new rate , rate:20
06-19 11:02:29.106 D/OplusFeatureTemperatureLimitBrightness( 3284): not Apollo project uses the new rate , rate:20
06-19 11:02:29.116 D/OplusFeatureTemperatureLimitBrightness( 3284): not Apollo project uses the new rate , rate:20
06-19 11:02:29.125 D/OplusFeatureTemperatureLimitBrightness( 3284): not Apollo project uses the new rate , rate:20
06-19 11:02:29.135 D/OplusFeatureTemperatureLimitBrightness( 3284): not Apollo project uses the new rate , rate:20
06-19 11:02:29.146 D/OplusFeatureTemperatureLimitBrightness( 3284): not Apollo project uses the new rate , rate:20
06-19 11:02:29.163 D/OplusFeatureTemperatureLimitBrightness( 3284): not Apollo project uses the new rate , rate:20
06-19 11:02:29.165 D/OplusFeatureTemperatureLimitBrightness( 3284): not Apollo project uses the new rate , rate:20
06-19 11:02:29.174 D/OplusFeatureTemperatureLimitBrightness( 3284): not Apollo project uses the new rate , rate:20
06-19 11:02:29.184 D/OplusFeatureTemperatureLimitBrightness( 3284): not Apollo project uses the new rate , rate:20
06-19 11:02:29.196 D/OplusFeatureTemperatureLimitBrightness( 3284): not Apollo project uses the new rate , rate:20
06-19 11:02:29.206 D/OplusFeatureTemperatureLimitBrightness( 3284): not Apollo project uses the new rate , rate:20
06-19 11:02:29.215 D/OplusFeatureTemperatureLimitBrightness( 3284): not Apollo project uses the new rate , rate:20
06-19 11:02:29.226 D/OplusFeatureTemperatureLimitBrightness( 3284): not Apollo project uses the new rate , rate:20
06-19 11:02:29.235 D/OplusFeatureTemperatureLimitBrightness( 3284): not Apollo project uses the new rate , rate:20
06-19 11:02:29.245 D/OplusFeatureTemperatureLimitBrightness( 3284): not Apollo project uses the new rate , rate:20
06-19 11:02:29.253 D/Arc[OplusBrightnessPhoneStateManager]( 3284): LuxEvent{event:MAIN_LUX lux:20.0} -> LuxEvent{event:MAIN_LUX lux:20.0}
06-19 11:02:29.255 D/OplusFeatureTemperatureLimitBrightness( 3284): not Apollo project uses the new rate , rate:20
06-19 11:02:29.266 D/OplusFeatureTemperatureLimitBrightness( 3284): not Apollo project uses the new rate , rate:20
06-19 11:02:29.272 D/VRR [OPlusSAManager]( 3284): updateAutoMinfps with nits: 89.67349, mHistOK true, mAmbientOK false, mCctOK true, mIrOK true, mBrightnessOK true, isPkgOK true, SA min fps: 0
06-19 11:02:29.272 D/VRR [OPlusSurfaceFlingerController]( 3284): setAutoMode enable: true fakeFrame: true fps: 0
06-19 11:02:29.276 D/OplusFeatureTemperatureLimitBrightness( 3284): not Apollo project uses the new rate , rate:20
06-19 11:02:29.285 D/OplusFeatureTemperatureLimitBrightness( 3284): not Apollo project uses the new rate , rate:20
06-19 11:02:29.296 D/OplusFeatureTemperatureLimitBrightness( 3284): not Apollo project uses the new rate , rate:20
06-19 11:02:29.306 D/OplusFeatureTemperatureLimitBrightness( 3284): not Apollo project uses the new rate , rate:20
06-19 11:02:29.316 D/OplusFeatureTemperatureLimitBrightness( 3284): not Apollo project uses the new rate , rate:20
06-19 11:02:29.325 D/OplusFeatureTemperatureLimitBrightness( 3284): not Apollo project uses the new rate , rate:20
06-19 11:02:29.325 D/OplusFeatureTemperatureLimitBrightness( 3284): not Apollo project uses the new rate , rate:20
06-19 11:02:29.335 D/OplusFeatureTemperatureLimitBrightness( 3284): not Apollo project uses the new rate , rate:20
06-19 11:02:29.345 D/OplusFeatureTemperatureLimitBrightness( 3284): not Apollo project uses the new rate , rate:20
06-19 11:02:29.355 D/OplusFeatureTemperatureLimitBrightness( 3284): not Apollo project uses the new rate , rate:20
06-19 11:02:29.367 D/OplusFeatureTemperatureLimitBrightness( 3284): not Apollo project uses the new rate , rate:20
06-19 11:02:29.375 D/OplusFeatureTemperatureLimitBrightness( 3284): not Apollo project uses the new rate , rate:20
06-19 11:02:29.376 D/OplusFeatureTemperatureLimitBrightness( 3284): not Apollo project uses the new rate , rate:20
06-19 11:02:29.385 D/PowerManagerService( 3284): userActivityNoUpdateLocked: groupId=0, eventTime=162849723, event=touch, flags=0x0, uid=1000
06-19 11:02:29.387 D/VRR [OPlusSAManager]( 3284): updateAutoMinfps with nits: 79.59105, mHistOK true, mAmbientOK false, mCctOK true, mIrOK true, mBrightnessOK true, isPkgOK true, SA min fps: 0
06-19 11:02:29.387 D/OplusFeatureTemperatureLimitBrightness( 3284): not Apollo project uses the new rate , rate:20
06-19 11:02:29.391 V/ShellRecents( 4707): [171785947] RecentsController.screenshotTask: taskId=96
06-19 11:02:29.391 W/WindowManager( 3284): captureTaskSnapshot mSnapshotMode= 1 source=Task{89dce3a #96 type=standard A=10030:com.cgangel.screen_translate}
06-19 11:02:29.396 E/UserAwareMgr( 3284): no matched scene event: 2025
06-19 11:02:29.397 D/OplusFeatureTemperatureLimitBrightness( 3284): not Apollo project uses the new rate , rate:20
06-19 11:02:29.398 D/WindowManagerShell( 4707): setLauncherKeepClearAreaHeight: visible=true, height=294
06-19 11:02:29.401 D/TaskSnapshotCache( 3284): putSnapshot mRunningCache top= ActivityRecord{605a073 u0 com.cgangel.screen_translate/.MainActivity t96}, mTaskId=96, snapshot=TaskSnapshot{ mId=1781838149401 mCaptureTime=403463360066857 mTopActivityComponent=com.cgangel.screen_translate/.MainActivity mSnapshot=android.hardware.HardwareBuffer@2f48948 (1264x2780) mColorSpace=sRGB IEC61966-2.1 (id=0, model=RGB) mOrientation=1 mRotation=0 mTaskSize=Point(1264, 2780) mOplusCompatMode=false mTopActivityBounds=null mHasDimLayer=false mContentInsets=[0,140][0,0] mLetterboxInsets=[0,0][0,0] mIsLowResolution=false mIsRealSnapshot=false mWindowingMode=1 mAppearance=536 mIsTranslucent=false mHasImeSurface=false mInternalReferences=2 mUiMode=11, mAppIdMap size= 3
06-19 11:02:29.405 D/OplusFeatureTemperatureLimitBrightness( 3284): not Apollo project uses the new rate , rate:20
06-19 11:02:29.412 V/ShellRecents( 4707): [171785947] RecentsController.screenshotTask: taskId=96
06-19 11:02:29.413 W/WindowManager( 3284): captureTaskSnapshot mSnapshotMode= 1 source=Task{89dce3a #96 type=standard A=10030:com.cgangel.screen_translate}
06-19 11:02:29.419 D/OplusFeatureTemperatureLimitBrightness( 3284): not Apollo project uses the new rate , rate:20
06-19 11:02:29.420 D/OplusWallpaperSurfaceAnimation( 3284): resetEnable curState: STARTED
06-19 11:02:29.420 D/OplusWallpaperAnimationManager( 3284): onAnimationEnd
06-19 11:02:29.420 D/OplusWallpaperAnimationManager( 3284): setSkipUpdateWallpaperPosition skip: false, wallpaper: Window{39f82ad u0 false com.android.systemui.wallpapers.ImageWallpaper}
06-19 11:02:29.420 D/OplusWallpaperSurfaceAnimation( 3284): setAnimationState curState: IDLE
06-19 11:02:29.421 D/TaskSnapshotCache( 3284): putSnapshot mRunningCache top= ActivityRecord{605a073 u0 com.cgangel.screen_translate/.MainActivity t96}, mTaskId=96, snapshot=TaskSnapshot{ mId=1781838149421 mCaptureTime=403463380057898 mTopActivityComponent=com.cgangel.screen_translate/.MainActivity mSnapshot=android.hardware.HardwareBuffer@220de19 (1264x2780) mColorSpace=sRGB IEC61966-2.1 (id=0, model=RGB) mOrientation=1 mRotation=0 mTaskSize=Point(1264, 2780) mOplusCompatMode=false mTopActivityBounds=null mHasDimLayer=false mContentInsets=[0,140][0,0] mLetterboxInsets=[0,0][0,0] mIsLowResolution=false mIsRealSnapshot=false mWindowingMode=1 mAppearance=536 mIsTranslucent=false mHasImeSurface=false mInternalReferences=2 mUiMode=11, mAppIdMap size= 3
06-19 11:02:29.426 D/OplusFeatureTemperatureLimitBrightness( 3284): not Apollo project uses the new rate , rate:20
06-19 11:02:29.435 D/OplusFeatureTemperatureLimitBrightness( 3284): not Apollo project uses the new rate , rate:20
06-19 11:02:29.445 D/OplusFeatureTemperatureLimitBrightness( 3284): not Apollo project uses the new rate , rate:20
06-19 11:02:29.452 I/UserAwareMgr( 3284): handleAppChangedToBg, pkgName: com.coloros.assistantscreen, pid: 11275
06-19 11:02:29.452 W/UserAwareMgr( 3284): app not not found or not visible: {pkgName='com.coloros.assistantscreen', processName='com.coloros.assistantscreen', pid=11275, uid=10259, flags='assistscreen', renderTid=12632, hwuiTids=[21408, 21409], glTids=null, threadInfos=null}
06-19 11:02:29.452 W/UserAwareMgr( 3284): handleAppChangedToBg process is empty
06-19 11:02:29.454 V/ShellRecents( 4707): [171785947] RecentsController.finishInner: toHome=true userLeave=false willFinishToHome=true state=0
06-19 11:02:29.454 V/ShellRecents( 4707):   normal finish
06-19 11:02:29.455 V/WindowManagerShell( 4707): Transition animation finished (aborted=false), notifying core (#915) android.os.BinderProxy@da98489@0
06-19 11:02:29.455 D/SplitScreen-->AppLockManager( 4707): setStartFromSafeControl mStartFromSafeControl=false
06-19 11:02:29.455 D/OplusWindowAnimationManager( 3284): setInputConsumerEnabled from launcher enabled=false last=true controller:android.view.IRecentsAnimationController$Stub$Proxy@dc28d42
06-19 11:02:29.456 D/ShellTaskOrganizer( 4707): onLandScapeSceneExit, isRecent is: false
06-19 11:02:29.457 D/ActivityTaskManager( 3284): setAppVisibility(Token{ae2aaeb ActivityRecord{605a073 u0 com.cgangel.screen_translate/.MainActivity t96}}, visible=false): mNextAppTransitionRequests=[], mNextAppTransitionFlags=,mAppTransitionState=APP_STATE_IDLE visible=true mVisibleRequested=true
06-19 11:02:29.457 D/ActivityTaskManager( 3284): setVisibility defer change visibility for:ActivityRecord{605a073 u0 com.cgangel.screen_translate/.MainActivity t96} visible:false
06-19 11:02:29.457 D/ActivityTaskManager( 3284): setVisibility(Token{ae2aaeb ActivityRecord{605a073 u0 com.cgangel.screen_translate/.MainActivity t96}}, visible=false) defer commitVisibility for inFinishingTransition
06-19 11:02:29.457 D/Transition( 3284): finishTransition ar ActivityRecord{1fabc9b u0 com.android.launcher/.Launcher t2}, isVisibleRequested=true, state=RESUMED, visibleAtTransitionEndTokens={}, this=TransitionRecord{c4238ab id=915 track=0 type=TO_FRONT flags=0x80 state=2}
06-19 11:02:29.457 D/Transition( 3284): finishTransition ar ActivityRecord{605a073 u0 com.cgangel.screen_translate/.MainActivity t96}, isVisibleRequested=false, state=RESUMED, visibleAtTransitionEndTokens={}, this=TransitionRecord{c4238ab id=915 track=0 type=TO_FRONT flags=0x80 state=2}
06-19 11:02:29.457 D/ActivityTaskManager( 3284): commitVisibility: ActivityRecord{605a073 u0 com.cgangel.screen_translate/.MainActivity t96}: visible=false visibleRequested=false, isInTransition=false, runningAnimation=false 
06-19 11:02:29.458 I/OplusAppSwitchManagerService( 3284):  handleAppVisible , r = ActivityRecord{1fabc9b u0 com.android.launcher/.Launcher t2}
06-19 11:02:29.458 D/OplusTransitionController( 3284): finishTransition, transition: TransitionRecord{c4238ab id=915 track=0 type=TO_FRONT flags=0x80 state=4}
06-19 11:02:29.458 I/OplusRecentsAnimationController( 3284): finishTransition transition.mType=3,task=Task{d3e083c #89 type=standard A=10300:com.coloros.filemanager}
06-19 11:02:29.458 I/TaskFragmentExtImpl( 3284): reset pause in recents anim for mTaskFragment: Task{d3e083c #89 type=standard A=10300:com.coloros.filemanager}
06-19 11:02:29.459 D/FlexibleTaskTransitionController( 3284):  finishTransition pendingRecentToFlexibleTask:null,isRotationTransition:false ,pendingRecentToFlexible:null ,transition:TransitionRecord{c4238ab id=915 track=0 type=TO_FRONT flags=0x80 state=4}
06-19 11:02:29.460 D/ActivityTaskManager( 3284): setVisibility after transition for:ActivityRecord{605a073 u0 com.cgangel.screen_translate/.MainActivity t96}
06-19 11:02:29.460 D/TransitionControllerExtImpl( 3284): NFW_send RECOMPUTE_FOCUS in finishTransition
06-19 11:02:29.460 D/DisplayModeDirector( 3284): setAppRequest displayId : 11  modeId: 0  requestedRefreshRate: 0.0  requestedMinRefreshRateRange: 0.0  requestedMaxRefreshRateRange: 0.0
06-19 11:02:29.461 D/DisplayModeDirector( 3284): setAppRequest displayId : 0  modeId: 1  requestedRefreshRate: 0.0  requestedMinRefreshRateRange: 0.0  requestedMaxRefreshRateRange: 120.00001
06-19 11:02:29.461 I/TaskOrganizerController( 3284): onTaskInfoChanged taskid 96 config { mBounds=Rect(0, 0 - 1264, 2780) mAppBounds=Rect(0, 0 - 1264, 2780) mMaxBounds=Rect(0, 0 - 1264, 2780) mDisplayRotation=ROTATION_0 mWindowingMode=fullscreen mActivityType=standard mAlwaysOnTop=undefined mRotation=ROTATION_0}
06-19 11:02:29.462 D/OplusFlexibleDragToSplitAnimController( 3284): visibleFlexibleTaskInfos delete:96
06-19 11:02:29.462 E/FlexibleWindowManagerService( 3284): notifyTaskObserverToAttachController not need to notify!
06-19 11:02:29.462 I/FlexibleWindowManagerService( 3284): onFlexibleWindowTaskInfoChanged, return for cur task not embedded
06-19 11:02:29.462 D/ShellTaskOrganizer( 4707): onTransitionFinish, isRecent:true
06-19 11:02:29.462 V/WindowManagerShell( 4707): Track 0 became idle
06-19 11:02:29.462 V/WindowManagerShell( 4707): All active transition animations finished
06-19 11:02:29.462 V/ShellRecents( 4707): [171785947] RecentsController.cleanup
06-19 11:02:29.463 V/ShellRecents( 4707): RecentsController.setInputConsumerEnabled: skip, cb?=false enabled?=false
06-19 11:02:29.463 I/OplusScreenSecurityMask( 3284): remove WindowsName list: Window{6d91026 u0 com.cgangel.screen_translate/com.cgangel.screen_translate.MainActivity} list size: 0 isFromSetSecure: false , surfaceShown = false , displayId = 0
06-19 11:02:29.463 I/OplusScreenSecurityMask( 3284): onSecurityPageFlagChanged size: 0 , surfaceShown = false , displayId = 0
06-19 11:02:29.465 W/UserManagerService( 3284): Requested status bar icon for non-badged user 0
06-19 11:02:29.467 D/QuickBackInputPolicy( 3284): hasMultiChildrenInTask: false
06-19 11:02:29.467 D/AutofillSession( 3284): Set the response has expired.
06-19 11:02:29.467 D/OplusFeatureTemperatureLimitBrightness( 3284): not Apollo project uses the new rate , rate:20
06-19 11:02:29.467 V/PresentationStatsEventLogger( 3284): Log AutofillPresentationEventReported: requestId=354 sessionId=1251762158 mNoPresentationEventReason=8 mAvailableCount=0 mCountShown=0 mCountFilteredUserTyping=0 mCountNotShownImePresentationNotDrawn=0 mCountNotShownImeUserNotSeen=0 mDisplayPresentationType=0 mAutofillServiceUid=10159 mInlineSuggestionHostUid=-1 mIsRequestTriggered=true mFillRequestSentTimestampMs=26 mFillResponseReceivedTimestampMs=2151 mSuggestionSentTimestampMs=-1 mSuggestionPresentedTimestampMs=-1 mSelectedDatasetId=-1 mDialogDismissed=false mNegativeCtaButtonClicked=false mPositiveCtaButtonClicked=false mAuthenticationType=0 mAuthenticationResult=0 mLatencyAuthenticationUiDisplayMillis=-1 mLatencyDatasetDisplayMillis=-1 mAvailablePccCount=0 mAvailablePccOnlyCount=0 mSelectedDatasetPickedReason=0 mDetectionPreference=0 mFieldClassificationRequestId=2 mAppPackageUid=10030 mIsCredentialRequest=false mWebviewRequestedCredential=false mViewFillableTotalCount=-1 mViewFillFailureCount=-1 mFocusedId=-1 mViewFillSuccessCount=0 mViewFilledButUnexpectedCount=0 event.mSelectionTimestamp=-1 event.mAutofilledTimestampMs=-1 event.mFieldModifiedFirstTimestampMs=-1 event.mFieldModifiedLastTimestampMs=-1 event.mSuggestionPresentedLastTimestampMs=-1 event.mFocusedVirtualAutofillId=-1 event.mFieldFirstLength=-1 event.mFieldLastLength=-1
06-19 11:02:29.467 D/WindowManager( 3284): NFW_findFocusedWindowIfNeeded:Window{ffbcd0e u0 com.android.launcher/com.android.launcher.Launcher} mCurrentFocus:Window{ffbcd0e u0 com.android.launcher/com.android.launcher.Launcher}
06-19 11:02:29.468 D/WindowManager( 3284): NFW_findFocusedWindowIfNeeded:null mCurrentFocus:null
06-19 11:02:29.468 W/UserAwareMgr( 3284): no matched scene event: 2025
06-19 11:02:29.470 V/WindowManager( 3284): Relayout Window{e21c479 u0 com.coloros.assistantscreen}: viewVisibility=0, oldvis=8, req=1264x2780, vsysui=HIDE_NAVIGATION LAYOUT_STABLE LAYOUT_HIDE_NAVIGATION LAYOUT_FULLSCREEN, x=-1264, y=0
06-19 11:02:29.470 I/WindowManager( 3284): Window{e21c479 u0 com.coloros.assistantscreen} state from NO_SURFACE to DRAW_PENDING; reason: resetDrawState
06-19 11:02:29.470 W/UserAwareMgr( 3284): event can not be released, id: 5005, count: 2, releasePid: 3284
06-19 11:02:29.471 D/DisplayModeDirector( 3284): setAppRequest displayId : 11  modeId: 0  requestedRefreshRate: 0.0  requestedMinRefreshRateRange: 0.0  requestedMaxRefreshRateRange: 0.0
06-19 11:02:29.472 D/DisplayModeDirector( 3284): setAppRequest displayId : 0  modeId: 1  requestedRefreshRate: 0.0  requestedMinRefreshRateRange: 0.0  requestedMaxRefreshRateRange: 120.00001
06-19 11:02:29.472 D/QuickBackInputPolicy( 3284): hasMultiChildrenInTask: false
06-19 11:02:29.472 D/WindowManager( 3284): NFW_findFocusedWindowIfNeeded:Window{ffbcd0e u0 com.android.launcher/com.android.launcher.Launcher} mCurrentFocus:Window{ffbcd0e u0 com.android.launcher/com.android.launcher.Launcher}
06-19 11:02:29.472 D/WindowManager( 3284): NFW_findFocusedWindowIfNeeded:null mCurrentFocus:null
06-19 11:02:29.476 W/UserManagerService( 3284): Requested status bar icon for non-badged user 0
