--------- beginning of system
06-19 11:02:23.633 I/ActivityManager( 3284): Force stopping com.cgangel.screen_translate appid=10030 user=0: from pid 11861
06-19 11:02:23.647 D/DisplayManagerService( 3284): Drop pending events for gone uid 10030
06-19 11:02:23.652 I/ActivityManager( 3284): Killing 8934:com.cgangel.screen_translate/u0a30 (adj 0): stop com.cgangel.screen_translate due to from pid 11861
06-19 11:02:23.653 W/UserAwareMgr( 3284): top app is killed
06-19 11:02:23.654 I/UserAwareMgr( 3284): process killed: {pkgName='com.cgangel.screen_translate', processName='com.cgangel.screen_translate', pid=8934, uid=10030, flags='tp', renderTid=8956, hwuiTids=[9004, 9005], glTids=null, threadInfos=null}
06-19 11:02:23.654 I/UserAwareMgr( 3284): handleProcessKilled, pkgName: com.cgangel.screen_translate, pid: 8934
06-19 11:02:23.662 I/OPM     ( 3284): handleUidGone uid: 10030, disabled: false
06-19 11:02:23.667 I/OPM     ( 3284): handleAppExit info: ApplicationExitInfo(timestamp=2026/6/19 11:02 pid=8934 realUid=10030 packageUid=10030 definingUid=10030 user=0 process=com.cgangel.screen_translate reason=10 (USER REQUESTED) subreason=21 (FORCE STOP) status=0 importance=100 pss=0.00 rss=171MB description=stop com.cgangel.screen_translate due to from pid 11861 state=empty trace=null
06-19 11:02:23.668 W/ActivityTaskManager( 3284): Force removing ActivityRecord{4412dd4 u0 com.cgangel.screen_translate/.MainActivity t95 f}}: app died, no saved state
06-19 11:02:23.671 D/ActivityTaskManager( 3284): removeAppToken: ActivityRecord{4412dd4 u0 com.cgangel.screen_translate/.MainActivity t95 f}} delayed=true parent=Task{516a72 #95 type=standard A=10030:com.cgangel.screen_translate} animating=true Callers=com.android.server.wm.DisplayContent.removeAppToken:1734 com.android.server.wm.ActivityRecord.removeFromHistory:5106 com.android.server.wm.ActivityRecord.handleAppDied:5454 com.android.server.wm.WindowProcessController.handleAppDied:1632 
06-19 11:02:23.671 D/WindowManager( 3284): NFW_findFocusedWindowIfNeeded:null mCurrentFocus:Window{2d206cf u0 com.cgangel.screen_translate/com.cgangel.screen_translate.MainActivity}
06-19 11:02:23.671 V/WindowManager( 3284): Changing focus from Window{2d206cf u0 com.cgangel.screen_translate/com.cgangel.screen_translate.MainActivity} to null,diplayid=0
06-19 11:02:23.670 V/WindowManagerShell( 4707): Transition requested (#911): android.os.BinderProxy@427d20a TransitionRequestInfo { type = CLOSE, triggerTask = TaskInfo{userId=0 taskId=95 displayId=0 isRunning=false baseIntent=Intent { flg=0x10000000 cmp=com.cgangel.screen_translate/.MainActivity mCallingUid=2000 } baseActivity=null topActivity=null origActivity=null realActivity=ComponentInfo{com.cgangel.screen_translate/com.cgangel.screen_translate.MainActivity} numActivities=0 lastActiveTime=403295000 supportsSplitScreenMultiWindow=true supportsMultiWindow=true supportsPocketStudioMultiWindow=true isInFlexibleEmbedded = false uid = -1 pid = -1 resizeMode=2 isResizeable=true minWidth=-1 minHeight=-1 defaultMinSize=220 token=WCT{android.window.IWindowContainerToken$Stub$Proxy@4afaa7b} topActivityType=1 pictureInPictureParams=null shouldDockBigOverlays=false launchIntoPipHostTaskId=-1 lastParentTaskIdBeforePip=-1 displayCutoutSafeInsets=null topActivityInfo=null launchCookies=[] positionInParent=Point(0, 0) parentTaskId=-1 isFocused=true isVisible=true isVisibleRequested=true isSleeping=false locusId=null displayAreaFeatureId=1 isTopActivityTransparent=false appCompatTaskInfo=AppCompatTaskInfo { topActivityInSizeCompat=false topActivityInOplusCompatMode=false topActivityEligibleForLetterboxEducation= falseisLetterboxEducationEnabled= false isLetterboxDoubleTapEnabled= false topActivityEligibleForUserAspectRatioButton= false topActivityBoundsLetterboxed= false isFromLetterboxDoubleTap= false topActivityLetterboxVerticalPosition= -1 topActivityLetterboxHorizontalPosition= -1 topActivityLetterboxWidth=-1 topActivityLetterboxHeight=-1 isUserFullscreenOverrideEnabled=false isSystemFullscreenOverrideEnabled=false cameraCompatTaskInfo=CameraCompatTaskInfo { cameraCompatControlState=hidden freeformCameraCompatMode=inactive}} topActivityLetterboxInsets=Rect(0, 0 - 0, 0) mOplusExtraBundle = Bundle[mParcelledData.dataSize=1044]}, pipTask = null, remoteTransition = null, displayChange = null, flags = 0, debugId = 911 }
06-19 11:02:23.674 D/FlexibleWindowManagerService( 3284): [resetSiblingEmbeddedTasksToFullScreen]size of embedded tasks is illegal
06-19 11:02:23.675 D/TaskFragmentExtImpl( 3284): shouldDeferResumeUntilRecentsAnimFinished prev=null, next=ActivityRecord{1fabc9b u0 com.android.launcher/.Launcher t2}, task=Task{f8a2413 #2 type=undefined I=com.android.launcher/.Launcher}
06-19 11:02:23.676 D/RefreshRate( 3284): boostRefreshId choose max:currentRefreshRate:60.000004 targetRefreshRate:120.0 mCurrentPickRate:60.000004
06-19 11:02:23.677 D/RefreshRate( 3284): Trigger app switch boost, ar=ActivityRecord{1fabc9b u0 com.android.launcher/.Launcher t2},currDisplayRate=60.000004,boostId=3
06-19 11:02:23.677 D/RefreshRate( 3284): setDisplayConfigSpecs complete: targetMode={id=1, width=1264, height=2780, fps=120.00001, vsync=120.00001, synthetic=false, alternativeRefreshRates=[60.000004, 90.0], supportedHdrTypes=[2, 3, 4]},srcMode={id=1, width=1264, height=2780, fps=120.00001, vsync=120.00001, synthetic=false, alternativeRefreshRates=[60.000004, 90.0], supportedHdrTypes=[2, 3, 4]},sfModId=0,rate=120.00001
06-19 11:02:23.678 D/RefreshRate( 3284): Refresh rate changing from 60.000004 to 120.00001,maxRefreshRate=120.00001 FOR:{
06-19 11:02:23.678 D/RefreshRate( 3284):     | COURSE[Trigger app switch boost, ar=ActivityRecord{1fabc9b u0 com.android.launcher/.Launcher t2},currDisplayRate=60.000004,boostId=3setDisplayConfigSpecs complete: targetMode={id=1, width=1264, height=2780, fps=120.00001, vsync=120.00001, synthetic=false, alternativeRefreshRates=[60.000004, 90.0], supportedHdrTypes=[2, 3, 4]},srcMode={id=1, width=1264, height=2780, fps=120.00001, vsync=120.00001, synthetic=false, alternativeRefreshRates=[60.000004, 90.0], supportedHdrTypes=[2, 3, 4]},sfModId=0,rate=120.00001]
06-19 11:02:23.678 D/RefreshRate( 3284):     | VOTES[PRIORITY_START_ANIMATION_BOOST -> Vote{mRefreshRate=120.0, mMinRefreshRate=120.0, mRequestSource=null};PRIORITY_WINDOW_REQUEST -> Vote{mRefreshRate=60.0, mMinRefreshRate=60.0, mRequestSource=null};]
06-19 11:02:23.678 D/RefreshRate( 3284):     | TIME:2026-06-19 03:02:23}
06-19 11:02:23.678 D/ActivityTaskManager( 3284): setAppVisibility(Token{3749d4e ActivityRecord{1fabc9b u0 com.android.launcher/.Launcher t2}}, visible=true): mNextAppTransitionRequests=[], mNextAppTransitionFlags=,mAppTransitionState=APP_STATE_IDLE visible=false mVisibleRequested=false
06-19 11:02:23.679 D/WindowManager( 3284): NFW_setClientVisible:ActivityRecord{1fabc9b u0 com.android.launcher/.Launcher t2} clientVisible:true
06-19 11:02:23.679 D/RefreshRate( 3284): do setDisplayConfigSpecs  
06-19 11:02:23.679 D/ActivityTaskManager( 3284): setVisibility(Token{3749d4e ActivityRecord{1fabc9b u0 com.android.launcher/.Launcher t2}}, visible=true) defer commitVisibility for transition collecting
06-19 11:02:23.680 I/UserAwareMgr( 3284): handleTopAppChanged: com.android.launcher, pid: 5026, uid: 10199
06-19 11:02:23.680 D/ActivityTaskManager( 3284): onWindowFocusChanged Task{f8a2413 #2 type=undefined I=com.android.launcher/.Launcher} would transfer to compact
06-19 11:02:23.680 D/ActivityTaskManager( 3284): NFW_setLastResumedActivityUncheckLocked:true r:ActivityRecord{1fabc9b u0 com.android.launcher/.Launcher t2} currentFocus:null
06-19 11:02:23.680 D/WindowManager( 3284): NFW_findFocusedWindowIfNeeded:null mCurrentFocus:null
06-19 11:02:23.680 D/FlexibleTaskController( 3284): onTaskFocusChanged prevTask:Task{516a72 #95 type=standard A=10030:com.cgangel.screen_translate} ,currentTask:Task{f8a2413 #2 type=undefined I=com.android.launcher/.Launcher}, reason: resumeTopActivity - onActivityStateChanged
06-19 11:02:23.681 D/OplusFlexibleDCSManager( 3284): onNextPkgChanged pkg = com.android.launcher
06-19 11:02:23.681 D/DisplayModeDirector( 3284): setAppRequest displayId : 0  modeId: 1  requestedRefreshRate: 120.00001  requestedMinRefreshRateRange: 120.00001  requestedMaxRefreshRateRange: 120.00001
06-19 11:02:23.681 I/OplusJoystickManager( 3284): handleApplicationSwitch deprecated!
06-19 11:02:23.682 D/OplusEapManager( 3284): mTargetExitName :com.cgangel.screen_translate
06-19 11:02:23.682 D/OplusAppSwitchRuleInfo( 3284): generateAppEnterInfo - launch_source_type =  , launch_source_traceid = 
06-19 11:02:23.682 D/OplusAppSwitchRuleInfo( 3284): generateAppEnterInfo - launch_source_type =  , launch_source_traceid = 
06-19 11:02:23.682 D/OplusAppSwitchRuleInfo( 3284): generateAppEnterInfo - launch_source_type =  , launch_source_traceid = 
06-19 11:02:23.682 D/OplusAppSwitchRuleInfo( 3284): generateAppEnterInfo - launch_source_type =  , launch_source_traceid = 
06-19 11:02:23.682 D/OplusAppSwitchRuleInfo( 3284): generateAppEnterInfo - launch_source_type =  , launch_source_traceid = 
06-19 11:02:23.682 D/OplusAppSwitchRuleInfo( 3284): generateAppEnterInfo - launch_source_type =  , launch_source_traceid = 
06-19 11:02:23.682 D/OplusAppSwitchRuleInfo( 3284): generateAppEnterInfo - launch_source_type =  , launch_source_traceid = 
06-19 11:02:23.682 D/OplusAppSwitchRuleInfo( 3284): generateAppEnterInfo - launch_source_type =  , launch_source_traceid = 
06-19 11:02:23.682 D/OplusAppSwitchRuleInfo( 3284): generateAppEnterInfo - launch_source_type =  , launch_source_traceid = 
06-19 11:02:23.682 D/OplusEapManager( 3284): mTargetEnterName :com.android.launcher
06-19 11:02:23.682 D/VRR [OPlusFrontAppManager]( 3284): OnAppSwitchObserver: onAppEnter , info.targetName = com.android.launcher
06-19 11:02:23.682 I/OPM     ( 3284): home scene change to true
06-19 11:02:23.683 D/WindowManager( 3284): rotation(ROTATION_0) no changed  displayId = 0, lastOrientation = 5
06-19 11:02:23.683 D/VRR [OPlusRefreshRateService]( 3284): handleFrontAppChange pkgName: com.android.launcher
06-19 11:02:23.683 D/OplusFeatureColorMode( 3284): ColorMode getColorMode =0
06-19 11:02:23.683 D/ColorDisplayServiceExtImpl( 3284): getWCGVersion1App, packageName=com.android.launcher, sSupportWCG1 = true, sSupportWCG3 = false, nRet = 0
06-19 11:02:23.683 D/VRR [OPlusExternalRefreshRateManager]( 3284):  [OTI] handleTouchIdleState: special timeout 5000
06-19 11:02:23.684 D/VRR [OPlusSAManager]( 3284): updateAutoMinfps with nits: 89.67349, mHistOK true, mAmbientOK true, mCctOK true, mIrOK true, mBrightnessOK true, isPkgOK true, SA min fps: 119
06-19 11:02:23.685 D/VRR [OPlusRefreshRatePolicy]( 3284): setRefreshRatePolicy policy=POLICY_SYSTEM, refreshRate=60, statusOn=false
06-19 11:02:23.685 D/VRR [OPlusRefreshRatePolicy]( 3284): setRefreshRatePolicy policy=POLICY_SYSTEM, refreshRate=120, statusOn=true
06-19 11:02:23.685 D/OplusAlarmAdjustment( 3284): unalignAlarmsByUid(), uid=10468, pkgName=com.tencent.mobileqq, actions=null, procs=null, requester=1
06-19 11:02:23.686 D/DisplayModeDirector( 3284): setAppRequest displayId : 0  modeId: 1  requestedRefreshRate: 0.0  requestedMinRefreshRateRange: 0.0  requestedMaxRefreshRateRange: 120.00001
06-19 11:02:23.686 I/TaskOrganizerController( 3284): onTaskInfoChanged taskid 95 config { mBounds=Rect(0, 0 - 1264, 2780) mAppBounds=Rect(0, 0 - 1264, 2780) mMaxBounds=Rect(0, 0 - 1264, 2780) mDisplayRotation=ROTATION_0 mWindowingMode=fullscreen mActivityType=standard mAlwaysOnTop=undefined mRotation=ROTATION_0}
06-19 11:02:23.687 D/OplusFlexibleDragToSplitAnimController( 3284): visibleFlexibleTaskInfos delete:95
06-19 11:02:23.687 E/FlexibleWindowManagerService( 3284): notifyTaskObserverToAttachController not need to notify!
06-19 11:02:23.687 I/FlexibleWindowManagerService( 3284): onFlexibleWindowTaskInfoChanged, return for cur task not embedded
06-19 11:02:23.687 I/TaskOrganizerController( 3284): onTaskInfoChanged taskid 1 config { mBounds=Rect(0, 0 - 1264, 2780) mAppBounds=Rect(0, 0 - 1264, 2780) mMaxBounds=Rect(0, 0 - 1264, 2780) mDisplayRotation=ROTATION_0 mWindowingMode=fullscreen mActivityType=home mAlwaysOnTop=undefined mRotation=ROTATION_0}
06-19 11:02:23.687 D/OplusFlexibleDragToSplitAnimController( 3284): visibleFlexibleTaskInfos delete:1
06-19 11:02:23.687 E/FlexibleWindowManagerService( 3284): notifyTaskObserverToAttachController not need to notify!
06-19 11:02:23.687 I/FlexibleWindowManagerService( 3284): onFlexibleWindowTaskInfoChanged, return for cur task not embedded
06-19 11:02:23.687 D/OplusAppSwitchListener( 3284): App Activity Change
06-19 11:02:23.688 D/OplusAppSwitchListener( 3284): Detect com.cgangel.screen_translate switch to background
06-19 11:02:23.688 D/OplusFeatureReduceBrightness( 3284): onAppExit , info = com.cgangel.screen_translate
06-19 11:02:23.688 D/OplusAppSwitchListener( 3284): Detect com.android.launcher switch to foreground
06-19 11:02:23.688 D/VRR [OPlusRefreshRateService]( 3284):  setFrameRateTargetControl [ 0.0 , com.cgangel.screen_translate , false , com.oplus.battery ]
06-19 11:02:23.688 D/VRR [OPlusExternalRefreshRateManager]( 3284):  [FRTC] FrameRate : 0 com.cgangel.screen_translate false com.oplus.battery 0 1000
06-19 11:02:23.688 D/OplusKeepAliveManager( 3284): TOP_APP is ProcessRecord{70780b2 5026:com.android.launcher/u0a199} uid is 10199
06-19 11:02:23.689 E/OplusThermalStats( 3284): Error getting package info: com.android.launcher
06-19 11:02:23.690 I/WindowManager( 3284): window surface saved sync finished win=Window{e21c479 u0 com.coloros.assistantscreen}
06-19 11:02:23.691 D/ORBrightnessMarvelsDataCollector( 3284): Runnable-MarvelsAppEnterInfo[2026-06-19 11:02:23,com.android.launcher,60.0]
06-19 11:02:23.692 D/OplusBatteryServiceFeature( 3284): setSmartCoolDown: coolDown = 0, normalCoolDown = 0, pkgName = com.android.launcher
06-19 11:02:23.692 D/ActivityThread( 5026): ComponentInfo{com.android.launcher/com.android.launcher.Launcher} checkFinished=false 2
06-19 11:02:23.692 D/ResourcesManagerExtImpl( 5026): applyConfigurationToAppResourcesLocked app.getDisplayId() return callback.displayId:0
06-19 11:02:23.693 D/OplusAlarmAdjustMap( 3284): removeAlignUid, uid=10468, requester=1
06-19 11:02:23.695 D/TaskFragmentExtImpl( 3284): shouldDeferResumeUntilRecentsAnimFinished prev=null, next=ActivityRecord{1fabc9b u0 com.android.launcher/.Launcher t2}, task=Task{f8a2413 #2 type=undefined I=com.android.launcher/.Launcher}
06-19 11:02:23.695 I/AppsFilter( 3284): interaction: PackageSetting{84a5b20 com.android.microdroid.empty_payload/10407} -> PackageSetting{41546e0 com.cgangel.screen_translate/10030} BLOCKED
06-19 11:02:23.695 I/AppsFilter( 3284): interaction: PackageSetting{f6cb69e com.vrelnir.dol_debug/10420} -> PackageSetting{41546e0 com.cgangel.screen_translate/10030} BLOCKED
06-19 11:02:23.695 I/AppsFilter( 3284): interaction: PackageSetting{d22157f com.oplus.locationproxy/10388} -> PackageSetting{41546e0 com.cgangel.screen_translate/10030} BLOCKED
06-19 11:02:23.695 I/AppsFilter( 3284): interaction: PackageSetting{94a094c bin.mt.termex/10412} -> PackageSetting{41546e0 com.cgangel.screen_translate/10030} BLOCKED
06-19 11:02:23.695 I/AppsFilter( 3284): interaction: PackageSetting{234d95 com.android.certinstaller/10214} -> PackageSetting{41546e0 com.cgangel.screen_translate/10030} BLOCKED
06-19 11:02:23.695 I/AppsFilter( 3284): interaction: PackageSetting{6e99eaa com.oplus.location/10226} -> PackageSetting{41546e0 com.cgangel.screen_translate/10030} BLOCKED
06-19 11:02:23.699 D/WindowManagerServiceExtImpl( 3284): extractConfigInfoAndRealFlags rotation=0, screenDp=361, residentWS:0, scenario:0, bounds:2780, serverWinBounds:Rect(0, 0 - 1264, 2780), win=Window{ffbcd0e u0 com.android.launcher/com.android.launcher.Launcher}
06-19 11:02:23.699 V/WindowManager( 3284): Relayout Window{ffbcd0e u0 com.android.launcher/com.android.launcher.Launcher}: viewVisibility=0, oldvis=8, req=1264x2780, vsysui=LAYOUT_STABLE LAYOUT_HIDE_NAVIGATION LAYOUT_FULLSCREEN
06-19 11:02:23.699 I/WindowManager( 3284): Window{ffbcd0e u0 com.android.launcher/com.android.launcher.Launcher} state from NO_SURFACE to DRAW_PENDING; reason: resetDrawState
06-19 11:02:23.700 I/WindowManager( 3284): window surface saved sync finished win=Window{e21c479 u0 com.coloros.assistantscreen}
06-19 11:02:23.700 D/QuickBackInputPolicy( 3284): hasMultiChildrenInTask: false
06-19 11:02:23.700 D/WindowManager( 3284): NFW_findFocusedWindowIfNeeded:Window{ffbcd0e u0 com.android.launcher/com.android.launcher.Launcher} mCurrentFocus:null
06-19 11:02:23.701 D/QuickBackInputPolicy( 3284): hasMultiChildrenInTask: false
06-19 11:02:23.701 V/WindowManager( 3284): Changing focus from null to Window{ffbcd0e u0 com.android.launcher/com.android.launcher.Launcher},diplayid=0
06-19 11:02:23.701 D/VRR [OPlusRefreshRateService]( 3284): Receive multi scene changed eventId = 5 bundleList.size = 2
06-19 11:02:23.701 D/WindowManager( 3284): setFrameRateStart invalid typeId return!
06-19 11:02:23.702 D/WindowManager( 3284): setFrameRateStart invalid typeId return!
06-19 11:02:23.703 D/VRI[Launcher]( 5026): relayoutWindow result, sizeChanged:false, surfaceControlChanged:true, transformHintChanged:false, mSurfaceSize:Point(1264, 2780), mLastSurfaceSize:Point(1264, 2780), mWidth:1264, mHeight:2780, requestedWidth:1264, requestedHeight:2780, transformHint:0, installOrientation:0, displayRotation:0, isSurfaceValid:true, attr.flag:-2121203456, tmpFrames:ClientWindowFrames{frame=[0,0][1264,2780] display=[0,0][1264,2780] parentFrame=[0,0][0,0]}, relayoutAsync:false, mSyncSeqId:0
06-19 11:02:23.703 W/VRI[Launcher]( 5026): updateBlastSurfaceIfNeeded, surfaceSize:Point(1264, 2780), lastSurfaceSize:Point(1264, 2780), format:-2, blastBufferQueue:null
06-19 11:02:23.706 I/WindowManager( 3284): window surface saved sync finished win=Window{e21c479 u0 com.coloros.assistantscreen}
06-19 11:02:23.714 D/OplusBatteryServiceFeature( 3284): setSmartCoolDown: coolDown = 0, normalCoolDown = 0, pkgName = com.android.launcher
06-19 11:02:23.715 D/ActivityManager( 3284): sync unfroze 26762 com.coloros.alarmclock:clockWidget for 3
06-19 11:02:23.715 D/ActivityManager( 3284): reportOneUidFrozenStateChanged uid 10298 frozen = false
06-19 11:02:23.716 D/ActivityManager( 3284): Async freezing 26762 com.coloros.alarmclock:clockWidget
06-19 11:02:23.716 D/ActivityManager( 3284): Cancel freezing 26762 com.coloros.alarmclock:clockWidget
06-19 11:02:23.716 D/ActivityManager( 3284): Async freezing 26762 com.coloros.alarmclock:clockWidget
06-19 11:02:23.717 D/WindowManagerShell( 4707): setLauncherKeepClearAreaHeight: visible=true, height=294
06-19 11:02:23.719 D/ActivityManager( 3284): Cancel freezing 26762 com.coloros.alarmclock:clockWidget
06-19 11:02:23.720 D/OplusTransitionController( 3284): onSyncFinishedDrawing, Window{ffbcd0e u0 com.android.launcher/com.android.launcher.Launcher}
06-19 11:02:23.720 I/WindowManager( 3284): finishDrawing skipLayout:false,syncSeqId=0,mPrepareSyncSeqId=0 Window{ffbcd0e u0 com.android.launcher/com.android.launcher.Launcher} com.android.server.wm.WindowManagerService.finishDrawingWindow:3156 com.android.server.wm.Session.finishDrawing:385 android.view.IWindowSession$Stub.onTransact:824 
06-19 11:02:23.720 I/WindowManager( 3284): Window{ffbcd0e u0 com.android.launcher/com.android.launcher.Launcher} state from DRAW_PENDING to COMMIT_DRAW_PENDING; reason: finishDrawingLocked
06-19 11:02:23.720 D/OplusTransitionAnimationManager( 3284): skipFinishDrawingIfNeed clientRotation=0, currentRotation=0, hasFixedRotationApp=false, requestedOrientation=5, win=Window{ffbcd0e u0 com.android.launcher/com.android.launcher.Launcher}, activity=ActivityRecord{1fabc9b u0 com.android.launcher/.Launcher t2}, currentConfig={1.0 ??mcc??mnc [zh_CN] ldltr sw361dp w361dp h794dp 560dpi nrml long hdr widecg port finger -keyb/v/h -nav/h winConfig={ mBounds=Rect(0, 0 - 1264, 2780) mAppBounds=Rect(0, 0 - 1264, 2780) mMaxBounds=Rect(0, 0 - 1264, 2780) mDisplayRotation=ROTATION_0 mWindowingMode=fullscreen mActivityType=home mAlwaysOnTop=undefined mRotation=ROTATION_0} s.78 fontWeightAdjustment=0mThemeChanged= 0, mThemeChangedFlags= 0, mFlipFont= 0, mScenario= 0, mAccessibleChanged= -1, mUxIconConfig= 3470610514986926112, mMaterialColor= 0, mUserId= 0, mFontUserId= 0, mFontVariationSettings= 226, mFoldingAngle = -1.0, mIconPackName= , mDarkModeBackgroundMaxL= 0.0, mDarkModeDialogBgMaxL= 27.0, mDarkModeForegroundMinL= 100.0, mOplusConfigType= 1, mOplusChangedConfigs= 0, OpSans= -1, mBurmeseFontFlag= 2, mFlag= 0, mExtraFlag= 0, mFlexibleActivitySuitable= -1, mPuttDisplayFlag= -1}
06-19 11:02:23.722 D/WindowManager( 3284): NFW_setClientVisible:WallpaperWindowToken{da20ac token=android.os.Binder@fa5f75d showWhenLocked=false} clientVisible:true
06-19 11:02:23.723 I/WindowManager( 3284): Window{ffbcd0e u0 com.android.launcher/com.android.launcher.Launcher} state from COMMIT_DRAW_PENDING to READY_TO_SHOW; reason: commitFinishDrawingLocked
06-19 11:02:23.723 D/ActivityTaskManager( 3284): Clearing startingData for activity=ActivityRecord{1fabc9b u0 com.android.launcher/.Launcher t2} mStartingData=null mStartingSurface=null
06-19 11:02:23.723 D/AppWidgetHostView( 5026): inflateAsync(rvToApply), appWidgetId: 4
06-19 11:02:23.723 I/WindowManager( 3284): window surface saved sync finished win=Window{e21c479 u0 com.coloros.assistantscreen}
06-19 11:02:23.723 D/ActivityTaskManager( 3284): commitVisibility: ActivityRecord{1fabc9b u0 com.android.launcher/.Launcher t2}: visible=true visibleRequested=true, isInTransition=true, runningAnimation=true 
06-19 11:02:23.723 D/ActivityTaskManager( 3284): Clearing startingData for activity=ActivityRecord{1fabc9b u0 com.android.launcher/.Launcher t2} mStartingData=null mStartingSurface=null
06-19 11:02:23.724 I/WindowManager( 3284): Window{ffbcd0e u0 com.android.launcher/com.android.launcher.Launcher} state from READY_TO_SHOW to HAS_DRAWN; reason: performShowLocked
06-19 11:02:23.724 E/OplusAppQuickStart_AppQuickStartController( 3284): not start from launcher transition:TransitionRecord{9a1e8c3 id=911 track=0 type=CLOSE flags=0x0 state=1}
06-19 11:02:23.724 D/Transition( 3284): collectOrderChanges onTopTasksEnd: [Task{17cf68d #1 type=home}, Task{f8a2413 #2 type=undefined I=com.android.launcher/.Launcher}], reportedOnTop:null, mOnTopTasksStart: [Task{516a72 #95 type=standard A=10030:com.cgangel.screen_translate}], TDA child: [Task{a8e0fe #3 type=undefined}, Task{376e823 #77 type=standard A=10346:com.getsurfboard}, Task{9234ed7 #91 type=standard A=10380:jp.co.fanzagames.lilyange}, Task{516a72 #95 type=standard A=10030:com.cgangel.screen_translate}, Task{17cf68d #1 type=home}]
06-19 11:02:23.724 D/Transition( 3284): collectOrderChanges **mParticipants add task: Task{f8a2413 #2 type=undefined I=com.android.launcher/.Launcher}
06-19 11:02:23.724 D/Transition( 3284): collectOrderChanges **mParticipants add task: Task{17cf68d #1 type=home}
06-19 11:02:23.724 D/OplusFlexibleActivityTransitionManager( 3284): fixTransitType type result:2, targets: [Task{17cf68d #1 type=home}, Task{516a72 #95 type=standard A=10030:com.cgangel.screen_translate}, WallpaperWindowToken{da20ac token=android.os.Binder@fa5f75d showWhenLocked=false}]
06-19 11:02:23.725 D/OplusTransitionAnimationManager( 3284): activityRecordCount0fullScreenArBeHindStartingWindow null
06-19 11:02:23.725 D/OplusTransitionAnimationManager( 3284): activityRecordCount0fullScreenArBeHindStartingWindow null
06-19 11:02:23.725 D/OplusTransitionAnimationManager( 3284): activityRecordCount0fullScreenArBeHindStartingWindow null
06-19 11:02:23.725 D/OplusTransitionAnimationManager( 3284): markLaunchFromDriveIfNeed: isFromDrive = false
06-19 11:02:23.725 D/OplusTransitionAnimationManager( 3284): markLaunchFromDriveIfNeed: isFromDrive = false
06-19 11:02:23.726 D/QuickBackInputPolicy( 3284): resetInputInterceptState for remoteTransition: false
06-19 11:02:23.726 D/OplusTransitionController( 3284): onTransactionReady, transition: 911, 
06-19 11:02:23.726 D/OplusTransitionController( 3284):  info: {id=911 t=CLOSE f=0x0 trk=0 r=[0@Point(0, 0)] c=[{WCT{RemoteToken{8184d54 Task{17cf68d #1 type=home}}} m=TO_FRONT f=SHOW_WALLPAPER|MOVE_TO_TOP leash=Surface(name=Task=1)/@0xce0b4fd sb=Rect(0, 0 - 1264, 2780) eb=Rect(0, 0 - 1264, 2780) d=0 taskParent=-1},{WCT{RemoteToken{edc4c5d Task{516a72 #95 type=standard A=10030:com.cgangel.screen_translate}}} m=CLOSE f=NONE leash=Surface(name=Task=95)/@0x31ff11e sb=Rect(0, 0 - 1264, 2780) eb=Rect(0, 0 - 1264, 2780) d=0 taskParent=-1},{null m=TO_FRONT f=IS_WALLPAPER leash=Surface(name=WallpaperWindowToken{da20ac token=android.os.Binder@fa5f75d showWhenLocked=false})/@0x22ae294 sb=Rect(0, 0 - 1264, 2780) eb=Rect(0, 0 - 1264, 2780) d=0}] extendInfo=[OplusTransitionExtendedInfo{mTmpFinishT=null, mInOplusCompatMode=false, mIsProcessRunning=false, mHasMismatchBoundsTarget=false, mRecentsController=null, mIsTranslucentActivityToHome=false, mAvoidInterceptKeyEventToHome=false, mIsFromHome=false, mParentLeash=null, mIsOplusAnimRes=false, mIsFromOverlay=false, mIsBalAllow=false, mTaskNotInRecent=false, mIsLaunchFromSpruce=false, mIsLaunchFromDrive=false, mAssistScreenShowing=false, mUserIdTransition=0, mInRemoteScene=false, mInPreReady=false, mPreStart=false, mToken=null, mShellApplyToken=null, mRequestTransitionTaskId=95, mAbortTransitionOnShell=0, mTaskIdStartFromRecents=0, mTransitionId=911, mFoldChangeType=-1, mAnimStartingPosition=[0, 0, 0, 0], mIsOpeningStkDialogActivity=false, mIsNeedApplyStartTForEmbedded=false}]}, 
06-19 11:02:23.726 D/OplusTransitionController( 3284):  targets : [Task{17cf68d #1 type=home}, Task{516a72 #95 type=standard A=10030:com.cgangel.screen_translate}, WallpaperWindowToken{da20ac token=android.os.Binder@fa5f75d showWhenLocked=false}], 
06-19 11:02:23.726 D/OplusTransitionController( 3284):  participants: {Task{516a72 #95 type=standard A=10030:com.cgangel.screen_translate}, WallpaperWindowToken{da20ac token=android.os.Binder@fa5f75d showWhenLocked=false}, Task{17cf68d #1 type=home}, ActivityRecord{1fabc9b u0 com.android.launcher/.Launcher t2}, ActivityRecord{4412dd4 u0 com.cgangel.screen_translate/.MainActivity t95 f} isExiting}, Task{f8a2413 #2 type=undefined I=com.android.launcher/.Launcher}}, 
06-19 11:02:23.726 D/OplusTransitionController( 3284):  playings:[TransitionRecord{9a1e8c3 id=911 track=0 type=CLOSE flags=0x0 state=2}]
06-19 11:02:23.727 W/WindowManager( 3284): captureTaskSnapshot mSnapshotMode= 0 source=Task{516a72 #95 type=standard A=10030:com.cgangel.screen_translate}
06-19 11:02:23.727 D/DisplayManagerServiceExtImpl( 3284): scheduleTraversalLocked intraversal=false
06-19 11:02:23.727 D/TaskSnapshotControllerExtImpl( 3284): createTaskSnapshot isCompatMode:false, isCompactWindow:false
06-19 11:02:23.727 W/AbsAppSnapshotControllerExtImpl( 3284): updateExcludeLayers, addExcludeLayerList is null or empty, return excludeLayers
06-19 11:02:23.728 V/WindowManagerShell( 4707): onTransitionReady(transaction=14104672857356)
06-19 11:02:23.728 V/WindowManagerShell( 4707): onTransitionReady (#911) android.os.BinderProxy@427d20a: {id=911 t=CLOSE f=0x0 trk=0 r=[0@Point(0, 0)] c=[{WCT{android.window.IWindowContainerToken$Stub$Proxy@3d3ce44} m=TO_FRONT f=SHOW_WALLPAPER|MOVE_TO_TOP leash=Surface(name=Task=1)/@0xadf4098 sb=Rect(0, 0 - 1264, 2780) eb=Rect(0, 0 - 1264, 2780) d=0 taskParent=-1},{WCT{android.window.IWindowContainerToken$Stub$Proxy@69fbb2d} m=CLOSE f=NONE leash=Surface(name=Task=95)/@0x44d00f1 sb=Rect(0, 0 - 1264, 2780) eb=Rect(0, 0 - 1264, 2780) d=0 taskParent=-1},{null m=TO_FRONT f=IS_WALLPAPER leash=Surface(name=WallpaperWindowToken{da20ac token=android.os.Binder@fa5f75d showWhenLocked=false})/@0x67904d6 sb=Rect(0, 0 - 1264, 2780) eb=Rect(0, 0 - 1264, 2780) d=0}] extendInfo=[OplusTransitionExtendedInfo{mTmpFinishT=null, mInOplusCompatMode=false, mIsProcessRunning=false, mHasMismatchBoundsTarget=false, mRecentsController=null, mIsTranslucentActivityToHome=false, mAvoidInterceptKeyEventToHome=false, mIsFromHome=false, mParentLeash=null, mIsOplusAnimRes=false, mIsFromOverlay=false, mIsBalAllow=false, mTaskNotInRecent=false, mIsLaunchFromSpruce=false, mIsLaunchFromDrive=false, mAssistScreenShowing=false, mUserIdTransition=0, mInRemoteScene=false, mInPreReady=false, mPreStart=false, mToken=null, mShellApplyToken=null, mRequestTransitionTaskId=95, mAbortTransitionOnShell=0, mTaskIdStartFromRecents=0, mTransitionId=911, mFoldChangeType=-1, mAnimStartingPosition=[0, 0, 0, 0], mIsOpeningStkDialogActivity=false, mIsNeedApplyStartTForEmbedded=false}]}
06-19 11:02:23.728 V/WindowManagerShell( 4707): Playing animation for (#911) android.os.BinderProxy@427d20a@0
06-19 11:02:23.728 V/WindowManagerShell( 4707):  try handler com.android.wm.shell.transition.DefaultMixedHandler@6421847
06-19 11:02:23.728 V/WindowManagerShell( 4707):  try handler com.android.wm.shell.keyguard.KeyguardTransitionHandler@b742874
06-19 11:02:23.728 V/WindowManagerShell( 4707):  try handler com.android.wm.shell.activityembedding.ActivityEmbeddingController@c08ae9
06-19 11:02:23.728 V/WindowManagerShell( 4707):  try handler com.android.wm.shell.recents.RecentsTransitionHandler@584536e
06-19 11:02:23.728 V/ShellRecents( 4707): RecentsTransitionHandler.startAnimation: no controller found
06-19 11:02:23.728 V/WindowManagerShell( 4707):  try handler com.oplus.zoom.transition.ZoomTransitionController@fd73a0f
06-19 11:02:23.728 V/WindowManagerShell( 4707):  try handler com.android.wm.shell.pip.PipTransition@8ee7a9c
06-19 11:02:23.728 V/WindowManagerShell( 4707):  try handler com.android.wm.shell.splitscreen.StageCoordinator@78deca5
06-19 11:02:23.728 V/WindowManagerShell( 4707):  try handler com.oplus.flexibleactivity.FlexibleActivityTransitionHandler@226387a
06-19 11:02:23.728 V/WindowManagerShell( 4707):  try handler com.android.wm.shell.flexiblewindow.FlexibleWindowTransitionHandler@7d7682b
06-19 11:02:23.728 V/WindowManagerShell( 4707):  try handler OnePuttTransitionHandler
06-19 11:02:23.728 V/WindowManagerShell( 4707):  try handler com.android.wm.shell.flexibletask.FlexibleTaskTransitionHandler@3625c07
06-19 11:02:23.728 V/WindowManagerShell( 4707):  try handler com.android.wm.shell.transition.RemoteTransitionHandler@6fb2cb8
06-19 11:02:23.728 V/WindowManagerShell( 4707): Transition doesn't have explicit remote, search filters for match for {id=911 t=CLOSE f=0x0 trk=0 r=[0@Point(0, 0)] c=[{WCT{android.window.IWindowContainerToken$Stub$Proxy@3d3ce44} m=TO_FRONT f=SHOW_WALLPAPER|MOVE_TO_TOP leash=Surface(name=Task=1)/@0xadf4098 sb=Rect(0, 0 - 1264, 2780) eb=Rect(0, 0 - 1264, 2780) d=0 taskParent=-1},{WCT{android.window.IWindowContainerToken$Stub$Proxy@69fbb2d} m=CLOSE f=NONE leash=Surface(name=Task=95)/@0x44d00f1 sb=Rect(0, 0 - 1264, 2780) eb=Rect(0, 0 - 1264, 2780) d=0 taskParent=-1},{null m=TO_FRONT f=IS_WALLPAPER leash=Surface(name=WallpaperWindowToken{da20ac token=android.os.Binder@fa5f75d showWhenLocked=false})/@0x67904d6 sb=Rect(0, 0 - 1264, 2780) eb=Rect(0, 0 - 1264, 2780) d=0}] extendInfo=[OplusTransitionExtendedInfo{mTmpFinishT=null, mInOplusCompatMode=false, mIsProcessRunning=false, mHasMismatchBoundsTarget=false, mRecentsController=null, mIsTranslucentActivityToHome=false, mAvoidInterceptKeyEventToHome=false, mIsFromHome=false, mParentLeash=null, mIsOplusAnimRes=false, mIsFromOverlay=false, mIsBalAllow=false, mTaskNotInRecent=false, mIsLaunchFromSpruce=false, mIsLaunchFromDrive=false, mAssistScreenShowing=false, mUserIdTransition=0, mInRemoteScene=false, mInPreReady=false, mPreStart=false, mToken=null, mShellApplyToken=null, mRequestTransitionTaskId=95, mAbortTransitionOnShell=0, mTaskIdStartFromRecents=0, mTransitionId=911, mFoldChangeType=-1, mAnimStartingPosition=[0, 0, 0, 0], mIsOpeningStkDialogActivity=false, mIsNeedApplyStartTForEmbedded=false}]}
06-19 11:02:23.729 V/WindowManagerShell( 4707):  Checking filter Pair{{types=[] flags=0x0] notFlags=0x100 checks=[{atype=home independent=true modes=[OPEN,TO_FRONT] flags=NONE mustBeTask=false order=TOP topActivity=ComponentInfo{com.android.launcher/com.android.launcher.Launcher} launchCookie=null},{atype=standard independent=true modes=[CLOSE,TO_BACK] flags=NONE mustBeTask=false order=ANY topActivity=null launchCookie=null}]} RemoteTransition { remoteTransition = android.window.IRemoteTransition$Stub$Proxy@d743500, recentAnimRunner = null, appThread = android.app.IApplicationThread$Stub$Proxy@a0c139, debugName = QuickstepLaunchHome }}
06-19 11:02:23.729 D/RemoteTransitionHandler( 4707): Found filterPair{{types=[] flags=0x0] notFlags=0x100 checks=[{atype=home independent=true modes=[OPEN,TO_FRONT] flags=NONE mustBeTask=false order=TOP topActivity=ComponentInfo{com.android.launcher/com.android.launcher.Launcher} launchCookie=null},{atype=standard independent=true modes=[CLOSE,TO_BACK] flags=NONE mustBeTask=false order=ANY topActivity=null launchCookie=null}]} RemoteTransition { remoteTransition = android.window.IRemoteTransition$Stub$Proxy@d743500, recentAnimRunner = null, appThread = android.app.IApplicationThread$Stub$Proxy@a0c139, debugName = QuickstepLaunchHome }}
06-19 11:02:23.729 V/WindowManagerShell( 4707):  Delegate animation for (#911) to RemoteTransition { remoteTransition = android.window.IRemoteTransition$Stub$Proxy@d743500, recentAnimRunner = null, appThread = android.app.IApplicationThread$Stub$Proxy@a0c139, debugName = QuickstepLaunchHome }
06-19 11:02:23.735 D/TaskSnapshotCache( 3284): putSnapshot mRunningCache top= ActivityRecord{4412dd4 u0 com.cgangel.screen_translate/.MainActivity t95 f} isExiting}, mTaskId=95, snapshot=TaskSnapshot{ mId=1781838143727 mCaptureTime=403457693956130 mTopActivityComponent=com.cgangel.screen_translate/.MainActivity mSnapshot=android.hardware.HardwareBuffer@658e56c (1264x2780) mColorSpace=sRGB IEC61966-2.1 (id=0, model=RGB) mOrientation=1 mRotation=0 mTaskSize=Point(1264, 2780) mOplusCompatMode=false mTopActivityBounds=[0,0][1264,2780] mHasDimLayer=false mContentInsets=[0,140][0,0] mLetterboxInsets=[0,0][0,0] mIsLowResolution=false mIsRealSnapshot=true mWindowingMode=1 mAppearance=536 mIsTranslucent=false mHasImeSurface=false mInternalReferences=2 mUiMode=11, mAppIdMap size= 3
06-19 11:02:23.735 I/ActivityManager( 3284): Death received, pid = 0, processName = com.cgangel.screen_translate for thread android.os.BinderProxy@2b05f6
06-19 11:02:23.735 D/AutofillSession( 3284): handling death of Token{7453ec3 ActivityRecord{4412dd4 u0 com.cgangel.screen_translate/.MainActivity t95 f} isExiting}} when saving=false
06-19 11:02:23.736 V/SessionExtImpl( 3284): isOplusAutofillService(): remoteServiceComponentName = ComponentInfo{com.coloros.codebook/com.coloros.codebook.book.CodeBookService}
06-19 11:02:23.736 V/AutofillSession( 3284): forceRemoveFromServiceLocked(): null
06-19 11:02:23.736 V/AutofillSession( 3284): removeFromServiceLocked(1571963030): null
06-19 11:02:23.736 V/AutofillSession( 3284): destroyLocked for session: 1571963030
06-19 11:02:23.736 V/AutofillSession( 3284): logAllEvents(1571963030): commitReason: 5
06-19 11:02:23.736 W/FillRequestEventLogger( 3284): Shouldn't be logging AutofillFillRequestReported again for same event
06-19 11:02:23.736 W/FillResponseEventLogger( 3284): Shouldn't be logging AutofillFillRequestReported again for same event
06-19 11:02:23.736 W/PresentationStatsEventLogger( 3284): Shouldn't be logging AutofillPresentationEventReported again for same event
06-19 11:02:23.736 V/SaveEventLogger( 3284): Log AutofillSaveEventReported: requestId=352 sessionId=1571963030 mAppPackageUid=10030 mSaveUiTriggerIds=1 mFlag=1 mIsNewField=false mSaveUiShownReason=1 mSaveUiNotShownReason=0 mSaveButtonClicked=false mCancelButtonClicked=false mDialogDismissed=false mIsSaved=false mLatencySaveUiDisplayMillis=-9223372036854775808 mLatencySaveRequestMillis=-9223372036854775808 mLatencySaveFinishMillis=-9223372036854775808 mIsFrameworkCreatedSaveInfo=false mServiceUid=10159
06-19 11:02:23.736 V/SessionCommittedEventLogger( 3284): Log AutofillSessionCommitted: sessionId=1571963030 mComponentPackageUid=10030 mRequestCount=1 mCommitReason=5 mSessionDurationMillis=338506 mServiceUid=10159 mSaveInfoCount=-1 mSaveDataTypeCount=-1 mLastFillResponseHasSaveInfo=false
06-19 11:02:23.736 D/AutofillSession( 3284): clearPendingIntentLocked
06-19 11:02:23.736 V/ActivityManager( 3284): Got obituary of 8934:com.cgangel.screen_translate
06-19 11:02:23.736 V/AutofillSession( 3284): destroyLocked(): logging 1 requests
06-19 11:02:23.736 V/RemoteInlineSuggestionRenderService( 3284): handlePendingRequest(): com.android.internal.infra.AbstractRemoteService$MyAsyncPendingRequest@748c735
06-19 11:02:23.736 W/ActivityManager( 3284): pid 3284 system sent binder code 17 with flags 1 to frozen apps and got error -32
06-19 11:02:23.736 I/ServiceConnector.Impl( 3284): unbindJobThread: connection = ServiceConnector@526(Intent { act=android.service.autofill.AutofillService cmp=com.coloros.codebook/.book.CodeBookService mCallingUid=1000 }, user: 0)[Unbinding...]service = null mBinding = false
06-19 11:02:23.736 E/ServiceConnector.Impl( 3284): Failed to unbind: java.lang.IllegalArgumentException: Service not registered: ServiceConnector@526(Intent { act=android.service.autofill.AutofillService cmp=com.coloros.codebook/.book.CodeBookService mCallingUid=1000 }, user: 0)[Unbinding...]
06-19 11:02:23.736 I/ServiceConnector.Impl( 3284): unbindJobThread: connection = ServiceConnector@35(Intent { act=android.service.autofill.AutofillService cmp=com.android.credentialmanager/.autofill.CredentialAutofillService }, user: 0)[Unbinding...]service = null mBinding = false
06-19 11:02:23.736 E/ServiceConnector.Impl( 3284): Failed to unbind: java.lang.IllegalArgumentException: Service not registered: ServiceConnector@35(Intent { act=android.service.autofill.AutofillService cmp=com.android.credentialmanager/.autofill.CredentialAutofillService }, user: 0)[Unbinding...]
06-19 11:02:23.736 E/AutofillSession( 3284): Error notifying client to finish session
06-19 11:02:23.736 E/AutofillSession( 3284): android.os.DeadObjectException
06-19 11:02:23.736 E/AutofillSession( 3284): 	at android.os.BinderProxy.transactNative(Native Method)
06-19 11:02:23.736 E/AutofillSession( 3284): 	at android.os.BinderProxy.transact(BinderProxy.java:679)
06-19 11:02:23.736 E/AutofillSession( 3284): 	at android.view.autofill.IAutoFillManagerClient$Stub$Proxy.setSessionFinished(IAutoFillManagerClient.java:800)
06-19 11:02:23.736 E/AutofillSession( 3284): 	at com.android.server.autofill.Session.forceRemoveFromServiceLocked(Session.java:6948)
06-19 11:02:23.736 E/AutofillSession( 3284): 	at com.android.server.autofill.Session.forceRemoveFromServiceLocked(Session.java:6924)
06-19 11:02:23.736 E/AutofillSession( 3284): 	at com.android.server.autofill.Session.lambda$setClientLocked$0(Session.java:1698)
06-19 11:02:23.736 E/AutofillSession( 3284): 	at com.android.server.autofill.Session.$r8$lambda$aoiAlfqcqd3BR8Cp8JNfrlRKwO4(Unknown Source:0)
06-19 11:02:23.736 E/AutofillSession( 3284): 	at com.android.server.autofill.Session$$ExternalSyntheticLambda9.binderDied(D8$$SyntheticClass:0)
06-19 11:02:23.736 E/AutofillSession( 3284): 	at android.os.IBinder$DeathRecipient.binderDied(IBinder.java:333)
06-19 11:02:23.736 E/AutofillSession( 3284): 	at android.os.BinderProxy.sendDeathNotice(BinderProxy.java:831)
06-19 11:02:23.736 D/DisplayManagerService( 3284): performTraversalInternal pendingTraversal
06-19 11:02:23.736 D/DisplayDevice( 3284): setLayerStackLocked id=local:4630946694713414275 token=android.os.BinderProxy@d45c2f9 stack=0->0
06-19 11:02:23.737 W/ActivityManager( 3284): pid 22458 received async transactions while frozen
06-19 11:02:23.737 I/TaskOrganizerController( 3284): onTaskInfoChanged taskid 1 config { mBounds=Rect(0, 0 - 1264, 2780) mAppBounds=Rect(0, 0 - 1264, 2780) mMaxBounds=Rect(0, 0 - 1264, 2780) mDisplayRotation=ROTATION_0 mWindowingMode=fullscreen mActivityType=home mAlwaysOnTop=undefined mRotation=ROTATION_0}
06-19 11:02:23.737 D/OplusVisibleTasks( 3284):  notifyTasksNumChange no need to notify.
06-19 11:02:23.737 D/OplusFlexibleDragToSplitAnimController( 3284): visibleFlexibleTaskInfos delete:1
06-19 11:02:23.737 E/FlexibleWindowManagerService( 3284): notifyTaskObserverToAttachController not need to notify!
06-19 11:02:23.737 I/FlexibleWindowManagerService( 3284): onFlexibleWindowTaskInfoChanged, return for cur task not embedded
06-19 11:02:23.737 D/AutofillUI( 3284): destroySaveUiUiThread(): already destroyed
06-19 11:02:23.737 D/AutofillUI( 3284): destroySaveUiUiThread(): already destroyed
06-19 11:02:23.737 V/AutofillUI( 3284): hideSaveUiUiThread(): mSaveUi=null, callback=Session: [id=1571963030, component=ComponentInfo{com.cgangel.screen_translate/com.cgangel.screen_translate.MainActivity}, state=STATE_REMOVED], mCallback=Session: [id=1571963030, component=ComponentInfo{com.cgangel.screen_translate/com.cgangel.screen_translate.MainActivity}, state=STATE_REMOVED]
06-19 11:02:23.737 D/AutofillUI( 3284): destroySaveUiUiThread(): already destroyed
06-19 11:02:23.738 I/BLASTSyncEngine( 3284): onCommitted syncId: 911, timeout: falseran: false
06-19 11:02:23.739 D/LocalDisplayAdapter( 3284): setDesiredDisplayModeSpecsAsync: display unique id = local:4630946694713414275, display mode specs = defaultMode=0 allowGroupSwitching=false primaryRanges=physical: (0.0 120.0) render:  (0.0 120.0) appRequestRanges=physical: (0.0 120.0) render:  (0.0 120.0) idleScreenRefreshRate=null
06-19 11:02:23.739 V/RemoteInlineSuggestionRenderService( 3284): not scheduling unbind when value is 0
06-19 11:02:23.740 V/WindowManagerShell( 4707):  animated by com.android.wm.shell.transition.RemoteTransitionHandler@6fb2cb8
06-19 11:02:23.741 I/WindowManager( 3284): WIN DEATH: Window{2d206cf u0 com.cgangel.screen_translate/com.cgangel.screen_translate.MainActivity}
06-19 11:02:23.741 D/SnapshotCache( 3284): removeRunningEntry id: 95, callers=com.android.server.wm.SnapshotCache.onAppDied:90 com.android.server.wm.AbsAppSnapshotController.onAppDied:719 com.android.server.wm.SnapshotController.onAppDied:78 
06-19 11:02:23.742 D/QuickBackInputPolicy( 3284): hasMultiChildrenInTask: false
06-19 11:02:23.742 D/WindowManager( 3284): NFW_findFocusedWindowIfNeeded:Window{ffbcd0e u0 com.android.launcher/com.android.launcher.Launcher} mCurrentFocus:Window{ffbcd0e u0 com.android.launcher/com.android.launcher.Launcher}
06-19 11:02:23.743 D/DisplayManagerService( 3284): performTraversalInternal pendingTraversal
06-19 11:02:23.743 D/DisplayDevice( 3284): setLayerStackLocked id=local:4630946694713414275 token=android.os.BinderProxy@d45c2f9 stack=0->0
06-19 11:02:23.746 D/ActivityManager( 3284): Async freezing 26762 com.coloros.alarmclock:clockWidget
06-19 11:02:23.747 I/VibrationEffectConvertor( 3284): onInputMethodListUpdated received, info.size = 4
06-19 11:02:23.747 I/VibrationEffectConvertor( 3284): userid = 0, packageName = com.sohu.inputmethod.sogouoem
06-19 11:02:23.747 I/VibrationEffectConvertor( 3284): userid = 0, packageName = com.baidu.input_oppo
06-19 11:02:23.747 I/VibrationEffectConvertor( 3284): userid = 0, packageName = com.baidu.input_huawei
06-19 11:02:23.747 I/VibrationEffectConvertor( 3284): userid = 0, packageName = com.oplus.securitykeyboard
06-19 11:02:23.749 V/WindowManager( 3284): Unknown focus tokens, dropping reportFocusChanged
06-19 11:02:23.749 I/DisplayDeviceRepository( 3284): Display device changed render timings: "内置屏幕", renderFrameRate=120.00001, presentationDeadlineNanos=13333333, appVsyncOffsetNanos=1000000
06-19 11:02:23.749 D/LogicalDisplayExt( 3284): set displayInfo flag FLAG_ROTATES_WITH_CONTENT
06-19 11:02:23.749 D/OplusWallpaperAnimationManager( 3284): cancelSurfaceAnimation reason: play_animation, isAnimating: false, by window: Window{ffbcd0e u0 com.android.launcher/com.android.launcher.Launcher}
06-19 11:02:23.749 D/OplusWallpaperAnimationManager( 3284): startScaleAnimation frame: Rect(0, 0 - 1264, 2780) parentFrame: Rect(0, 0 - 1264, 2780) from: 1.2 to: 1.0 duration: 1000 mTargetZoom: -1.0 targetZoom: -1.0 by window: Window{ffbcd0e u0 com.android.launcher/com.android.launcher.Launcher}
06-19 11:02:23.750 D/OplusWallpaperSurfaceAnimation( 3284): setAnimationState curState: INITIALIZED
06-19 11:02:23.750 D/OplusWallpaperAnimationManager( 3284): onAnimationStart
06-19 11:02:23.750 D/OplusWallpaperAnimationManager( 3284): setSkipUpdateWallpaperPosition skip: true, wallpaper: Window{39f82ad u0 false com.android.systemui.wallpapers.ImageWallpaper}
06-19 11:02:23.750 D/OplusWallpaperSurfaceAnimation( 3284): setAnimationState curState: STARTED
06-19 11:02:23.750 W/ActivityManager( 3284): pid 12631 com.baidu.input_oppo sent binder code 9 with flags 1 to frozen apps and got error -32
06-19 11:02:23.750 D/ActivityManager( 3284): Too many transaction errors, throttling freezer binder callback.
06-19 11:02:23.751 W/UserManagerService( 3284): Requested status bar icon for non-badged user 0
06-19 11:02:23.753 D/InputMethodManagerService( 3284): isSecurity: attribute.packageName = com.android.launcher mCurMethodId = com.baidu.input_oppo/.ImeService isSecurity = false ( enable = true needShow = false inBlackList = false isExist = true )
06-19 11:02:23.755 W/ActivityManager( 3284): pid 3284 system sent binder code 5 with flags 1 to frozen apps and got error -32
06-19 11:02:23.755 D/ActivityManager( 3284): Too many transaction errors, throttling freezer binder callback.
06-19 11:02:23.755 W/WindowManager( 3284): Failed to deliver hideInsets
06-19 11:02:23.755 W/WindowManager( 3284): android.os.DeadObjectException
06-19 11:02:23.755 W/WindowManager( 3284): 	at android.os.BinderProxy.transactNative(Native Method)
06-19 11:02:23.755 W/WindowManager( 3284): 	at android.os.BinderProxy.transact(BinderProxy.java:679)
06-19 11:02:23.755 W/WindowManager( 3284): 	at android.view.IWindow$Stub$Proxy.hideInsets(IWindow.java:582)
06-19 11:02:23.755 W/WindowManager( 3284): 	at com.android.server.wm.WindowState.hideInsets(WindowState.java:4517)
06-19 11:02:23.755 W/WindowManager( 3284): 	at com.android.server.wm.WindowManagerService$LocalService.hideIme(WindowManagerService.java:9137)
06-19 11:02:23.755 W/WindowManager( 3284): 	at com.android.server.inputmethod.DefaultImeVisibilityApplier.applyImeVisibility(DefaultImeVisibilityApplier.java:191)
06-19 11:02:23.755 W/WindowManager( 3284): 	at com.android.server.inputmethod.DefaultImeVisibilityApplier.applyImeVisibility(DefaultImeVisibilityApplier.java:162)
06-19 11:02:23.755 W/WindowManager( 3284): 	at com.android.server.inputmethod.InputMethodManagerService.applyImeVisibility(InputMethodManagerService.java:4862)
06-19 11:02:23.755 W/WindowManager( 3284): 	at com.android.server.inputmethod.InputMethodManagerService.-$$Nest$mapplyImeVisibility(Unknown Source:0)
06-19 11:02:23.755 W/WindowManager( 3284): 	at com.android.server.inputmethod.InputMethodManagerService$InputMethodPrivilegedOperationsImpl.applyImeVisibilityAsync(InputMethodManagerService.java:7184)
06-19 11:02:23.755 W/WindowManager( 3284): 	at com.android.internal.inputmethod.IInputMethodPrivilegedOperations$Stub.onTransact(IInputMethodPrivilegedOperations.java:340)
06-19 11:02:23.755 W/WindowManager( 3284): 	at android.os.Binder.execTransactInternal(Binder.java:1523)
06-19 11:02:23.755 W/WindowManager( 3284): 	at android.os.Binder.execTransact(Binder.java:1457)
06-19 11:02:23.756 D/DisplayManagerServiceExtImpl( 3284): scheduleTraversalLocked intraversal=false
06-19 11:02:23.756 I/DisplayManagerServiceExtImpl( 3284): handle logical display changed logicalDisplay=id=0,stack=0,content=true,displayInfo{stack=0,type=1,id=0,uId=local:4630946694713414275,state=ON,pkg=null}
06-19 11:02:23.757 D/WindowManager( 3284): setFrameRateStart invalid typeId return!
06-19 11:02:23.757 D/DisplayManagerService( 3284): performTraversalInternal pendingTraversal
06-19 11:02:23.757 D/DisplayDevice( 3284): setLayerStackLocked id=local:4630946694713414275 token=android.os.BinderProxy@d45c2f9 stack=0->0
06-19 11:02:23.758 D/DisplayManagerService( 3284): MSG_REQUEST_TRAVERSAL pendingCompleted=false
06-19 11:02:23.761 W/ActivityManager( 3284): pid 3284 system sent binder code 3 with flags 1 to frozen apps and got error -32
06-19 11:02:23.761 D/ActivityManager( 3284): Too many transaction errors, throttling freezer binder callback.
06-19 11:02:23.761 W/WindowManager( 3284): Failed to deliver inset control state change to w=Window{2d206cf u0 com.cgangel.screen_translate/com.cgangel.screen_translate.MainActivity EXITING}
06-19 11:02:23.761 W/WindowManager( 3284): android.os.DeadObjectException
06-19 11:02:23.761 W/WindowManager( 3284): 	at android.os.BinderProxy.transactNative(Native Method)
06-19 11:02:23.761 W/WindowManager( 3284): 	at android.os.BinderProxy.transact(BinderProxy.java:679)
06-19 11:02:23.761 W/WindowManager( 3284): 	at android.view.IWindow$Stub$Proxy.insetsControlChanged(IWindow.java:540)
06-19 11:02:23.761 W/WindowManager( 3284): 	at com.android.server.wm.WindowState.notifyInsetsControlChanged(WindowState.java:4485)
06-19 11:02:23.761 W/WindowManager( 3284): 	at com.android.server.wm.InsetsStateController.lambda$notifyPendingInsetsControlChanged$3(InsetsStateController.java:414)
06-19 11:02:23.761 W/WindowManager( 3284): 	at com.android.server.wm.InsetsStateController.$r8$lambda$MnP7XA1MDcyrUwoj0hcoT5hTO8E(Unknown Source:0)
06-19 11:02:23.761 W/WindowManager( 3284): 	at com.android.server.wm.InsetsStateController$$ExternalSyntheticLambda0.run(D8$$SyntheticClass:0)
06-19 11:02:23.761 W/WindowManager( 3284): 	at com.android.server.wm.WindowAnimator.executeAfterPrepareSurfacesRunnables(WindowAnimator.java:327)
06-19 11:02:23.761 W/WindowManager( 3284): 	at com.android.server.wm.WindowAnimator.animate(WindowAnimator.java:220)
06-19 11:02:23.761 W/WindowManager( 3284): 	at com.android.server.wm.WindowAnimator.lambda$new$1(WindowAnimator.java:107)
06-19 11:02:23.761 W/WindowManager( 3284): 	at com.android.server.wm.WindowAnimator.$r8$lambda$AS_wbK9i-bc6ocCFop7s9PnXP80(Unknown Source:0)
