06-19 11:02:24.038 D/OplusTransitionController( 3284): finishTransition, transition: TransitionRecord{9a1e8c3 id=911 track=0 type=CLOSE flags=0x0 state=4}
06-19 11:02:24.041 I/ActivityManager( 3284): Start proc 11932:com.oplus.crashbox/1000 for service {com.oplus.crashbox/com.oplus.crashbox.ExceptionMonitorService}
06-19 11:02:24.043 D/FlexibleTaskTransitionController( 3284):  finishTransition pendingRecentToFlexibleTask:null,isRotationTransition:false ,pendingRecentToFlexible:null ,transition:TransitionRecord{9a1e8c3 id=911 track=0 type=CLOSE flags=0x0 state=4}
06-19 11:02:24.043 D/RefreshRate( 3284): ***** request traversal for refresh rate change, reason is highTempRefreshRateChanged: false, windowRefreshRateChanged: true, flexibleWindowStateChanged: false, has float/zoom window *****
06-19 11:02:24.043 W/UserAwareMgr( 3284): event can not be released, id: 5001, count: 2, releasePid: 3284
06-19 11:02:24.043 W/UserAwareMgr( 3284): event can not be released, id: 5005, count: 2, releasePid: 3284
06-19 11:02:24.043 D/ShellTaskOrganizer( 4707): onTransitionFinish, isRecent:false
06-19 11:02:24.043 V/WindowManagerShell( 4707): Playing animation for (#912) android.os.BinderProxy@36fffc8@0
06-19 11:02:24.043 V/WindowManagerShell( 4707):  try handler com.android.wm.shell.transition.DefaultMixedHandler@6421847
06-19 11:02:24.043 V/WindowManagerShell( 4707):  try handler com.android.wm.shell.keyguard.KeyguardTransitionHandler@b742874
06-19 11:02:24.043 V/WindowManagerShell( 4707):  try handler com.android.wm.shell.activityembedding.ActivityEmbeddingController@c08ae9
06-19 11:02:24.044 V/WindowManagerShell( 4707):  try handler com.android.wm.shell.recents.RecentsTransitionHandler@584536e
06-19 11:02:24.044 V/ShellRecents( 4707): RecentsTransitionHandler.startAnimation: no controller found
06-19 11:02:24.044 V/WindowManagerShell( 4707):  try handler com.oplus.zoom.transition.ZoomTransitionController@fd73a0f
06-19 11:02:24.044 V/WindowManagerShell( 4707):  try handler com.android.wm.shell.pip.PipTransition@8ee7a9c
06-19 11:02:24.044 V/WindowManagerShell( 4707):  try handler com.android.wm.shell.splitscreen.StageCoordinator@78deca5
06-19 11:02:24.044 V/WindowManagerShell( 4707):  try handler com.oplus.flexibleactivity.FlexibleActivityTransitionHandler@226387a
06-19 11:02:24.044 V/WindowManagerShell( 4707):  try handler com.android.wm.shell.flexiblewindow.FlexibleWindowTransitionHandler@7d7682b
06-19 11:02:24.044 V/WindowManagerShell( 4707):  try handler OnePuttTransitionHandler
06-19 11:02:24.044 V/WindowManagerShell( 4707):  try handler com.android.wm.shell.flexibletask.FlexibleTaskTransitionHandler@3625c07
06-19 11:02:24.044 V/WindowManagerShell( 4707):  try handler com.android.wm.shell.transition.RemoteTransitionHandler@6fb2cb8
06-19 11:02:24.044 V/WindowManagerShell( 4707): Transition doesn't have explicit remote, search filters for match for {id=912 t=OPEN f=0x0 trk=0 r=[0@Point(0, 0)] c=[{WCT{android.window.IWindowContainerToken$Stub$Proxy@9e384b} m=OPEN f=NONE leash=Surface(name=Task=96)/@0x9763e3c sb=Rect(0, 0 - 1264, 2780) eb=Rect(0, 0 - 1264, 2780) d=0 taskParent=-1},{WCT{android.window.IWindowContainerToken$Stub$Proxy@d870228} m=TO_BACK f=SHOW_WALLPAPER leash=Surface(name=Task=1)/@0xcb6f7c5 sb=Rect(0, 0 - 1264, 2780) eb=Rect(0, 0 - 1264, 2780) d=0 taskParent=-1}] extendInfo=[OplusTransitionExtendedInfo{mTmpFinishT=null, mInOplusCompatMode=false, mIsProcessRunning=false, mHasMismatchBoundsTarget=false, mRecentsController=null, mIsTranslucentActivityToHome=false, mAvoidInterceptKeyEventToHome=false, mIsFromHome=false, mParentLeash=null, mIsOplusAnimRes=false, mIsFromOverlay=false, mIsBalAllow=true, mTaskNotInRecent=false, mIsLaunchFromSpruce=false, mIsLaunchFromDrive=false, mAssistScreenShowing=false, mUserIdTransition=0, mInRemoteScene=false, mInPreReady=false, mPreStart=false, mToken=null, mShellApplyToken=null, mRequestTransitionTaskId=96, mAbortTransitionOnShell=0, mTaskIdStartFromRecents=0, mTransitionId=912, mFoldChangeType=-1, mAnimStartingPosition=[0, 0, 0, 0], mIsOpeningStkDialogActivity=false, mIsNeedApplyStartTForEmbedded=false}]}
06-19 11:02:24.044 V/WindowManagerShell( 4707):  Checking filter Pair{{types=[] flags=0x0] notFlags=0x100 checks=[{atype=home independent=true modes=[OPEN,TO_FRONT] flags=NONE mustBeTask=false order=TOP topActivity=ComponentInfo{com.android.launcher/com.android.launcher.Launcher} launchCookie=null},{atype=standard independent=true modes=[CLOSE,TO_BACK] flags=NONE mustBeTask=false order=ANY topActivity=null launchCookie=null}]} RemoteTransition { remoteTransition = android.window.IRemoteTransition$Stub$Proxy@d743500, recentAnimRunner = null, appThread = android.app.IApplicationThread$Stub$Proxy@a0c139, debugName = QuickstepLaunchHome }}
06-19 11:02:24.044 V/WindowManagerShell( 4707):  Delegate animation for (#912) to null
06-19 11:02:24.044 V/WindowManagerShell( 4707):  try handler com.android.wm.shell.transition.DefaultTransitionHandler@d558134
06-19 11:02:24.044 V/WindowManagerShell( 4707): start default transition animation, info = {id=912 t=OPEN f=0x0 trk=0 r=[0@Point(0, 0)] c=[{WCT{android.window.IWindowContainerToken$Stub$Proxy@9e384b} m=OPEN f=NONE leash=Surface(name=Task=96)/@0x9763e3c sb=Rect(0, 0 - 1264, 2780) eb=Rect(0, 0 - 1264, 2780) d=0 taskParent=-1},{WCT{android.window.IWindowContainerToken$Stub$Proxy@d870228} m=TO_BACK f=SHOW_WALLPAPER leash=Surface(name=Task=1)/@0xcb6f7c5 sb=Rect(0, 0 - 1264, 2780) eb=Rect(0, 0 - 1264, 2780) d=0 taskParent=-1}] extendInfo=[OplusTransitionExtendedInfo{mTmpFinishT=null, mInOplusCompatMode=false, mIsProcessRunning=false, mHasMismatchBoundsTarget=false, mRecentsController=null, mIsTranslucentActivityToHome=false, mAvoidInterceptKeyEventToHome=false, mIsFromHome=false, mParentLeash=null, mIsOplusAnimRes=false, mIsFromOverlay=false, mIsBalAllow=true, mTaskNotInRecent=false, mIsLaunchFromSpruce=false, mIsLaunchFromDrive=false, mAssistScreenShowing=false, mUserIdTransition=0, mInRemoteScene=false, mInPreReady=false, mPreStart=false, mToken=null, mShellApplyToken=null, mRequestTransitionTaskId=96, mAbortTransitionOnShell=0, mTaskIdStartFromRecents=0, mTransitionId=912, mFoldChangeType=-1, mAnimStartingPosition=[0, 0, 0, 0], mIsOpeningStkDialogActivity=false, mIsNeedApplyStartTForEmbedded=false}]}
06-19 11:02:24.044 D/OplusFlexibleWindowMinimizedManagerHelper( 3284): onTaskVanished taskInfo:95 task:Task{516a72 #95 type=standard A=10030:com.cgangel.screen_translate}
06-19 11:02:24.044 D/OplusFlexibleDragToSplitAnimController( 3284): visibleFlexibleTaskInfos delete:95
06-19 11:02:24.044 D/FlexibleTaskController( 3284): no need releaseFlexibleCaptionView or destroyFlexibleDragLeash when non-caption-view-task vanished, task=Task{516a72 #95 type=standard A=10030:com.cgangel.screen_translate}
06-19 11:02:24.045 D/FlexibleWindowManagerService( 3284): notifyFlexibleTaskVanish taskId : 95 is not taskEmbedded
06-19 11:02:24.045 D/FlexibleWindowManagerService( 3284): onFlexibleWindowTaskVanished: task = 95,size:0
06-19 11:02:24.045 D/OplusFlexibleWindowMinimizedManagerHelper( 3284): onTaskVanished taskInfo:95 task:Task{516a72 #95 type=standard A=10030:com.cgangel.screen_translate}
06-19 11:02:24.045 D/OplusFlexibleDragToSplitAnimController( 3284): visibleFlexibleTaskInfos delete:95
06-19 11:02:24.045 D/FlexibleTaskController( 3284): no need releaseFlexibleCaptionView or destroyFlexibleDragLeash when non-caption-view-task vanished, task=Task{516a72 #95 type=standard A=10030:com.cgangel.screen_translate}
06-19 11:02:24.045 D/FlexibleWindowManagerService( 3284): notifyFlexibleTaskVanish taskId : 95 is not taskEmbedded
06-19 11:02:24.045 D/FlexibleWindowManagerService( 3284): onFlexibleWindowTaskVanished: task = 95,size:0
06-19 11:02:24.045 V/WindowManagerShell( 4707): loadAnimation: anim=android.view.animation.AnimationSet@ee3ae6c animAttr=0x13 type=OPEN isEntrance=false
06-19 11:02:24.046 V/WindowManagerShell( 4707): loadAnimation: anim=android.view.animation.AnimationSet@5934558 animAttr=0x12 type=OPEN isEntrance=true
06-19 11:02:24.047 W/ActivityManager( 3284): Slow operation: 52ms so far, now at startProcess: done updating pids map
06-19 11:02:24.047 V/WindowManagerShell( 4707):  animated by com.android.wm.shell.transition.DefaultTransitionHandler@d558134
06-19 11:02:24.047 D/WindowManager( 3284): rotation(ROTATION_0) no changed  displayId = 0, lastOrientation = -1
06-19 11:02:24.048 D/FlexibleSeekBarManager( 4707): removeAlpha for taskId=95
06-19 11:02:24.050 I/OplusStatusBarManagerServiceEnhance( 3284):  getTopIsFullscreen mTopIsFullscreen: false
06-19 11:02:24.050 I/VibrationEffectConvertor( 3284): onInputMethodListUpdated received, info.size = 4
06-19 11:02:24.050 I/VibrationEffectConvertor( 3284): userid = 0, packageName = com.sohu.inputmethod.sogouoem
06-19 11:02:24.050 I/VibrationEffectConvertor( 3284): userid = 0, packageName = com.baidu.input_oppo
06-19 11:02:24.050 I/VibrationEffectConvertor( 3284): userid = 0, packageName = com.baidu.input_huawei
06-19 11:02:24.050 I/VibrationEffectConvertor( 3284): userid = 0, packageName = com.oplus.securitykeyboard
06-19 11:02:24.051 I/BLASTSyncEngine( 3284): onCommitted syncId: 912, timeout: falseran: false
06-19 11:02:24.052 D/ActivityTaskManager( 3284): Skipping, invisible task: Task{f8a2413 #2 type=undefined I=com.android.launcher/.Launcher}
06-19 11:02:24.052 D/ActivityTaskManager( 3284): pre-Filtered:com.cgangel.screen_translate # jp.co.fanzagames.lilyange # com.getsurfboard # 
06-19 11:02:24.052 D/ActivityTaskManager( 3284): after skip size 3
06-19 11:02:24.054 D/NotificationService--OplusNotificationManagerServiceExtImpl( 3284): isForwardToAssistants: true, case : Is local notification
06-19 11:02:24.054 D/NotificationService( 3284): This application enqueue notifications is need postDelayed mcsAssistantDelayTime: 50
06-19 11:02:24.067 W/UserManagerService( 3284): Requested status bar icon for non-badged user 0
06-19 11:02:24.071 W/ActivityManager( 3284): Slow operation: 74ms so far, now at startProcess: returned from zygote!
06-19 11:02:24.072 W/ActivityManager( 3284): Slow operation: 75ms so far, now at startProcess: done updating battery stats
06-19 11:02:24.072 W/ActivityManager( 3284): Slow operation: 75ms so far, now at startProcess: building log message
06-19 11:02:24.072 I/ActivityManager( 3284): Start proc 11934:com.cgangel.screen_translate/u0a30 for next-top-activity {com.cgangel.screen_translate/com.cgangel.screen_translate.MainActivity}
06-19 11:02:24.072 W/ActivityManager( 3284): Slow operation: 75ms so far, now at startProcess: starting to update pids map
06-19 11:02:24.073 W/ActivityManager( 3284): Slow operation: 76ms so far, now at startProcess: done updating pids map
06-19 11:02:24.073 I/OPM     ( 3284): handleProcessStart : ProcessRecord{305e28c 11934:com.cgangel.screen_translate/u0a30}
06-19 11:02:24.073 W/UserManagerService( 3284): Requested status bar icon for non-badged user 0
06-19 11:02:24.091 W/UserManagerService( 3284): Requested status bar icon for non-badged user 0
06-19 11:02:24.118 D/ActivityTaskManager( 3284): Skipping, invisible task: Task{f8a2413 #2 type=undefined I=com.android.launcher/.Launcher}
06-19 11:02:24.119 D/ActivityTaskManager( 3284): pre-Filtered:com.cgangel.screen_translate # jp.co.fanzagames.lilyange # com.getsurfboard # 
06-19 11:02:24.119 D/ActivityTaskManager( 3284): after skip size 3
06-19 11:02:24.121 D/ActivityTaskManagerServiceExtImpl( 3284): preBindApplication record is null
06-19 11:02:24.123 D/VRR [OPlusExternalRefreshRateManager]( 3284): isPkgTfcEnable: pkgName = com.oplus.crashbox, enable = false
06-19 11:02:24.123 D/VRR [OPlusExternalRefreshRateManager]( 3284): getTfcMinFramerate: pkgName = com.oplus.crashbox, min framerate = 0
06-19 11:02:24.139 D/VRR [OPlusExternalRefreshRateManager]( 3284): isPkgTfcEnable: pkgName = com.cgangel.screen_translate, enable = false
06-19 11:02:24.139 D/VRR [OPlusExternalRefreshRateManager]( 3284): getTfcMinFramerate: pkgName = com.cgangel.screen_translate, min framerate = 0
06-19 11:02:24.148 D/WindowManager( 3284): rotation(ROTATION_0) no changed  displayId = 0, lastOrientation = -1
06-19 11:02:24.148 I/TaskOrganizerController( 3284): onTaskInfoChanged taskid 96 config { mBounds=Rect(0, 0 - 1264, 2780) mAppBounds=Rect(0, 0 - 1264, 2780) mMaxBounds=Rect(0, 0 - 1264, 2780) mDisplayRotation=ROTATION_0 mWindowingMode=fullscreen mActivityType=standard mAlwaysOnTop=undefined mRotation=ROTATION_0}
06-19 11:02:24.149 D/OplusFlexibleDragToSplitAnimController( 3284): visibleFlexibleTaskInfos delete:96
06-19 11:02:24.149 E/FlexibleWindowManagerService( 3284): notifyTaskObserverToAttachController not need to notify!
06-19 11:02:24.149 I/FlexibleWindowManagerService( 3284): onFlexibleWindowTaskInfoChanged, return for cur task not embedded
06-19 11:02:24.149 D/OplusDexOptimizeManager( 3284): basepath == oldPackagePath! com.cgangel.screen_translate
06-19 11:02:24.150 D/OplusFeatureColorMode( 3284): ColorMode getColorMode =0
06-19 11:02:24.150 D/ColorDisplayServiceExtImpl( 3284): getWCGVersion1App, packageName=com.cgangel.screen_translate, sSupportWCG1 = true, sSupportWCG3 = false, nRet = 0
06-19 11:02:24.152 I/OPM     ( 3284): handlePackageLaunched pkg: com.cgangel.screen_translate, uid: 10030, pid: 11934
06-19 11:02:24.152 D/OPM     ( 3284): preload hitted!
06-19 11:02:24.152 I/UserAwareMgr( 3284): handleTopAppChanged: com.cgangel.screen_translate, pid: 11934, uid: 10030
06-19 11:02:24.152 D/ActivityTaskManager( 3284): onWindowFocusChanged Task{89dce3a #96 type=standard A=10030:com.cgangel.screen_translate} would transfer to compact
06-19 11:02:24.152 D/ActivityTaskManager( 3284): NFW_setLastResumedActivityUncheckLocked:true r:ActivityRecord{605a073 u0 com.cgangel.screen_translate/.MainActivity t96} currentFocus:null
06-19 11:02:24.153 D/WindowManager( 3284): NFW_findFocusedWindowIfNeeded:null mCurrentFocus:null
06-19 11:02:24.153 D/FlexibleTaskController( 3284): onTaskFocusChanged prevTask:Task{f8a2413 #2 type=undefined I=com.android.launcher/.Launcher} ,currentTask:Task{89dce3a #96 type=standard A=10030:com.cgangel.screen_translate}, reason: realStartActivityLocked - onActivityStateChanged
06-19 11:02:24.153 D/OplusFlexibleDCSManager( 3284): onNextPkgChanged pkg = com.cgangel.screen_translate
06-19 11:02:24.153 D/OplusVisibleTasks( 3284):  notifyTaskPositionChange no need.
06-19 11:02:24.154 I/OplusAppSwitchManagerService( 3284): appswitch hasProcess ActivityRecord{605a073 u0 com.cgangel.screen_translate/.MainActivity t96}
06-19 11:02:24.154 I/OplusJoystickManager( 3284): handleApplicationSwitch deprecated!
06-19 11:02:24.154 I/OplusAppSwitchManagerService( 3284): appswitch hasProcess ActivityRecord{605a073 u0 com.cgangel.screen_translate/.MainActivity t96}
06-19 11:02:24.156 D/OplusAppSwitchListener( 3284): App Activity Change
06-19 11:02:24.156 D/OplusAppSwitchListener( 3284): Detect com.android.launcher switch to background
06-19 11:02:24.156 D/OplusFeatureReduceBrightness( 3284): onAppExit , info = com.android.launcher
06-19 11:02:24.156 D/OplusAppSwitchListener( 3284): Detect com.cgangel.screen_translate switch to foreground
06-19 11:02:24.159 D/ORBrightnessMarvelsDataCollector( 3284): Runnable-MarvelsAppEnterInfo[2026-06-19 11:02:24,com.cgangel.screen_translate,60.12]
06-19 11:02:24.164 D/OplusKeepAliveManager( 3284): TOP_APP is ProcessRecord{305e28c 11934:com.cgangel.screen_translate/u0a30} uid is 10030
06-19 11:02:24.164 E/OplusThermalStats( 3284): Error getting package info: com.cgangel.screen_translate
06-19 11:02:24.165 D/OplusEapManager( 3284): mTargetExitName :com.android.launcher
06-19 11:02:24.165 D/OplusAppSwitchRuleInfo( 3284): generateAppEnterInfo - launch_source_type = null , launch_source_traceid = null
06-19 11:02:24.165 D/OplusAppSwitchRuleInfo( 3284): generateAppEnterInfo - launch_source_type = null , launch_source_traceid = null
06-19 11:02:24.165 D/OplusAppSwitchRuleInfo( 3284): generateAppEnterInfo - launch_source_type = null , launch_source_traceid = null
06-19 11:02:24.165 D/OplusAppSwitchRuleInfo( 3284): generateAppEnterInfo - launch_source_type = null , launch_source_traceid = null
06-19 11:02:24.165 D/OplusAppSwitchRuleInfo( 3284): generateAppEnterInfo - launch_source_type = null , launch_source_traceid = null
06-19 11:02:24.165 D/OplusAppSwitchRuleInfo( 3284): generateAppEnterInfo - launch_source_type = null , launch_source_traceid = null
06-19 11:02:24.165 D/OplusAppSwitchRuleInfo( 3284): generateAppEnterInfo - launch_source_type = null , launch_source_traceid = null
06-19 11:02:24.165 D/OplusAppSwitchRuleInfo( 3284): generateAppEnterInfo - launch_source_type = null , launch_source_traceid = null
06-19 11:02:24.165 D/OplusAppSwitchRuleInfo( 3284): generateAppEnterInfo - launch_source_type = null , launch_source_traceid = null
06-19 11:02:24.165 D/OplusAppSwitchRuleInfo( 3284): generateAppEnterInfo - launch_source_type = null , launch_source_traceid = null
06-19 11:02:24.165 D/OplusEapManager( 3284): mTargetEnterName :com.cgangel.screen_translate
06-19 11:02:24.165 D/VRR [OPlusFrontAppManager]( 3284): OnAppSwitchObserver: onAppEnter , info.targetName = com.cgangel.screen_translate
06-19 11:02:24.165 I/OPM     ( 3284): home scene change to false
06-19 11:02:24.170 D/VRR [OPlusRefreshRateService]( 3284):  setFrameRateTargetControl [ 0.0 , com.android.launcher , false , com.oplus.battery ]
06-19 11:02:24.170 D/VRR [OPlusExternalRefreshRateManager]( 3284):  [FRTC] FrameRate : 0 com.android.launcher false com.oplus.battery 0 1000
06-19 11:02:24.171 D/VRR [OPlusRefreshRateService]( 3284): handleFrontAppChange pkgName: com.cgangel.screen_translate
06-19 11:02:24.179 D/ResourcesManagerExtImpl(11934): applyConfigurationToAppResourcesLocked app.getDisplayId() return callback.displayId:-1
06-19 11:02:24.177 D/VRR [OPlusSAManager]( 3284): updateAutoMinfps with nits: 89.67349, mHistOK true, mAmbientOK true, mCctOK true, mIrOK true, mBrightnessOK true, isPkgOK true, SA min fps: 119
06-19 11:02:24.184 D/OplusBatteryServiceFeature( 3284): setSmartCoolDown: coolDown = 7, normalCoolDown = 7, pkgName = com.cgangel.screen_translate
06-19 11:02:24.185 I/ActivityManager( 3284): Flag disabled. Ignoring finishAttachApplication from uid: 10030. pid: 11934
06-19 11:02:24.190 D/ResourcesManagerExtImpl(11934): applyConfigurationToAppResourcesLocked app.getDisplayId() return callback.displayId:0
06-19 11:02:24.202 E/OplusCustomizeRestrictionManager(11934): sInstance is null, start a new sInstance
06-19 11:02:24.205 D/OplusInputMethodUtil(11934): init sDebug to false, init sDebugIme to false, init sAlwaysOn to false
06-19 11:02:24.205 D/OplusInputMethodUtil(11934): updateDebugToClass InputMethodManager.DEBUG = false
06-19 11:02:24.205 D/OplusInputMethodUtil(11934): updateDebugToClass ImeFocusController.DEBUG = false
06-19 11:02:24.205 D/OplusInputMethodUtil(11934): updateDebugToClass InsetsController.DEBUG = false
06-19 11:02:24.205 D/OplusInputMethodUtil(11934): updateDebugToClass BaseInputConnection.DEBUG = false
06-19 11:02:24.217 D/OplusBatteryServiceFeature( 3284): setSmartCoolDown: coolDown = 7, normalCoolDown = 7, pkgName = com.cgangel.screen_translate
06-19 11:02:24.226 D/ActivityThread(11934): ComponentInfo{com.cgangel.screen_translate/com.cgangel.screen_translate.MainActivity} checkFinished=false 2
06-19 11:02:24.226 D/ResourcesManagerExtImpl(11934): applyConfigurationToAppResourcesLocked app.getDisplayId() return callback.displayId:0
06-19 11:02:24.233 W/UserAwareMgr( 3284): process owner is not matched: 10, threadName: RenderThread, pid: 11934,tid=11976,owner=fg1
06-19 11:02:24.240 I/WindowManager( 3284): addWindow: New client android.os.BinderProxy@163e781 : window=Window{6d91026 u0 com.cgangel.screen_translate/com.cgangel.screen_translate.MainActivity}
06-19 11:02:24.242 D/ResourcesManagerExtImpl(11934): applyConfigurationToAppResourcesLocked app.getDisplayId() return callback.displayId:0
06-19 11:02:24.242 I/TaskOrganizerController( 3284): onTaskInfoChanged taskid 1 config { mBounds=Rect(0, 0 - 1264, 2780) mAppBounds=Rect(0, 0 - 1264, 2780) mMaxBounds=Rect(0, 0 - 1264, 2780) mDisplayRotation=ROTATION_0 mWindowingMode=fullscreen mActivityType=home mAlwaysOnTop=undefined mRotation=ROTATION_0}
06-19 11:02:24.243 D/OplusFlexibleDragToSplitAnimController( 3284): visibleFlexibleTaskInfos delete:1
06-19 11:02:24.243 E/FlexibleWindowManagerService( 3284): notifyTaskObserverToAttachController not need to notify!
06-19 11:02:24.243 I/FlexibleWindowManagerService( 3284): onFlexibleWindowTaskInfoChanged, return for cur task not embedded
06-19 11:02:24.243 I/TaskOrganizerController( 3284): onTaskInfoChanged taskid 96 config { mBounds=Rect(0, 0 - 1264, 2780) mAppBounds=Rect(0, 0 - 1264, 2780) mMaxBounds=Rect(0, 0 - 1264, 2780) mDisplayRotation=ROTATION_0 mWindowingMode=fullscreen mActivityType=standard mAlwaysOnTop=undefined mRotation=ROTATION_0}
06-19 11:02:24.243 D/OplusFlexibleDragToSplitAnimController( 3284): visibleFlexibleTaskInfos delete:96
06-19 11:02:24.243 E/FlexibleWindowManagerService( 3284): notifyTaskObserverToAttachController not need to notify!
06-19 11:02:24.243 I/FlexibleWindowManagerService( 3284): onFlexibleWindowTaskInfoChanged, return for cur task not embedded
06-19 11:02:24.245 D/CoreBackPreview( 3284): Window{6d91026 u0 com.cgangel.screen_translate/com.cgangel.screen_translate.MainActivity}: Setting back callback OnBackInvokedCallbackInfo{mCallback=android.window.IOnBackInvokedCallback$Stub$Proxy@eb608b2, mPriority=0, mIsAnimationCallback=false}
06-19 11:02:24.256 D/WindowManagerServiceExtImpl( 3284): extractConfigInfoAndRealFlags rotation=0, screenDp=0, residentWS:0, scenario:0, bounds:2780, serverWinBounds:Rect(0, 0 - 1264, 2780), win=Window{6d91026 u0 com.cgangel.screen_translate/com.cgangel.screen_translate.MainActivity}
06-19 11:02:24.256 V/WindowManager( 3284): Relayout Window{6d91026 u0 com.cgangel.screen_translate/com.cgangel.screen_translate.MainActivity}: viewVisibility=0, oldvis=4, req=1264x2780, vsysui=LIGHT_STATUS_BAR, x=0, y=0
06-19 11:02:24.256 I/WindowManager( 3284): Window{6d91026 u0 com.cgangel.screen_translate/com.cgangel.screen_translate.MainActivity} state from NO_SURFACE to DRAW_PENDING; reason: resetDrawState
06-19 11:02:24.260 I/TaskOrganizerController( 3284): onTaskInfoChanged taskid 96 config { mBounds=Rect(0, 0 - 1264, 2780) mAppBounds=Rect(0, 0 - 1264, 2780) mMaxBounds=Rect(0, 0 - 1264, 2780) mDisplayRotation=ROTATION_0 mWindowingMode=fullscreen mActivityType=standard mAlwaysOnTop=undefined mRotation=ROTATION_0}
06-19 11:02:24.260 D/OplusFlexibleDragToSplitAnimController( 3284): visibleFlexibleTaskInfos delete:96
06-19 11:02:24.260 E/FlexibleWindowManagerService( 3284): notifyTaskObserverToAttachController not need to notify!
06-19 11:02:24.260 I/FlexibleWindowManagerService( 3284): onFlexibleWindowTaskInfoChanged, return for cur task not embedded
06-19 11:02:24.261 D/WindowManager( 3284): NFW_findFocusedWindowIfNeeded:Window{6d91026 u0 com.cgangel.screen_translate/com.cgangel.screen_translate.MainActivity} mCurrentFocus:null
06-19 11:02:24.261 V/WindowManager( 3284): Changing focus from null to Window{6d91026 u0 com.cgangel.screen_translate/com.cgangel.screen_translate.MainActivity},diplayid=0
06-19 11:02:24.261 D/VRR [OPlusRefreshRateService]( 3284): Receive multi scene changed eventId = 5 bundleList.size = 2
06-19 11:02:24.262 D/WindowManager( 3284): setFrameRateStart invalid typeId return!
06-19 11:02:24.262 D/WindowManager( 3284): setFrameRateStart invalid typeId return!
06-19 11:02:24.263 D/VRI[MainActivity](11934): relayoutWindow result, sizeChanged:true, surfaceControlChanged:true, transformHintChanged:false, mSurfaceSize:Point(1264, 2780), mLastSurfaceSize:Point(0, 0), mWidth:-1, mHeight:-1, requestedWidth:1264, requestedHeight:2780, transformHint:0, installOrientation:0, displayRotation:0, isSurfaceValid:true, attr.flag:-2122252032, tmpFrames:ClientWindowFrames{frame=[0,0][1264,2780] display=[0,0][1264,2780] parentFrame=[0,0][0,0]}, relayoutAsync:false, mSyncSeqId:0
06-19 11:02:24.264 W/VRI[MainActivity](11934): updateBlastSurfaceIfNeeded, surfaceSize:Point(1264, 2780), lastSurfaceSize:Point(0, 0), format:-1, blastBufferQueue:null
06-19 11:02:24.274 V/AutofillManagerServiceImpl( 3284): startSession(): token=Token{ae2aaeb ActivityRecord{605a073 u0 com.cgangel.screen_translate/.MainActivity t96}}, flags=80, forAugmentedAutofillOnly=false
06-19 11:02:24.276 V/AutofillSession( 3284): Primary service component name: ComponentInfo{com.coloros.codebook/com.coloros.codebook.book.CodeBookService}, secondary service component name: ComponentInfo{com.android.credentialmanager/com.android.credentialmanager.autofill.CredentialAutofillService}
06-19 11:02:24.276 V/SecondaryProviderHandler( 3284): Creating a secondary provider handler with component name, ComponentInfo{com.android.credentialmanager/com.android.credentialmanager.autofill.CredentialAutofillService}
06-19 11:02:24.278 V/AutofillSession( 3284): updateLocked(1251762158): id=0@1251762158, action=START_SESSION, flags=80
06-19 11:02:24.278 V/AutofillSession( 3284): updateLocked(1251762158): mCurrentViewId=null, mExpiredResponse=false, viewState=null
06-19 11:02:24.278 V/AutofillSession( 3284): Creating viewState for 0@1251762158
06-19 11:02:24.278 V/AutofillManagerServiceImpl( 3284): pccEnabled: false
06-19 11:02:24.278 D/RequestId( 3284): nextId(): requestId = 354
06-19 11:02:24.278 V/AutofillSession( 3284): Requesting structure for request #1 ,requestId=354, flags=80
06-19 11:02:24.278 V/AutofillManagerServiceImpl( 3284): pccEnabled: false
06-19 11:02:24.284 W/UserAwareMgr( 3284): process owner is not matched: 10, threadName: HwUiTask, pid: 11934,tid=11994,owner=fg1
06-19 11:02:24.284 W/UserAwareMgr( 3284): process owner is not matched: 10, threadName: HwUiTask, pid: 11934,tid=11999,owner=fg1
06-19 11:02:24.291 V/AutofillSession( 3284): updateLocked(1251762158): id=1073741830@1251762158, action=VALUE_CHANGED, flags=0
06-19 11:02:24.291 V/AutofillSession( 3284): updateLocked(1251762158): mCurrentViewId=0@1251762158, mExpiredResponse=false, viewState=null
06-19 11:02:24.291 V/AutofillSession( 3284): Creating viewState for 1073741830@1251762158
06-19 11:02:24.292 I/WindowManager( 3284): Window{6d91026 u0 com.cgangel.screen_translate/com.cgangel.screen_translate.MainActivity} state from DRAW_PENDING to COMMIT_DRAW_PENDING; reason: finishDrawingLocked
06-19 11:02:24.293 D/OplusTransitionAnimationManager( 3284): skipFinishDrawingIfNeed clientRotation=0, currentRotation=0, hasFixedRotationApp=false, requestedOrientation=-1, win=Window{6d91026 u0 com.cgangel.screen_translate/com.cgangel.screen_translate.MainActivity}, activity=ActivityRecord{605a073 u0 com.cgangel.screen_translate/.MainActivity t96}, currentConfig={1.0 ??mcc??mnc [zh_CN] ldltr sw361dp w361dp h794dp 560dpi nrml long hdr widecg port finger -keyb/v/h -nav/h winConfig={ mBounds=Rect(0, 0 - 1264, 2780) mAppBounds=Rect(0, 0 - 1264, 2780) mMaxBounds=Rect(0, 0 - 1264, 2780) mDisplayRotation=ROTATION_0 mWindowingMode=fullscreen mActivityType=standard mAlwaysOnTop=undefined mRotation=ROTATION_0} s.2 fontWeightAdjustment=0mThemeChanged= 0, mThemeChangedFlags= 0, mFlipFont= 0, mScenario= 0, mAccessibleChanged= -1, mUxIconConfig= 3470610514986926112, mMaterialColor= 0, mUserId= 0, mFontUserId= 0, mFontVariationSettings= 226, mFoldingAngle = -1.0, mIconPackName= , mDarkModeBackgroundMaxL= 0.0, mDarkModeDialogBgMaxL= 27.0, mDarkModeForegroundMinL= 100.0, mOplusConfigType= 1, mOplusChangedConfigs= 0, OpSans= -1, mBurmeseFontFlag= 2, mFlag= 0, mExtraFlag= 0, mFlexibleActivitySuitable= -1, mPuttDisplayFlag= -1}
06-19 11:02:24.294 W/VRI[MainActivity](11934): handleResized, msg:, frameChanged:false, configChanged:false, displayChanged:false, attachedFrameChanged:false, compatScaleChanged:false, pendingDragResizing=false
06-19 11:02:24.296 I/WindowManager( 3284): Window{6d91026 u0 com.cgangel.screen_translate/com.cgangel.screen_translate.MainActivity} state from COMMIT_DRAW_PENDING to READY_TO_SHOW; reason: commitFinishDrawingLocked
06-19 11:02:24.296 D/ActivityTaskManager( 3284): Finish StartingWindow: ActivityRecord{605a073 u0 com.cgangel.screen_translate/.MainActivity t96}first real window is shown
06-19 11:02:24.296 D/ActivityTaskManager( 3284): removeStartingWindowAnimation starting ActivityRecord{605a073 u0 com.cgangel.screen_translate/.MainActivity t96} startingWindow=null ,startingView=com.android.server.wm.StartingSurfaceController$StartingSurface@c9ca844,Callers=com.android.server.wm.ActivityRecord.removeStartingWindow:3588 com.android.server.wm.ActivityRecord.onFirstWindowDrawn:8641 com.android.server.wm.WindowState.performShowLocked:5126 com.android.server.wm.WindowStateAnimator.commitFinishDrawingLocked:349 com.android.server.wm.DisplayContent.lambda$new$8:1141 
06-19 11:02:24.296 D/OplusStartingWindowManager( 3284): interceptRemoveStartingWindow: packageName=com.cgangel.screen_translate,  componentName=com.cgangel.screen_translate/.MainActivity, isSnapshot=false, startingSurfaceRunnable=null, isDrawCompleted=false, hasSurfaceView=false, inTransition=true
06-19 11:02:24.297 D/OplusSplitScreenManagerService( 3284): notifyRemoveStartingWindow mOplusSpiltScreenDnDUI is null, just return!
06-19 11:02:24.297 D/OplusStartingWindowManager( 3284): interceptRemoveStartingWindow: hasSplashWindowFlag() return false for activity=ActivityRecord{605a073 u0 com.cgangel.screen_translate/.MainActivity t96}
06-19 11:02:24.297 D/WindowManager( 3284): setFrameRateStart invalid typeId return!
06-19 11:02:24.298 I/iopgp   ( 5103): Iopgp: TRANSACTION_IOPGP_ON_ACTIVITY_LAUNCH_FINISHED sequence_id = 82 timestamp_nanos = 162844640157564
06-19 11:02:24.300 D/QuickBackInputPolicy( 3284): setAppLaunchEndTime update timePair=Pair{ActivityRecord{605a073 u0 com.cgangel.screen_translate/.MainActivity t96} 162844642}
06-19 11:02:24.300 I/WindowManager( 3284): Window{6d91026 u0 com.cgangel.screen_translate/com.cgangel.screen_translate.MainActivity} state from READY_TO_SHOW to HAS_DRAWN; reason: performShowLocked
06-19 11:02:24.301 I/OPM     ( 3284): handleNotifyLaunchTime : com.cgangel.screen_translate, :299
06-19 11:02:24.301 I/OPM     ( 3284): ColdLaunch! record LaunchDur
06-19 11:02:24.302 V/AutofillSession( 3284): New structure for requestId 354: android.app.assist.AssistStructure@d15cf29
06-19 11:02:24.303 V/SessionExtImpl( 3284): isOplusAutofillService(): remoteServiceComponentName = ComponentInfo{com.coloros.codebook/com.coloros.codebook.book.CodeBookService}
06-19 11:02:24.303 V/AutofillManagerServiceImpl( 3284): pccEnabled: false
06-19 11:02:24.303 D/AutofillSession( 3284): createPendingIntent for request 354
06-19 11:02:24.304 V/SessionExtImpl( 3284): isOplusAutofillService(): remoteServiceComponentName = ComponentInfo{com.coloros.codebook/com.coloros.codebook.book.CodeBookService}
06-19 11:02:24.304 V/RemoteFillService( 3284): onFillRequest:FillRequest { id = 354, fillContexts = [FillContext [reqId=354, focusedId=0@1251762158]], hints = [], clientState = Bundle[{OPLUS_AUTOFILL_FILL_REQUEST_REASON=0}], flags = [FLAG_VIEW_NOT_FOCUSED, FLAG_SUPPORTS_FILL_DIALOG], inlineSuggestionsRequest = null, delayedFillIntentSender = IntentSender{a1de2ae: PendingIntentRecord{a5eb84f android broadcastIntent}} }
06-19 11:02:24.304 V/FillRequestEventLogger( 3284): Log AutofillFillRequestReported: requestId=354 sessionId=1251762158 mAutofillServiceUid=10159 mInlineSuggestionHostUid=-1 mIsAugmented=false mIsClientSuggestionFallback=false mIsFillDialogEligible=true mRequestTriggerReason=3 mFlags=80 mLatencyFillRequestSentMillis=26 mAppPackageUid=10030
06-19 11:02:24.308 D/OplusTransitionAnimationManager( 3284): skipFinishDrawingIfNeed clientRotation=0, currentRotation=0, hasFixedRotationApp=false, requestedOrientation=-1, win=Window{6d91026 u0 com.cgangel.screen_translate/com.cgangel.screen_translate.MainActivity}, activity=ActivityRecord{605a073 u0 com.cgangel.screen_translate/.MainActivity t96}, currentConfig={1.0 ??mcc??mnc [zh_CN] ldltr sw361dp w361dp h794dp 560dpi nrml long hdr widecg port finger -keyb/v/h -nav/h winConfig={ mBounds=Rect(0, 0 - 1264, 2780) mAppBounds=Rect(0, 0 - 1264, 2780) mMaxBounds=Rect(0, 0 - 1264, 2780) mDisplayRotation=ROTATION_0 mWindowingMode=fullscreen mActivityType=standard mAlwaysOnTop=undefined mRotation=ROTATION_0} s.2 fontWeightAdjustment=0mThemeChanged= 0, mThemeChangedFlags= 0, mFlipFont= 0, mScenario= 0, mAccessibleChanged= -1, mUxIconConfig= 3470610514986926112, mMaterialColor= 0, mUserId= 0, mFontUserId= 0, mFontVariationSettings= 226, mFoldingAngle = -1.0, mIconPackName= , mDarkModeBackgroundMaxL= 0.0, mDarkModeDialogBgMaxL= 27.0, mDarkModeForegroundMinL= 100.0, mOplusConfigType= 1, mOplusChangedConfigs= 0, OpSans= -1, mBurmeseFontFlag= 2, mFlag= 0, mExtraFlag= 0, mFlexibleActivitySuitable= -1, mPuttDisplayFlag= -1}
06-19 11:02:24.314 D/OplusAthenaAm( 3284): cancel: timeout
06-19 11:02:24.314 D/InputMethodManagerService( 3284): isSecurity: attribute.packageName = com.cgangel.screen_translate mCurMethodId = com.baidu.input_oppo/.ImeService isSecurity = false ( enable = true needShow = false inBlackList = false isExist = true )
06-19 11:02:24.323 D/WindowManager( 3284): setFrameRateStart invalid typeId return!
06-19 11:02:24.323 D/VRR [OPlusSAManager]( 3284): updateAutoMinfps with nits: 89.67349, mHistOK true, mAmbientOK true, mCctOK true, mIrOK true, mBrightnessOK true, isPkgOK true, SA min fps: 119
06-19 11:02:24.324 D/VRR [OPlusSurfaceFlingerController]( 3284): setAutoMode enable: true fakeFrame: true fps: 119
06-19 11:02:24.327 W/PackageManager( 3284): package com.oplus.crashbox uid 1000 pid 11932 call SetEnabledSetting(com.oplus.crashbox component = androidx.work.impl.background.systemjob.SystemJobService, 1, 0)
06-19 11:02:24.329 I/OplusAppSwitchManagerService( 3284): appswitch registerAppSwitchObserver pName = com@@coloros@@codebook_192768799 observer = com.oplus.app.IOplusAppSwitchObserver$Stub$Proxy@47998a4 config = OplusAppSwitchConfig = {  mConfigs = {1=[TOM@@cgangel@@screen_translate@@MainActivity]} observerFingerPrint = 211060299}
06-19 11:02:24.330 I/OplusAppSwitchStateDispatcher( 3284): registerAppSwitchObserver addDynamicListener OK, info = OplusAppSwitchRuleInfo = {  observer = com.oplus.app.IOplusAppSwitchObserver$Stub$Proxy@47998a4 observerFingerPrint = 211060299} rule size =0
06-19 11:02:24.339 V/WindowManagerShell( 4707): Transition animation finished (aborted=false), notifying core (#912) android.os.BinderProxy@36fffc8@0
06-19 11:02:24.339 D/SplitScreen-->AppLockManager( 4707): setStartFromSafeControl mStartFromSafeControl=false
06-19 11:02:24.340 D/Transition( 3284): finishTransition ar ActivityRecord{1fabc9b u0 com.android.launcher/.Launcher t2}, isVisibleRequested=false, state=PAUSED, visibleAtTransitionEndTokens={WallpaperWindowToken{da20ac token=android.os.Binder@fa5f75d showWhenLocked=false}, ActivityRecord{605a073 u0 com.cgangel.screen_translate/.MainActivity t96}}, this=TransitionRecord{20d06bc id=912 track=0 type=OPEN flags=0x0 state=2}
06-19 11:02:24.341 D/ActivityTaskManager( 3284): commitVisibility: ActivityRecord{1fabc9b u0 com.android.launcher/.Launcher t2}: visible=false visibleRequested=false, isInTransition=false, runningAnimation=false 
06-19 11:02:24.341 D/WindowManager( 3284): NFW_setClientVisible:ActivityRecord{1fabc9b u0 com.android.launcher/.Launcher t2} clientVisible:false
06-19 11:02:24.341 D/Transition( 3284): finishTransition ar ActivityRecord{605a073 u0 com.cgangel.screen_translate/.MainActivity t96}, isVisibleRequested=true, state=RESUMED, visibleAtTransitionEndTokens={WallpaperWindowToken{da20ac token=android.os.Binder@fa5f75d showWhenLocked=false}, ActivityRecord{605a073 u0 com.cgangel.screen_translate/.MainActivity t96}}, this=TransitionRecord{20d06bc id=912 track=0 type=OPEN flags=0x0 state=2}
06-19 11:02:24.341 D/WindowManager( 3284): NFW_setClientVisible:WallpaperWindowToken{da20ac token=android.os.Binder@fa5f75d showWhenLocked=false} clientVisible:false
06-19 11:02:24.341 I/OplusAppSwitchManagerService( 3284):  handleAppVisible , r = ActivityRecord{605a073 u0 com.cgangel.screen_translate/.MainActivity t96}
06-19 11:02:24.342 D/OplusTransitionController( 3284): finishTransition, transition: TransitionRecord{20d06bc id=912 track=0 type=OPEN flags=0x0 state=4}
06-19 11:02:24.342 D/FlexibleTaskTransitionController( 3284):  finishTransition pendingRecentToFlexibleTask:null,isRotationTransition:false ,pendingRecentToFlexible:null ,transition:TransitionRecord{20d06bc id=912 track=0 type=OPEN flags=0x0 state=4}
06-19 11:02:24.342 D/RefreshRate( 3284): ***** request traversal for refresh rate change, reason is highTempRefreshRateChanged: false, windowRefreshRateChanged: true, flexibleWindowStateChanged: false, has float/zoom window *****
06-19 11:02:24.342 D/TransitionControllerExtImpl( 3284): NFW_send RECOMPUTE_FOCUS in finishTransition
06-19 11:02:24.343 D/ShellTaskOrganizer( 4707): onTransitionFinish, isRecent:false
06-19 11:02:24.343 V/WindowManagerShell( 4707): Track 0 became idle
06-19 11:02:24.343 V/WindowManagerShell( 4707): All active transition animations finished
06-19 11:02:24.348 I/TaskOrganizerController( 3284): onTaskInfoChanged taskid 1 config { mBounds=Rect(0, 0 - 1264, 2780) mAppBounds=Rect(0, 0 - 1264, 2780) mMaxBounds=Rect(0, 0 - 1264, 2780) mDisplayRotation=ROTATION_0 mWindowingMode=fullscreen mActivityType=home mAlwaysOnTop=undefined mRotation=ROTATION_0}
06-19 11:02:24.350 D/OplusFlexibleDragToSplitAnimController( 3284): visibleFlexibleTaskInfos delete:1
06-19 11:02:24.350 E/FlexibleWindowManagerService( 3284): notifyTaskObserverToAttachController not need to notify!
06-19 11:02:24.350 I/FlexibleWindowManagerService( 3284): onFlexibleWindowTaskInfoChanged, return for cur task not embedded
06-19 11:02:24.350 D/WindowManagerServiceExtImpl( 3284): extractConfigInfoAndRealFlags rotation=0, screenDp=361, residentWS:0, scenario:0, bounds:2780, serverWinBounds:Rect(0, 0 - 1264, 2780), win=Window{ffbcd0e u0 com.android.launcher/com.android.launcher.Launcher}
06-19 11:02:24.350 V/WindowManager( 3284): Relayout Window{ffbcd0e u0 com.android.launcher/com.android.launcher.Launcher}: viewVisibility=8, oldvis=0, req=1264x2780, vsysui=LAYOUT_STABLE LAYOUT_HIDE_NAVIGATION LAYOUT_FULLSCREEN
06-19 11:02:24.351 D/WindowManager( 3284): NFW_findFocusedWindowIfNeeded:Window{6d91026 u0 com.cgangel.screen_translate/com.cgangel.screen_translate.MainActivity} mCurrentFocus:Window{6d91026 u0 com.cgangel.screen_translate/com.cgangel.screen_translate.MainActivity}
06-19 11:02:24.352 D/VRI[Launcher]( 5026): relayoutWindow result, sizeChanged:false, surfaceControlChanged:true, transformHintChanged:false, mSurfaceSize:Point(1264, 2780), mLastSurfaceSize:Point(1264, 2780), mWidth:1264, mHeight:2780, requestedWidth:1264, requestedHeight:2780, transformHint:0, installOrientation:0, displayRotation:0, isSurfaceValid:false, attr.flag:-2121203456, tmpFrames:ClientWindowFrames{frame=[0,0][1264,2780] display=[0,0][1264,2780] parentFrame=[0,0][0,0]}, relayoutAsync:false, mSyncSeqId:0
06-19 11:02:24.353 D/CompatChangeReporter( 3284): Compat change id reported: 161145287; UID 1000; state: ENABLED
06-19 11:02:24.355 D/WindowManager( 3284): NFW_findFocusedWindowIfNeeded:Window{6d91026 u0 com.cgangel.screen_translate/com.cgangel.screen_translate.MainActivity} mCurrentFocus:Window{6d91026 u0 com.cgangel.screen_translate/com.cgangel.screen_translate.MainActivity}
06-19 11:02:24.357 I/ActivityManager( 3284): Flag disabled. Ignoring finishAttachApplication from uid: 1000. pid: 11932
06-19 11:02:24.359 V/AutofillManagerServiceImpl( 3284): updateSessionLocked(): session gone for 2147483647(10199)
06-19 11:02:24.360 D/CompatChangeReporter( 3284): Compat change id reported: 253665015; UID 1000; state: ENABLED
06-19 11:02:24.361 D/CompatChangeReporter( 3284): Compat change id reported: 311402873; UID 1000; state: ENABLED
06-19 11:02:24.363 D/CompatChangeReporter( 3284): Compat change id reported: 323349338; UID 1000; state: ENABLED
06-19 11:02:24.366 I/UserAwareMgr( 3284): handleAppChangedToBg, pkgName: com.android.launcher, pid: 5026
06-19 11:02:24.368 W/UserManagerService( 3284): Requested status bar icon for non-badged user 0
06-19 11:02:24.368 W/OplusSelfProtectManager( 3284): pkg[com.oplus.crashbox] not in policy list
06-19 11:02:24.368 I/WindowManager( 3284): Window{ffbcd0e u0 com.android.launcher/com.android.launcher.Launcher} state from HAS_DRAWN to NO_SURFACE; reason: destroySurface
06-19 11:02:24.370 D/ActivityTaskManager( 3284): Clearing startingData for activity=ActivityRecord{1fabc9b u0 com.android.launcher/.Launcher t2} mStartingData=null mStartingSurface=null
06-19 11:02:24.378 W/ContextImpl(11932): Calling a method in the system process without a qualified user: android.app.ContextImpl.startService:1978 android.content.ContextWrapper.startService:837 com.oplus.crashbox.h.w:37 com.oplus.crashbox.h.f:0 com.oplus.crashbox.g.run:2 
06-19 11:02:24.382 W/UserManagerService( 3284): Requested status bar icon for non-badged user 0
06-19 11:02:24.382 W/OplusSelfProtectManager( 3284): pkg[com.oplus.crashbox] not in policy list
06-19 11:02:24.385 W/OplusSelfProtectManager( 3284): pkg[com.oplus.crashbox] not in policy list
06-19 11:02:24.385 V/RemoteFillService( 3284): calling onFillRequest() for id=354
06-19 11:02:24.391 D/ClipboardService( 3284): clipboardAccessAllowed: op=29 result=true callingPackage=com.oplus.appplatform
06-19 11:02:24.392 D/ClipboardService( 3284): clipboardAccessAllowed: op=29 result=true callingPackage=com.oplus.appplatform
06-19 11:02:24.392 D/ClipboardService( 3284): clipboardAccessAllowed: op=29 result=true callingPackage=com.oplus.appplatform
06-19 11:02:24.394 I/OplusAppSwitchManagerService( 3284): appswitch registerAppSwitchObserver pName = com@@coloros@@codebook_192768799 observer = com.oplus.app.IOplusAppSwitchObserver$Stub$Proxy@94ced6e config = OplusAppSwitchConfig = {  mConfigs = {1=[TOM@@cgangel@@screen_translate@@MainActivity]} observerFingerPrint = 28129405}
06-19 11:02:24.394 I/OplusAppSwitchStateDispatcher( 3284): registerAppSwitchObserver addDynamicListener OK, info = OplusAppSwitchRuleInfo = {  observer = com.oplus.app.IOplusAppSwitchObserver$Stub$Proxy@94ced6e observerFingerPrint = 28129405} rule size =1
06-19 11:02:24.394 I/OplusKeyEventUtil( 3284): registerKeyEventObserver, observerFingerPrint: 97387078com.coloros.codebook, listenFlag: 0
06-19 11:02:24.406 E/ActivityThread(21044): Failed to find provider info for com.platform.usercenter.vip
06-19 11:02:24.655 D/WindowManagerServiceExtImpl( 3284): extractConfigInfoAndRealFlags rotation=0, screenDp=361, residentWS:0, scenario:0, bounds:2780, serverWinBounds:Rect(0, 0 - 1264, 2780), win=Window{2639ea u0 Splash Screen com.cgangel.screen_translate}
06-19 11:02:24.656 V/WindowManager( 3284): Relayout Window{2639ea u0 Splash Screen com.cgangel.screen_translate}: viewVisibility=8, oldvis=0, req=1264x2780, vsysui=
06-19 11:02:24.656 D/WindowManager( 3284): setFrameRateStart invalid typeId return!
06-19 11:02:24.660 D/WindowManager( 3284): NFW_findFocusedWindowIfNeeded:Window{6d91026 u0 com.cgangel.screen_translate/com.cgangel.screen_translate.MainActivity} mCurrentFocus:Window{6d91026 u0 com.cgangel.screen_translate/com.cgangel.screen_translate.MainActivity}
06-19 11:02:24.662 D/CoreBackPreview( 3284): Window{2639ea u0 Splash Screen com.cgangel.screen_translate EXITING}: Setting back callback null
06-19 11:02:24.662 D/WindowManager( 3284): NFW_findFocusedWindowIfNeeded:Window{6d91026 u0 com.cgangel.screen_translate/com.cgangel.screen_translate.MainActivity} mCurrentFocus:Window{6d91026 u0 com.cgangel.screen_translate/com.cgangel.screen_translate.MainActivity}
06-19 11:02:24.663 D/VRR [OPlusRefreshRatePolicy]( 3284): setRefreshRatePolicy policy=POLICY_SYSTEM, refreshRate=120, statusOn=false
06-19 11:02:24.663 D/VRR [OPlusRefreshRatePolicy]( 3284): setRefreshRatePolicy policy=POLICY_SYSTEM, refreshRate=60, statusOn=true
06-19 11:02:24.664 D/RefreshRate( 3284): Refresh rate changing from 120.00001 to 60.000004,maxRefreshRate=60.000004 FOR:{
06-19 11:02:24.664 D/RefreshRate( 3284):     | COURSE[; Win preferred rateId=0, appReqFirst=false, data= RateData{} ;win name:Splash Screen com.cgangel.screen_translate]
06-19 11:02:24.664 D/RefreshRate( 3284):     | VOTES[PRIORITY_WINDOW_REQUEST -> Vote{mRefreshRate=60.0, mMinRefreshRate=60.0, mRequestSource=null};]
06-19 11:02:24.664 D/RefreshRate( 3284):     | TIME:2026-06-19 03:02:24}
06-19 11:02:24.664 D/SurfaceAnimationRunner( 3284): onAnimationStart:Surface(name=Surface(name=2639ea Splash Screen com.cgangel.screen_translate)/@0x43beb34 - animation-leash of window_animation)/@0xd652d5d
06-19 11:02:24.664 D/DisplayModeDirector( 3284): setAppRequest displayId : 0  modeId: 2  requestedRefreshRate: 0.0  requestedMinRefreshRateRange: 0.0  requestedMaxRefreshRateRange: 60.000004
06-19 11:02:24.665 D/DisplayManagerServiceExtImpl( 3284): scheduleTraversalLocked intraversal=false
06-19 11:02:24.665 D/DisplayManagerService( 3284): MSG_REQUEST_TRAVERSAL pendingCompleted=false
06-19 11:02:24.665 D/DisplayManagerService( 3284): performTraversalInternal pendingTraversal
06-19 11:02:24.665 D/DisplayDevice( 3284): setLayerStackLocked id=local:4630946694713414275 token=android.os.BinderProxy@d45c2f9 stack=0->0
06-19 11:02:24.666 D/LocalDisplayAdapter( 3284): setDesiredDisplayModeSpecsAsync: display unique id = local:4630946694713414275, display mode specs = defaultMode=1 allowGroupSwitching=false primaryRanges=physical: (0.0 120.0) render:  (0.0 60.000004) appRequestRanges=physical: (0.0 120.0) render:  (0.0 60.000004) idleScreenRefreshRate=null
06-19 11:02:24.678 I/DisplayDeviceRepository( 3284): Display device changed render timings: "内置屏幕", renderFrameRate=60.000004, presentationDeadlineNanos=16666666, appVsyncOffsetNanos=1000000
06-19 11:02:24.678 D/LogicalDisplayExt( 3284): set displayInfo flag FLAG_ROTATES_WITH_CONTENT
06-19 11:02:24.679 D/DisplayManagerServiceExtImpl( 3284): scheduleTraversalLocked intraversal=false
06-19 11:02:24.679 I/DisplayManagerServiceExtImpl( 3284): handle logical display changed logicalDisplay=id=0,stack=0,content=true,displayInfo{stack=0,type=1,id=0,uId=local:4630946694713414275,state=ON,pkg=null}
06-19 11:02:24.679 D/BrightnessThermalClamper( 3284): Thermal status observer already started
06-19 11:02:24.679 D/BrightnessPowerClamper( 3284): Power throttling data is missing for configuration data.
06-19 11:02:24.679 D/DisplayManagerService( 3284): Delivering display event: displayId=0, event=CHANGED
06-19 11:02:24.680 D/OplusVFXScreenEffectFeature( 3284): notifySFCompatWindowStateChange entered false
06-19 11:02:24.680 D/FSS_FoldScreenBlackCoverController( 3284): displayChangeToOn, dc:Display{#0 state=ON size=1264x2780 ROTATION_0}
06-19 11:02:24.681 D/CastManagerService( 4604): onDisplayChanged.
06-19 11:02:24.681 D/DisplayManagerService( 3284): performTraversalInternal pendingTraversal
06-19 11:02:24.681 D/DisplayDevice( 3284): setLayerStackLocked id=local:4630946694713414275 token=android.os.BinderProxy@d45c2f9 stack=0->0
06-19 11:02:24.684 D/DisplayManagerService( 3284): MSG_REQUEST_TRAVERSAL pendingCompleted=false
06-19 11:02:24.728 D/VRR [OPlusRefreshRateService]( 3284): handleConfigIdChange physicalDisplayId: 4630946694713414275 configId: 1 renderPeriod: 16666666
06-19 11:02:24.730 D/VRR [OPlusSAManager]( 3284): updateModeChange old modeId [ 0 ] -> new modeId [ 1 ] mCurPolicy: 1
06-19 11:02:24.730 D/VRR [OPlusSAManager]( 3284): updateSAScene active modeId: 1
06-19 11:02:24.730 D/VRR [OPlusSAManager]( 3284): updateSAScene current policy: 1 active modeId: 1 scene: VRR_60
06-19 11:02:24.730 D/VRR [OPlusOAManager]( 3284): Not OA business! new modeId: [1] active modeId: [0]
06-19 11:02:24.730 D/VRR [OPlusGameStatusManager]( 3284): updateGameState mOSyncFeatureSwitch: false mIsGamePolicy: false
06-19 11:02:24.730 D/VRR [OPlusGameStatusManager]( 3284): setLTMStatus false curPkgName: com.cgangel.screen_translate curr status: false HeartStop: false HeartStopFromTGPA: false ActiveFPS: 60.000004
06-19 11:02:24.730 D/VRR [OPlusGameStatusManager]( 3284): updateGameAccelerationStatus pkgName: com.cgangel.screen_translate mOSyncFeatureSwitch: false mIsGamePolicy: false mHeartStop: false mHasFlickerRisk: false mForceAcceleration: false mToastReady: false enable: false
06-19 11:02:24.730 D/VRR [OPlusGameStatusManager]( 3284): updateToastStatus enableAcceleration: false toastReady: false isGamePolicy: false desiredModeId: 1
06-19 11:02:24.730 D/VRR [OPlusGameStatusManager]( 3284): updateToastStatus enableAcceleration: false toastReady: false isGamePolicy: false desiredModeId: 1
06-19 11:02:24.730 D/VRR [OPlusExternalRefreshRateManager]( 3284):  updateRenderPeriodChange configId:1 current refresh rate:60.000004
06-19 11:02:24.762 D/OplusWallpaperSurfaceAnimation( 3284): resetEnable curState: STARTED
06-19 11:02:24.762 D/OplusWallpaperAnimationManager( 3284): onAnimationEnd
06-19 11:02:24.762 D/OplusWallpaperAnimationManager( 3284): setSkipUpdateWallpaperPosition skip: false, wallpaper: Window{39f82ad u0 false com.android.systemui.wallpapers.ImageWallpaper}
06-19 11:02:24.762 D/OplusWallpaperSurfaceAnimation( 3284): setAnimationState curState: IDLE
06-19 11:02:24.762 W/UserAwareMgr( 3284): event can not be released, id: 5006, count: 2, releasePid: 3284
06-19 11:02:24.779 D/VRR [OPlusSAManager]( 3284): setSAConfig scene: VRR_60 modeId: 1 auto: false fakeFrame: false
06-19 11:02:24.779 D/VRR [OPlusSAManager]( 3284): updateAutoMinfps with nits: 89.67349, mHistOK true, mAmbientOK true, mCctOK true, mIrOK true, mBrightnessOK true, isPkgOK true, SA min fps: 119
06-19 11:02:24.779 D/VRR [OPlusSurfaceFlingerController]( 3284): setAutoMode enable: false fakeFrame: false fps: 119
06-19 11:02:24.827 D/SurfaceAnimationRunner( 3284): onAnimationEnd:Surface(name=Surface(name=2639ea Splash Screen com.cgangel.screen_translate)/@0x43beb34 - animation-leash of window_animation)/@0xd652d5d
