06-19 11:02:29.476 D/WindowManagerServiceExtImpl( 3284): extractConfigInfoAndRealFlags rotation=0, screenDp=361, residentWS:0, scenario:0, bounds:2780, serverWinBounds:Rect(0, 0 - 1264, 2780), win=Window{6d91026 u0 com.cgangel.screen_translate/com.cgangel.screen_translate.MainActivity}
06-19 11:02:29.476 D/Arc[OplusBrightnessPhoneStateManager]( 3284): LuxEvent{event:MAIN_LUX lux:16.0} -> LuxEvent{event:MAIN_LUX lux:16.0}
06-19 11:02:29.476 V/WindowManager( 3284): Relayout Window{6d91026 u0 com.cgangel.screen_translate/com.cgangel.screen_translate.MainActivity}: viewVisibility=4, oldvis=0, req=1264x2780, vsysui=LIGHT_STATUS_BAR, x=0, y=0
06-19 11:02:29.477 D/DisplayModeDirector( 3284): setAppRequest displayId : 11  modeId: 0  requestedRefreshRate: 0.0  requestedMinRefreshRateRange: 0.0  requestedMaxRefreshRateRange: 0.0
06-19 11:02:29.478 D/DisplayModeDirector( 3284): setAppRequest displayId : 0  modeId: 1  requestedRefreshRate: 0.0  requestedMinRefreshRateRange: 0.0  requestedMaxRefreshRateRange: 120.00001
06-19 11:02:29.478 D/QuickBackInputPolicy( 3284): hasMultiChildrenInTask: false
06-19 11:02:29.478 D/WindowManager( 3284): NFW_findFocusedWindowIfNeeded:Window{ffbcd0e u0 com.android.launcher/com.android.launcher.Launcher} mCurrentFocus:Window{ffbcd0e u0 com.android.launcher/com.android.launcher.Launcher}
06-19 11:02:29.478 D/WindowManager( 3284): NFW_findFocusedWindowIfNeeded:null mCurrentFocus:null
06-19 11:02:29.478 E/UserAwareMgr( 3284): no matched scene event: 2025
06-19 11:02:29.479 D/VRI[MainActivity](11934): relayoutWindow result, sizeChanged:false, surfaceControlChanged:true, transformHintChanged:false, mSurfaceSize:Point(1264, 2780), mLastSurfaceSize:Point(1264, 2780), mWidth:1264, mHeight:2780, requestedWidth:1264, requestedHeight:2780, transformHint:0, installOrientation:0, displayRotation:0, isSurfaceValid:false, attr.flag:-2122252032, tmpFrames:ClientWindowFrames{frame=[0,0][1264,2780] display=[0,0][1264,2780] parentFrame=[0,0][0,0]}, relayoutAsync:false, mSyncSeqId:0
06-19 11:02:29.483 D/WindowManager( 3284): NFW_setClientVisible:ActivityRecord{605a073 u0 com.cgangel.screen_translate/.MainActivity t96} clientVisible:false
06-19 11:02:29.483 I/OplusScreenSecurityMask( 3284): don't callback because already callback once
06-19 11:02:29.483 I/WindowManager( 3284): Window{6d91026 u0 com.cgangel.screen_translate/com.cgangel.screen_translate.MainActivity} state from HAS_DRAWN to NO_SURFACE; reason: destroySurface
06-19 11:02:29.483 I/UserAwareMgr( 3284): handleAppChangedToBg, pkgName: com.cgangel.screen_translate, pid: 11934
06-19 11:02:29.483 W/UserAwareMgr( 3284): app has overlay window: {pkgName='com.cgangel.screen_translate', processName='com.cgangel.screen_translate', pid=11934, uid=10030, flags='fg2', renderTid=11976, hwuiTids=[11994, 11999], glTids=null, threadInfos=null}
06-19 11:02:29.483 W/UserAwareMgr( 3284): handleAppChangedToBg process is empty
06-19 11:02:29.484 D/ActivityTaskManager( 3284): Clearing startingData for activity=ActivityRecord{605a073 u0 com.cgangel.screen_translate/.MainActivity t96} mStartingData=null mStartingSurface=null
06-19 11:02:29.493 I/OplusScreenSecurityMask( 3284): don't callback because already callback once
06-19 11:02:29.493 I/OplusScreenSecurityMask( 3284): don't callback because already callback once
06-19 11:02:29.493 I/OplusScreenSecurityMask( 3284): don't callback because already callback once
06-19 11:02:29.493 I/OplusScreenSecurityMask( 3284): don't callback because already callback once
06-19 11:02:29.493 I/OplusScreenSecurityMask( 3284): don't callback because already callback once
06-19 11:02:29.493 I/OplusScreenSecurityMask( 3284): don't callback because already callback once
06-19 11:02:29.493 I/OplusScreenSecurityMask( 3284): don't callback because already callback once
06-19 11:02:29.493 I/OplusScreenSecurityMask( 3284): don't callback because already callback once
06-19 11:02:29.493 I/OplusScreenSecurityMask( 3284): don't callback because already callback once
06-19 11:02:29.493 I/OplusScreenSecurityMask( 3284): don't callback because already callback once
06-19 11:02:29.493 I/OplusScreenSecurityMask( 3284): don't callback because already callback once
06-19 11:02:29.493 I/OplusScreenSecurityMask( 3284): don't callback because already callback once
06-19 11:02:29.493 I/OplusScreenSecurityMask( 3284): don't callback because already callback once
06-19 11:02:29.493 I/OplusScreenSecurityMask( 3284): don't callback because already callback once
06-19 11:02:29.493 I/OplusScreenSecurityMask( 3284): don't callback because already callback once
06-19 11:02:29.493 I/OplusScreenSecurityMask( 3284): don't callback because already callback once
06-19 11:02:29.493 I/OplusScreenSecurityMask( 3284): don't callback because already callback once
06-19 11:02:29.493 I/OplusScreenSecurityMask( 3284): don't callback because already callback once
06-19 11:02:29.493 I/OplusScreenSecurityMask( 3284): don't callback because already callback once
06-19 11:02:29.493 I/OplusScreenSecurityMask( 3284): don't callback because already callback once
06-19 11:02:29.493 I/OplusScreenSecurityMask( 3284): don't callback because already callback once
06-19 11:02:29.493 I/OplusScreenSecurityMask( 3284): don't callback because already callback once
06-19 11:02:29.493 I/OplusScreenSecurityMask( 3284): don't callback because already callback once
06-19 11:02:29.498 D/OplusFlexibleWindowMinimizedManagerHelper( 3284): needExitMinimizedBeforeStartRecent mode:-1
06-19 11:02:29.498 E/OplusSplitScreenManagerService( 3284): checkCallingFromSystemUI, caller is not SystemUI, callerUid=10199, SystemUI uid=10209
06-19 11:02:29.498 D/FlexibleTaskController( 3284): onStartActivityFromRecents task:Task{9234ed7 #91 type=standard A=10380:jp.co.fanzagames.lilyange}, options:ActivityOptions(165996480), mPackageName=null, mAnimationType=13, mStartX=0, mStartY=0, mWidth=0, mHeight=0, mLaunchDisplayId=0 ,taskForceMaximized:false ,isFlexibleTask:false ,pendingLaunchZoom:false ,zoomLaunchFlags:3
06-19 11:02:29.498 I/TaskFragmentExtImpl( 3284): reset pause in recents anim for mTaskFragment: Task{9234ed7 #91 type=standard A=10380:jp.co.fanzagames.lilyange}
06-19 11:02:29.498 D/FlexibleTaskController( 3284): shouldKeepFlexibleTask flexibleTask not active.
06-19 11:02:29.498 E/OplusAppQuickStart_AppQuickStartController( 3284): notifyStartActivityFromRecents task:Task{9234ed7 #91 type=standard A=10380:jp.co.fanzagames.lilyange} mStartFromRecents:true mStartFromSlide:false callingUid:10199
06-19 11:02:29.498 I/ActivityTaskManager( 3284): moveTaskToFrontLocked callingPid:3284, callingUid:1000, taskId:91
06-19 11:02:29.498 W/ActivityTaskManager( 3284): callingPackage for (uid=-1, pid=-1) has no WPC
06-19 11:02:29.499 D/InterruptTransitionController( 3284): tasId: 91 start from recents, mark on transition: 916
06-19 11:02:29.500 D/TaskFragmentExtImpl( 3284): shouldDeferResumeUntilRecentsAnimFinished prev=null, next=ActivityRecord{eb69071 u0 jp.co.fanzagames.lilyange/com.unity3d.player.UnityPlayerActivity t91}, task=Task{9234ed7 #91 type=standard A=10380:jp.co.fanzagames.lilyange}
06-19 11:02:29.500 D/OplusAppQuickStart_OplusAppQuickStart( 3284): isSurfaceBitmapExists bitmapFile: /data/system/splash/jp.co.fanzagames.lilyange_90_17_MAIN.webp
06-19 11:02:29.500 E/OplusAppQuickStart_OplusAppQuickStart( 3284): isSurfaceBitmapExists not exists.
06-19 11:02:29.500 D/OplusAppQuickStart_AppQuickStartController( 3284): shouldPauseImmediately mCurrentAppQuickStartingSurface:null
06-19 11:02:29.500 D/OplusProxyWakeLock( 3284): acquireProxyWakeLock failed, prevent uid: 1000 tag:*laun  WorkSource{10380} result: TAG_ILLEGAL
06-19 11:02:29.502 D/ActivityTaskManager( 3284): validateStartingWindowTheme:  Pkg=jp.co.fanzagames.lilyange, Translucent=false, Floating=false, ShowWallpaper=false, Disable=false, LaunchSource=2, Prev=null, LaunchedFromPackage=com.android.launcher
06-19 11:02:29.502 D/ActivityTaskManager( 3284): addStartingWindow for ActivityRecord{eb69071 u0 jp.co.fanzagames.lilyange/com.unity3d.player.UnityPlayerActivity t91}, mainWin=Window{547c62d u0 jp.co.fanzagames.lilyange/com.unity3d.player.UnityPlayerActivity}, mVisible=false, mVisibleRequested=false, drawn=false, mDestroying=false, state=STOPPED, isKeyguardLocked=false, isKeyguardGoingAway=false
06-19 11:02:29.502 D/ActivityTaskManager( 3284): getStartingWindowType: , newTask=false, taskSwitch=true, processRunning=true, allowTaskSnapshot=true, activityCreated=true, activityAllDrawn=true, snapshot exist: true
06-19 11:02:29.502 D/ActivityTaskManager( 3284): isSnapshotCompatible: w=2780, h=1264, taskSize=Point(2780, 1264)
06-19 11:02:29.502 D/ActivityRecordExtImpl( 3284): handleStartingWindowForCompactWindow origin type:1, adjustType : 1
06-19 11:02:29.503 D/OplusAppQuickStart_OplusAppQuickStart( 3284): isInRemoteInterrupt isInInterruptScene:false, recents=null, ar=ActivityRecord{eb69071 u0 jp.co.fanzagames.lilyange/com.unity3d.player.UnityPlayerActivity t91}
06-19 11:02:29.503 D/OplusAppQuickStart_OplusAppQuickStart( 3284): isSnapshotCompatible, rotationMatch: true, rotation: 1, fixedRotation: 1, sizeMatch: true, ar:ActivityRecord{eb69071 u0 jp.co.fanzagames.lilyange/com.unity3d.player.UnityPlayerActivity t91}, targetBounds: Rect(0, 0 - 2780, 1264)
06-19 11:02:29.503 D/OplusAppQuickStart_AppQuickStartingSurface( 3284): init startingSurface from recent ar: ActivityRecord{eb69071 u0 jp.co.fanzagames.lilyange/com.unity3d.player.UnityPlayerActivity t91}, snapshot: TaskSnapshot{ mId=1781837969147 mCaptureTime=403283113643384 mTopActivityComponent=jp.co.fanzagames.lilyange/com.unity3d.player.UnityPlayerActivity mSnapshot=android.hardware.HardwareBuffer@6ce5054 (2780x1264) mColorSpace=sRGB IEC61966-2.1 (id=0, model=RGB) mOrientation=2 mRotation=1 mTaskSize=Point(2780, 1264) mOplusCompatMode=false mTopActivityBounds=[140,0][2780,1208] mHasDimLayer=false mContentInsets=[0,0][0,0] mLetterboxInsets=[0,0][0,0] mIsLowResolution=false mIsRealSnapshot=true mWindowingMode=1 mAppearance=4 mIsTranslucent=true mHasImeSurface=false mInternalReferences=2 mUiMode=11
06-19 11:02:29.503 D/OplusAppQuickStart_AppQuickStartingSurface( 3284): createSnapShotSurface reuse: Surface(name=OplusStartingSurface)/@0x20929bb, @parent:null, @request:Task{9234ed7 #91 type=standard A=10380:jp.co.fanzagames.lilyange}Rect(0, 0 - 1264, 2780), @type:1, shared:false
06-19 11:02:29.503 D/OplusAppQuickStart_AppQuickStartingSurface( 3284):  STARTING_WINDOW_TYPE_SNAPSHOT  snapshotActivity:ActivityRecord{eb69071 u0 jp.co.fanzagames.lilyange/com.unity3d.player.UnityPlayerActivity t91} activityRecord:ActivityRecord{eb69071 u0 jp.co.fanzagames.lilyange/com.unity3d.player.UnityPlayerActivity t91} bounds:Rect(0, 0 - 1264, 2780) taskSnapshot.getTaskSize()=Point(2780, 1264) taskSnapshot.getRotation()=1 mHasImeSurface=false mOriginalRotation=0 checkSnapFixedRotation=4
06-19 11:02:29.504 D/OplusAppQuickStart_AppQuickStartingSurface( 3284): init startingSurface syncTransition=false, applyImmediately: true, tx: 14104672857863, surface: Surface(name=OplusStartingSurface)/@0x20929bb, @parent:Surface(name=Task=91)/@0xe70a22e, @request:Task{9234ed7 #91 type=standard A=10380:jp.co.fanzagames.lilyange}Rect(0, 0 - 1264, 2780), @type:1, shared:false
06-19 11:02:29.505 V/WindowManagerShell( 4707): Transition requested (#916): android.os.BinderProxy@9f8fabe TransitionRequestInfo { type = TO_FRONT, triggerTask = TaskInfo{userId=0 taskId=91 displayId=0 isRunning=true baseIntent=Intent { act=android.intent.action.MAIN cat=[android.intent.category.LAUNCHER] flg=0x10200000 cmp=jp.co.fanzagames.lilyange/com.unity3d.player.UnityPlayerActivity mCallingUid=10199 } baseActivity=ComponentInfo{jp.co.fanzagames.lilyange/com.unity3d.player.UnityPlayerActivity} topActivity=ComponentInfo{jp.co.fanzagames.lilyange/com.unity3d.player.UnityPlayerActivity} origActivity=null realActivity=ComponentInfo{jp.co.fanzagames.lilyange/com.unity3d.player.UnityPlayerActivity} numActivities=1 lastActiveTime=403126184 supportsSplitScreenMultiWindow=false supportsMultiWindow=false supportsPocketStudioMultiWindow=true isInFlexibleEmbedded = false uid = 10380 pid = 1399 resizeMode=0 isResizeable=false minWidth=-1 minHeight=-1 defaultMinSize=220 token=WCT{android.window.IWindowContainerToken$Stub$Proxy@85cd71f} topActivityType=1 pictureInPictureParams=null shouldDockBigOverlays=false launchIntoPipHostTaskId=-1 lastParentTaskIdBeforePip=-1 displayCutoutSafeInsets=Rect(0, 140 - 0, 0) topActivityInfo=ActivityInfo{a0d3a6c com.unity3d.player.UnityPlayerActivity} launchCookies=[android.os.BinderProxy@6356e0] positionInParent=Point(0, 0) parentTaskId=-1 isFocused=false isVisible=false isVisibleRequested=false isSleeping=false locusId=null displayAreaFeatureId=1 isTopActivityTransparent=false appCompatTaskInfo=AppCompatTaskInfo { topActivityInSizeCompat=false topActivityInOplusCompatMode=false topActivityEligibleForLetterboxEducation= falseisLetterboxEducationEnabled= false isLetterboxDoubleTapEnabled= false topActivityEligibleForUserAspectRatioButton= false topActivityBoundsLetterboxed= true isFromLetterboxDoubleTap= false topActivityLetterboxVerticalPosition= -1 topActivityLetterboxHorizontalPosition= -1 topActivityLetterboxWidth=1264 topActivityLetterboxHeight=715 isUserFullscreenOverrideEnabled=false isSystemFullscreenOverrideEnabled=false cameraCompatTaskInfo=CameraCompatTaskInfo { cameraCompatControlState=hidden freeformCameraCompatMode=inactive}} topActivityLetterboxInsets=Rect(0, 0 - 0, 0) mOplusExtraBundle = Bundle[mParcelledData.dataSize=1104]}, pipTask = null, remoteTransition = RemoteTransition { remoteTransition = android.window.IRemoteTransition$Stub$Proxy@af6f835, recentAnimRunner = null, appThread = android.app.IApplicationThread$Stub$Proxy@8c604ca, debugName = QuickstepLaunch }, displayChange = null, flags = 0, debugId = 916 }
06-19 11:02:29.505 V/WindowManagerShell( 4707): RemoteTransition directly requested for (#916) android.os.BinderProxy@9f8fabe: RemoteTransition { remoteTransition = android.window.IRemoteTransition$Stub$Proxy@af6f835, recentAnimRunner = null, appThread = android.app.IApplicationThread$Stub$Proxy@8c604ca, debugName = QuickstepLaunch }
06-19 11:02:29.505 D/OAppNetControlService( 3284): Hans update:[10380=false][0|0] blackList:[10419, 10310, 10287, 10270]
06-19 11:02:29.508 V/WindowManager( 3284): Unknown focus tokens, dropping reportFocusChanged
06-19 11:02:29.508 D/OplusFeatureTemperatureLimitBrightness( 3284): not Apollo project uses the new rate , rate:20
06-19 11:02:29.509 D/OplusFeatureTemperatureLimitBrightness( 3284): not Apollo project uses the new rate , rate:20
06-19 11:02:29.510 D/InputMethodManagerService( 3284): isSecurity: attribute.packageName = com.android.launcher mCurMethodId = com.baidu.input_oppo/.ImeService isSecurity = false ( enable = true needShow = false inBlackList = false isExist = true )
06-19 11:02:29.512 D/WindowManagerShell( 4707): onActivityRestartAttempt: ComponentInfo{jp.co.fanzagames.lilyange/com.unity3d.player.UnityPlayerActivity}
06-19 11:02:29.515 D/WindowManagerShell( 4707): setLauncherKeepClearAreaHeight: visible=false, height=294
06-19 11:02:29.515 D/OplusFeatureTemperatureLimitBrightness( 3284): not Apollo project uses the new rate , rate:20
06-19 11:02:29.520 D/OplusAlarmAdjustment( 3284): unproxyAlarmsByUid(), uid=10380, pkgName=jp.co.fanzagames.lilyange, requester=1
06-19 11:02:29.520 D/OplusAlarmAdjustMap( 3284): removeProxyUid, uid=10380, requester=1
06-19 11:02:29.521 D/TaskFragmentExtImpl( 3284): shouldDeferResumeUntilRecentsAnimFinished prev=ActivityRecord{1fabc9b u0 com.android.launcher/.Launcher t2}, next=null, task=Task{f8a2413 #2 type=undefined I=com.android.launcher/.Launcher}
06-19 11:02:29.522 D/TaskFragmentExtImpl( 3284): shouldDeferResumeUntilRecentsAnimFinished prev=ActivityRecord{1fabc9b u0 com.android.launcher/.Launcher t2}, next=ActivityRecord{eb69071 u0 jp.co.fanzagames.lilyange/com.unity3d.player.UnityPlayerActivity t91}, task=Task{9234ed7 #91 type=standard A=10380:jp.co.fanzagames.lilyange}
06-19 11:02:29.523 D/ActivityTaskManager( 3284): setAppVisibility(Token{9dbc9e2 ActivityRecord{eb69071 u0 jp.co.fanzagames.lilyange/com.unity3d.player.UnityPlayerActivity t91}}, visible=true): mNextAppTransitionRequests=[], mNextAppTransitionFlags=,mAppTransitionState=APP_STATE_IDLE visible=false mVisibleRequested=false
06-19 11:02:29.523 I/BLASTSyncEngine( 3284): set mReady true as ActivityRecord{eb69071 u0 jp.co.fanzagames.lilyange/com.unity3d.player.UnityPlayerActivity t91} isShowStartingSurface
06-19 11:02:29.523 W/Transition( 3284): Transition already started id=916 state=1
06-19 11:02:29.523 D/WindowManager( 3284): NFW_setClientVisible:ActivityRecord{eb69071 u0 jp.co.fanzagames.lilyange/com.unity3d.player.UnityPlayerActivity t91} clientVisible:true
06-19 11:02:29.523 D/ActivityTaskManager( 3284): setVisibility(Token{9dbc9e2 ActivityRecord{eb69071 u0 jp.co.fanzagames.lilyange/com.unity3d.player.UnityPlayerActivity t91}}, visible=true) defer commitVisibility for transition collecting
06-19 11:02:29.523 I/UserAwareMgr( 3284): handleTopAppChanged: jp.co.fanzagames.lilyange, pid: 1399, uid: 10380
06-19 11:02:29.523 D/ActivityTaskManager( 3284): onWindowFocusChanged Task{9234ed7 #91 type=standard A=10380:jp.co.fanzagames.lilyange} would transfer to compact
06-19 11:02:29.524 D/ActivityTaskManager( 3284): NFW_setLastResumedActivityUncheckLocked:true r:ActivityRecord{eb69071 u0 jp.co.fanzagames.lilyange/com.unity3d.player.UnityPlayerActivity t91} currentFocus:Window{ffbcd0e u0 com.android.launcher/com.android.launcher.Launcher}
06-19 11:02:29.524 D/WindowManager( 3284): NFW_findFocusedWindowIfNeeded:null mCurrentFocus:Window{ffbcd0e u0 com.android.launcher/com.android.launcher.Launcher}
06-19 11:02:29.524 V/WindowManager( 3284): Changing focus from Window{ffbcd0e u0 com.android.launcher/com.android.launcher.Launcher} to null,diplayid=0
06-19 11:02:29.524 D/WindowManager( 3284): NFW_findFocusedWindowIfNeeded:null mCurrentFocus:null
06-19 11:02:29.524 D/FlexibleTaskController( 3284): onTaskFocusChanged prevTask:Task{f8a2413 #2 type=undefined I=com.android.launcher/.Launcher} ,currentTask:Task{9234ed7 #91 type=standard A=10380:jp.co.fanzagames.lilyange}, reason: resumeTopActivity - onActivityStateChanged
06-19 11:02:29.524 D/OplusFlexibleDCSManager( 3284): onNextPkgChanged pkg = jp.co.fanzagames.lilyange
06-19 11:02:29.525 I/OplusJoystickManager( 3284): handleApplicationSwitch deprecated!
06-19 11:02:29.525 D/ActivityTaskManager( 3284): setAppVisibility(Token{3749d4e ActivityRecord{1fabc9b u0 com.android.launcher/.Launcher t2}}, visible=false): mNextAppTransitionRequests=[], mNextAppTransitionFlags=,mAppTransitionState=APP_STATE_IDLE visible=true mVisibleRequested=true
06-19 11:02:29.525 D/ActivityTaskManager( 3284): setVisibility(Token{3749d4e ActivityRecord{1fabc9b u0 com.android.launcher/.Launcher t2}}, visible=false) defer commitVisibility for transition collecting
06-19 11:02:29.525 W/WindowManager( 3284): Apply fixed rotation transform to ActivityRecord{eb69071 u0 jp.co.fanzagames.lilyange/com.unity3d.player.UnityPlayerActivity t91}. Preferred rotation:1, Current rotation:0, info.rotation:1
06-19 11:02:29.525 D/OplusCompatModeManagerService( 3284): getRequestedConfigurationOrientation  res:2,req:0,config.old:2,config.new:1,ActivityRecord{eb69071 u0 jp.co.fanzagames.lilyange/com.unity3d.player.UnityPlayerActivity t91}
06-19 11:02:29.525 D/OplusCompatModeManagerService( 3284):  onPreActivityRecordConfigurationChanged {1.0 ??mcc??mnc [zh_CN] ldltr sw361dp w361dp h794dp 560dpi nrml long hdr widecg port finger -keyb/v/h -nav/h winConfig={ mBounds=Rect(0, 0 - 1264, 2780) mAppBounds=Rect(0, 0 - 1264, 2780) mMaxBounds=Rect(0, 0 - 1264, 2780) mDisplayRotation=ROTATION_0 mWindowingMode=fullscreen mActivityType=standard mAlwaysOnTop=undefined mRotation=ROTATION_0} s.7428 fontWeightAdjustment=0mThemeChanged= 0, mThemeChangedFlags= 0, mFlipFont= 0, mScenario= 0, mAccessibleChanged= -1, mUxIconConfig= 3470610514986926112, mMaterialColor= 0, mUserId= 0, mFontUserId= 0, mFontVariationSettings= 226, mFoldingAngle = -1.0, mIconPackName= , mDarkModeBackgroundMaxL= 0.0, mDarkModeDialogBgMaxL= 27.0, mDarkModeForegroundMinL= 100.0, mOplusConfigType= 1, mOplusChangedConfigs= 0, OpSans= -1, mBurmeseFontFlag= 2, mFlag= 0, mExtraFlag= 0, mFlexibleActivitySuitable= -1, mPuttDisplayFlag= -1}
06-19 11:02:29.525 D/OplusCompatModeManagerService( 3284):  disable:true,valid:false,computeReq:2,isGameRatio:false
06-19 11:02:29.525 D/OplusCompatModeManagerService( 3284):  getOverrideMinAspectRatioForCompatMode: 0.0 getRawOverrideMinAspectRatioForCompatMode: 0.0
06-19 11:02:29.525 D/OplusCompatModeManagerService( 3284):  ar : ActivityRecord{eb69071 u0 jp.co.fanzagames.lilyange/com.unity3d.player.UnityPlayerActivity t91} displayId:0 inCompatMode: false
06-19 11:02:29.525 D/OplusCompatModeManagerService( 3284): isDefaultDisplay true oldRect: Rect(0, 140 - 2780, 1404) newRect Rect(0, 0 - 2780, 1264)
06-19 11:02:29.525 D/OplusCompatModeManagerService( 3284): reloadCompactRatio mParWorldContainer.isEnabledParallelWindow(pkg):false,mParWorldContainer.isDisabledCompactWindow:false,isUIAutoLayout:false, isFullOrientation: false
06-19 11:02:29.525 D/FSS_FoldScreenSwitchingManager( 3284): forbidClearCompatWhenSwitching, deviceFolding= false
06-19 11:02:29.526 D/OplusAppSwitchListener( 3284): App Activity Change
06-19 11:02:29.526 D/OplusAppSwitchListener( 3284): Detect com.android.launcher switch to background
06-19 11:02:29.526 D/WindowManagerShell( 4707): onFixedRotationStarted: null, state=PipTransitionState(mState=undefined, mInSwipePipToHomeTransition=false)
06-19 11:02:29.526 D/OplusKeepAliveManager( 3284): TOP_APP is ProcessRecord{65a569a 1399:jp.co.fanzagames.lilyange/u0a380} uid is 10380
06-19 11:02:29.526 D/OplusFeatureReduceBrightness( 3284): onAppExit , info = com.android.launcher
06-19 11:02:29.527 D/OplusAppSwitchListener( 3284): Detect jp.co.fanzagames.lilyange switch to foreground
06-19 11:02:29.527 E/OplusThermalStats( 3284): Error getting package info: jp.co.fanzagames.lilyange
06-19 11:02:29.528 D/ORBrightnessMarvelsDataCollector( 3284): Runnable-MarvelsAppEnterInfo[2026-06-19 11:02:29,jp.co.fanzagames.lilyange,20.0]
06-19 11:02:29.529 D/WindowManager( 3284): updateOrientation: stop for launching different orientation app. topCandidate = ActivityRecord{eb69071 u0 jp.co.fanzagames.lilyange/com.unity3d.player.UnityPlayerActivity t91} hasFixedRotationTransform = true rotation = 1 r = ActivityRecord{eb69071 u0 jp.co.fanzagames.lilyange/com.unity3d.player.UnityPlayerActivity t91} hasFixedRotationTransform = true rotation = 1 mFixedRotationLaunchingApp = ActivityRecord{eb69071 u0 jp.co.fanzagames.lilyange/com.unity3d.player.UnityPlayerActivity t91} curRotation = 0
06-19 11:02:29.529 D/WindowManager( 3284): updateOrientation: stop for launching different orientation app. topCandidate = ActivityRecord{eb69071 u0 jp.co.fanzagames.lilyange/com.unity3d.player.UnityPlayerActivity t91} hasFixedRotationTransform = true rotation = 1 r = ActivityRecord{eb69071 u0 jp.co.fanzagames.lilyange/com.unity3d.player.UnityPlayerActivity t91} hasFixedRotationTransform = true rotation = 1 mFixedRotationLaunchingApp = ActivityRecord{eb69071 u0 jp.co.fanzagames.lilyange/com.unity3d.player.UnityPlayerActivity t91} curRotation = 0
06-19 11:02:29.530 D/OplusFeatureColorMode( 3284): ColorMode getColorMode =0
06-19 11:02:29.530 D/ColorDisplayServiceExtImpl( 3284): getWCGVersion1App, packageName=jp.co.fanzagames.lilyange, sSupportWCG1 = true, sSupportWCG3 = false, nRet = 0
06-19 11:02:29.530 D/DisplayModeDirector( 3284): setAppRequest displayId : 11  modeId: 0  requestedRefreshRate: 0.0  requestedMinRefreshRateRange: 0.0  requestedMaxRefreshRateRange: 0.0
06-19 11:02:29.531 D/DisplayModeDirector( 3284): setAppRequest displayId : 0  modeId: 1  requestedRefreshRate: 0.0  requestedMinRefreshRateRange: 0.0  requestedMaxRefreshRateRange: 120.00001
06-19 11:02:29.531 I/TaskOrganizerController( 3284): onTaskInfoChanged taskid 1 config { mBounds=Rect(0, 0 - 1264, 2780) mAppBounds=Rect(0, 0 - 1264, 2780) mMaxBounds=Rect(0, 0 - 1264, 2780) mDisplayRotation=ROTATION_0 mWindowingMode=fullscreen mActivityType=home mAlwaysOnTop=undefined mRotation=ROTATION_0}
06-19 11:02:29.531 D/OplusVisibleTasks( 3284):  notifyTaskPositionChange no need.
06-19 11:02:29.531 D/OplusFlexibleDragToSplitAnimController( 3284): visibleFlexibleTaskInfos delete:1
06-19 11:02:29.531 E/FlexibleWindowManagerService( 3284): notifyTaskObserverToAttachController not need to notify!
06-19 11:02:29.531 I/FlexibleWindowManagerService( 3284): onFlexibleWindowTaskInfoChanged, return for cur task not embedded
06-19 11:02:29.531 I/TaskOrganizerController( 3284): onTaskInfoChanged taskid 91 config { mBounds=Rect(0, 0 - 1264, 2780) mAppBounds=Rect(0, 0 - 1264, 2780) mMaxBounds=Rect(0, 0 - 1264, 2780) mDisplayRotation=ROTATION_0 mWindowingMode=fullscreen mActivityType=standard mAlwaysOnTop=undefined mRotation=ROTATION_0}
06-19 11:02:29.531 D/OplusFlexibleDragToSplitAnimController( 3284): visibleFlexibleTaskInfos delete:91
06-19 11:02:29.531 E/FlexibleWindowManagerService( 3284): notifyTaskObserverToAttachController not need to notify!
06-19 11:02:29.531 I/FlexibleWindowManagerService( 3284): onFlexibleWindowTaskInfoChanged, return for cur task not embedded
06-19 11:02:29.531 D/OplusAppQuickStart_AppQuickStartController( 3284): tryFinish ahead for startingSurface ar=ActivityRecord{eb69071 u0 jp.co.fanzagames.lilyange/com.unity3d.player.UnityPlayerActivity t91}, syncGroup=916
06-19 11:02:29.531 D/OplusTransitionController( 3284): tryFinishAheadIfNeed transition 916 , SyncGroup: com.android.server.wm.BLASTSyncEngine$SyncGroup@3a7436f
06-19 11:02:29.531 D/OplusAppQuickStart_AppQuickStartController( 3284): showStartingSurface== activityRecord:ActivityRecord{eb69071 u0 jp.co.fanzagames.lilyange/com.unity3d.player.UnityPlayerActivity t91}, tx= 14104672857866, mCurrentAppQuickStartingSurfaceOplusAppQuickStartingSurface{mSurfaceControl=Surface(name=OplusStartingSurface)/@0x20929bb, @parent:Surface(name=Task=91)/@0xe70a22e, @request:Task{9234ed7 #91 type=standard A=10380:jp.co.fanzagames.lilyange}Rect(0, 0 - 1264, 2780), @type:1, shared:false, mActivityRecord=ActivityRecord{eb69071 u0 jp.co.fanzagames.lilyange/com.unity3d.player.UnityPlayerActivity t91}, mTask=Task{9234ed7 #91 type=standard A=10380:jp.co.fanzagames.lilyange}, mStartFromRecents=true, mStartFromSlide=false, mIsMovingToBack=false}
06-19 11:02:29.531 D/OplusAppQuickStart_AppQuickStartingSurface( 3284): real show: Surface(name=OplusStartingSurface)/@0x20929bb, @parent:Surface(name=Task=91)/@0xe70a22e, @request:Task{9234ed7 #91 type=standard A=10380:jp.co.fanzagames.lilyange}Rect(0, 0 - 1264, 2780), @type:1, shared:false reason: onTransactionReady
06-19 11:02:29.531 D/ActivityTaskManager( 3284): commitVisibility: ActivityRecord{eb69071 u0 jp.co.fanzagames.lilyange/com.unity3d.player.UnityPlayerActivity t91}: visible=true visibleRequested=true, isInTransition=true, runningAnimation=true 
06-19 11:02:29.531 D/OplusAppQuickStart_AppQuickStartController( 3284): reset the value of mStartFromLauncherBeforeAnimGo to false
06-19 11:02:29.531 D/Transition( 3284): collectOrderChanges onTopTasksEnd: [Task{9234ed7 #91 type=standard A=10380:jp.co.fanzagames.lilyange}], reportedOnTop:null, mOnTopTasksStart: [Task{17cf68d #1 type=home}, Task{f8a2413 #2 type=undefined I=com.android.launcher/.Launcher}], TDA child: [Task{a8e0fe #3 type=undefined}, Task{376e823 #77 type=standard A=10346:com.getsurfboard}, Task{89dce3a #96 type=standard A=10030:com.cgangel.screen_translate}, Task{17cf68d #1 type=home}, Task{9234ed7 #91 type=standard A=10380:jp.co.fanzagames.lilyange}]
06-19 11:02:29.531 D/Transition( 3284): collectOrderChanges **mParticipants add task: Task{9234ed7 #91 type=standard A=10380:jp.co.fanzagames.lilyange}
06-19 11:02:29.532 D/OplusFlexibleActivityTransitionManager( 3284): fixTransitType type result:3, targets: [Task{9234ed7 #91 type=standard A=10380:jp.co.fanzagames.lilyange}, Task{17cf68d #1 type=home}]
06-19 11:02:29.533 D/OplusTransitionAnimationManager( 3284): markLaunchFromDriveIfNeed: isFromDrive = false
06-19 11:02:29.533 D/OplusTransitionAnimationManager( 3284): markLaunchFromDriveIfNeed: isFromDrive = false
06-19 11:02:29.533 D/QuickBackInputPolicy( 3284): resetInputInterceptState for remoteTransition: true
06-19 11:02:29.533 D/OplusTransitionController( 3284): onTransactionReady, transition: 916, 
06-19 11:02:29.533 D/OplusTransitionController( 3284):  info: {id=916 t=TO_FRONT f=0x0 trk=0 r=[0@Point(0, 0)] c=[{WCT{RemoteToken{8763fa8 Task{9234ed7 #91 type=standard A=10380:jp.co.fanzagames.lilyange}}} m=TO_FRONT f=MOVE_TO_TOP leash=Surface(name=Task=91)/@0xe70a22e sb=Rect(0, 0 - 1264, 2780) eb=Rect(0, 0 - 1264, 2780) d=0 endFixedRotation=1 taskParent=-1},{WCT{RemoteToken{8184d54 Task{17cf68d #1 type=home}}} m=TO_BACK f=SHOW_WALLPAPER leash=Surface(name=Task=1)/@0xce0b4fd sb=Rect(0, 0 - 1264, 2780) eb=Rect(0, 0 - 1264, 2780) d=0 taskParent=-1}] extendInfo=[OplusTransitionExtendedInfo{mTmpFinishT=null, mInOplusCompatMode=false, mIsProcessRunning=true, mHasMismatchBoundsTarget=false, mRecentsController=null, mIsTranslucentActivityToHome=false, mAvoidInterceptKeyEventToHome=false, mIsFromHome=true, mParentLeash=null, mIsOplusAnimRes=false, mIsFromOverlay=false, mIsBalAllow=false, mTaskNotInRecent=false, mIsLaunchFromSpruce=false, mIsLaunchFromDrive=false, mAssistScreenShowing=false, mUserIdTransition=0, mInRemoteScene=false, mInPreReady=false, mPreStart=false, mToken=null, mShellApplyToken=null, mRequestTransitionTaskId=91, mAbortTransitionOnShell=0, mTaskIdStartFromRecents=91, mTransitionId=916, mFoldChangeType=-1, mAnimStartingPosition=[0, 0, 0, 0], mIsOpeningStkDialogActivity=false, mIsNeedApplyStartTForEmbedded=false}]}, 
06-19 11:02:29.533 D/OplusTransitionController( 3284):  targets : [Task{9234ed7 #91 type=standard A=10380:jp.co.fanzagames.lilyange}, Task{17cf68d #1 type=home}], 
06-19 11:02:29.533 D/OplusTransitionController( 3284):  participants: {WallpaperWindowToken{da20ac token=android.os.Binder@fa5f75d showWhenLocked=false}, ActivityRecord{1fabc9b u0 com.android.launcher/.Launcher t2}, WallpaperWindowToken{8317bf7 token=android.os.Binder@d510088 showWhenLocked=true}, Task{9234ed7 #91 type=standard A=10380:jp.co.fanzagames.lilyange}, ActivityRecord{eb69071 u0 jp.co.fanzagames.lilyange/com.unity3d.player.UnityPlayerActivity t91}}, 
06-19 11:02:29.533 D/OplusTransitionController( 3284):  playings:[TransitionRecord{b9db87c id=916 track=0 type=TO_FRONT flags=0x0 state=2}]
06-19 11:02:29.534 D/ActivityThread( 1399): ComponentInfo{jp.co.fanzagames.lilyange/com.unity3d.player.UnityPlayerActivity} checkFinished=false 2
06-19 11:02:29.534 D/ResourcesManagerExtImpl( 1399): applyConfigurationToAppResourcesLocked app.getDisplayId() return callback.displayId:0
06-19 11:02:29.534 I/OPM     ( 3284): handlePackageLaunched pkg: jp.co.fanzagames.lilyange, uid: 10380, pid: 1399
06-19 11:02:29.534 D/DisplayModeDirector( 3284): setAppRequest displayId : 11  modeId: 0  requestedRefreshRate: 0.0  requestedMinRefreshRateRange: 0.0  requestedMaxRefreshRateRange: 0.0
06-19 11:02:29.534 V/WindowManagerShell( 4707): onTransitionReady(transaction=14104672857866)
06-19 11:02:29.534 V/WindowManagerShell( 4707): onTransitionReady (#916) android.os.BinderProxy@9f8fabe: {id=916 t=TO_FRONT f=0x0 trk=0 r=[0@Point(0, 0)] c=[{WCT{android.window.IWindowContainerToken$Stub$Proxy@a7a396} m=TO_FRONT f=MOVE_TO_TOP leash=Surface(name=Task=91)/@0x1c63b sb=Rect(0, 0 - 1264, 2780) eb=Rect(0, 0 - 1264, 2780) d=0 endFixedRotation=1 taskParent=-1},{WCT{android.window.IWindowContainerToken$Stub$Proxy@73c8b17} m=TO_BACK f=SHOW_WALLPAPER leash=Surface(name=Task=1)/@0x7c99158 sb=Rect(0, 0 - 1264, 2780) eb=Rect(0, 0 - 1264, 2780) d=0 taskParent=-1}] extendInfo=[OplusTransitionExtendedInfo{mTmpFinishT=null, mInOplusCompatMode=false, mIsProcessRunning=true, mHasMismatchBoundsTarget=false, mRecentsController=null, mIsTranslucentActivityToHome=false, mAvoidInterceptKeyEventToHome=false, mIsFromHome=true, mParentLeash=null, mIsOplusAnimRes=false, mIsFromOverlay=false, mIsBalAllow=false, mTaskNotInRecent=false, mIsLaunchFromSpruce=false, mIsLaunchFromDrive=false, mAssistScreenShowing=false, mUserIdTransition=0, mInRemoteScene=false, mInPreReady=false, mPreStart=false, mToken=null, mShellApplyToken=null, mRequestTransitionTaskId=91, mAbortTransitionOnShell=0, mTaskIdStartFromRecents=91, mTransitionId=916, mFoldChangeType=-1, mAnimStartingPosition=[0, 0, 0, 0], mIsOpeningStkDialogActivity=false, mIsNeedApplyStartTForEmbedded=false}]}
06-19 11:02:29.534 V/WindowManagerShell( 4707): Playing animation for (#916) android.os.BinderProxy@9f8fabe@0
06-19 11:02:29.534 V/WindowManagerShell( 4707):  try firstHandler com.android.wm.shell.transition.DefaultMixedHandler@6421847
06-19 11:02:29.534 V/WindowManagerShell( 4707): Mixed transition for opening an intent with a remote transition and PIP #916
06-19 11:02:29.534 V/WindowManagerShell( 4707):  Delegate animation for (#916) to RemoteTransition { remoteTransition = android.window.IRemoteTransition$Stub$Proxy@af6f835, recentAnimRunner = null, appThread = android.app.IApplicationThread$Stub$Proxy@8c604ca, debugName = QuickstepLaunch }
06-19 11:02:29.535 V/WindowManagerShell( 4707):  animated by firstHandler
06-19 11:02:29.535 D/WindowManager( 3284): setFrameRateStart invalid typeId return!
06-19 11:02:29.536 D/WindowManager( 3284): setFrameRateStart invalid typeId return!
06-19 11:02:29.536 D/WindowManager( 3284): BarWindow--setVisible: id=1, oldState=0, state=2, mFocuseWindow= Window{547c62d u0 jp.co.fanzagames.lilyange/com.unity3d.player.UnityPlayerActivity} call: 
06-19 11:02:29.536 D/SurfaceAnimationRunner( 3284): onAnimationStart:Surface(name=Surface(name=WindowToken{2e042a3 type=2005 android.os.Binder@de891d2})/@0xfdbb938 - animation-leash of token_transform)/@0xc4d1d11
06-19 11:02:29.536 I/OplusStatusBarManagerServiceEnhance( 3284):  topIsFullscreen fullscreen: true
06-19 11:02:29.536 D/SurfaceAnimationRunner( 3284): onAnimationStart:Surface(name=Surface(name=WindowToken{dae3a42 type=2000 android.os.BinderProxy@8a16524})/@0xbc8a409 - animation-leash of token_transform)/@0x71f4620
06-19 11:02:29.536 D/SurfaceAnimationRunner( 3284): onAnimationEnd:Surface(name=Surface(name=WindowToken{dae3a42 type=2000 android.os.BinderProxy@8a16524})/@0xbc8a409 - animation-leash of token_transform)/@0x71f4620
06-19 11:02:29.536 D/WindowManager( 3284): BarWindow--setVisible: id=2, oldState=0, state=2, mFocuseWindow= Window{547c62d u0 jp.co.fanzagames.lilyange/com.unity3d.player.UnityPlayerActivity} call: 
06-19 11:02:29.536 D/SurfaceAnimationRunner( 3284): onAnimationStart:Surface(name=Surface(name=WindowToken{709b9d2 type=2019 android.os.BinderProxy@92f5634})/@0xcbbbe3c - animation-leash of token_transform)/@0x5f74c95
06-19 11:02:29.536 D/SurfaceAnimationRunner( 3284): onAnimationEnd:Surface(name=Surface(name=WindowToken{709b9d2 type=2019 android.os.BinderProxy@92f5634})/@0xcbbbe3c - animation-leash of token_transform)/@0x5f74c95
06-19 11:02:29.536 D/SurfaceAnimationRunner( 3284): onAnimationStart:Surface(name=Surface(name=WindowToken{19115f7 type=2038 android.os.BinderProxy@b5e0df6})/@0xc2f30e4 - animation-leash of token_transform)/@0x555794d
06-19 11:02:29.536 D/SurfaceAnimationRunner( 3284): onAnimationStart:Surface(name=Surface(name=WindowToken{b137959 type=2038 android.os.BinderProxy@adc39a0})/@0x1f199e - animation-leash of token_transform)/@0x5403c7f
06-19 11:02:29.536 D/SurfaceAnimationRunner( 3284): onAnimationStart:Surface(name=Surface(name=WindowToken{f68892a type=2038 android.os.BinderProxy@1f95215})/@0xdfb2b4 - animation-leash of token_transform)/@0x2ea1edd
06-19 11:02:29.537 D/DisplayModeDirector( 3284): setAppRequest displayId : 0  modeId: 1  requestedRefreshRate: 0.0  requestedMinRefreshRateRange: 0.0  requestedMaxRefreshRateRange: 120.00001
06-19 11:02:29.537 I/TaskOrganizerController( 3284): onTaskInfoChanged taskid 91 config { mBounds=Rect(0, 0 - 1264, 2780) mAppBounds=Rect(0, 0 - 1264, 2780) mMaxBounds=Rect(0, 0 - 1264, 2780) mDisplayRotation=ROTATION_0 mWindowingMode=fullscreen mActivityType=standard mAlwaysOnTop=undefined mRotation=ROTATION_0}
06-19 11:02:29.538 D/OplusVisibleTasks( 3284):  notifyTasksNumChange no need to notify.
06-19 11:02:29.538 D/OplusFlexibleDragToSplitAnimController( 3284): visibleFlexibleTaskInfos delete:91
06-19 11:02:29.538 E/FlexibleWindowManagerService( 3284): notifyTaskObserverToAttachController not need to notify!
06-19 11:02:29.538 I/FlexibleWindowManagerService( 3284): onFlexibleWindowTaskInfoChanged, return for cur task not embedded
06-19 11:02:29.539 D/WindowManagerServiceExtImpl( 3284): extractConfigInfoAndRealFlags rotation=1, screenDp=361, residentWS:0, scenario:0, bounds:2780, serverWinBounds:Rect(0, 0 - 2780, 1264), win=Window{547c62d u0 jp.co.fanzagames.lilyange/com.unity3d.player.UnityPlayerActivity}
06-19 11:02:29.539 V/WindowManager( 3284): Relayout Window{547c62d u0 jp.co.fanzagames.lilyange/com.unity3d.player.UnityPlayerActivity}: viewVisibility=0, oldvis=4, req=2780x1264, vsysui=LOW_PROFILE HIDE_NAVIGATION FULLSCREEN LAYOUT_STABLE LAYOUT_HIDE_NAVIGATION LAYOUT_FULLSCREEN IMMERSIVE_STICKY, x=0, y=0
06-19 11:02:29.539 I/WindowManager( 3284): Window{547c62d u0 jp.co.fanzagames.lilyange/com.unity3d.player.UnityPlayerActivity} state from NO_SURFACE to DRAW_PENDING; reason: resetDrawState
06-19 11:02:29.540 D/DisplayModeDirector( 3284): setAppRequest displayId : 11  modeId: 0  requestedRefreshRate: 0.0  requestedMinRefreshRateRange: 0.0  requestedMaxRefreshRateRange: 0.0
06-19 11:02:29.541 D/DisplayModeDirector( 3284): setAppRequest displayId : 0  modeId: 1  requestedRefreshRate: 0.0  requestedMinRefreshRateRange: 0.0  requestedMaxRefreshRateRange: 120.00001
06-19 11:02:29.541 D/WindowManager( 3284): NFW_findFocusedWindowIfNeeded:Window{547c62d u0 jp.co.fanzagames.lilyange/com.unity3d.player.UnityPlayerActivity} mCurrentFocus:null
06-19 11:02:29.541 V/WindowManager( 3284): Sent Transition (#916) createdAt=06-19 11:02:29.499 via request=TransitionRequestInfo { type = TO_FRONT, triggerTask = TaskInfo{userId=0 taskId=91 displayId=0 isRunning=true baseIntent=Intent { act=android.intent.action.MAIN cat=[android.intent.category.LAUNCHER] flg=0x10200000 cmp=jp.co.fanzagames.lilyange/com.unity3d.player.UnityPlayerActivity mCallingUid=10199 } baseActivity=ComponentInfo{jp.co.fanzagames.lilyange/com.unity3d.player.UnityPlayerActivity} topActivity=ComponentInfo{jp.co.fanzagames.lilyange/com.unity3d.player.UnityPlayerActivity} origActivity=null realActivity=ComponentInfo{jp.co.fanzagames.lilyange/com.unity3d.player.UnityPlayerActivity} numActivities=1 lastActiveTime=403126184 supportsSplitScreenMultiWindow=false supportsMultiWindow=false supportsPocketStudioMultiWindow=true isInFlexibleEmbedded = false uid = 10380 pid = 1399 resizeMode=0 isResizeable=false minWidth=-1 minHeight=-1 defaultMinSize=220 token=WCT{RemoteToken{8763fa8 Task{9234ed7 #91 type=standard A=10380:jp.co.fanzagames.lilyange}}} topActivityType=1 pictureInPictureParams=null shouldDockBigOverlays=false launchIntoPipHostTaskId=-1 lastParentTaskIdBeforePip=-1 displayCutoutSafeInsets=Rect(0, 140 - 0, 0) topActivityInfo=ActivityInfo{2b673ec com.unity3d.player.UnityPlayerActivity} launchCookies=[android.os.BinderProxy@38973b5] positionInParent=Point(0, 0) parentTaskId=-1 isFocused=false isVisible=false isVisibleRequested=false isSleeping=false locusId=null displayAreaFeatureId=1 isTopActivityTransparent=false appCompatTaskInfo=AppCompatTaskInfo { topActivityInSizeCompat=false topActivityInOplusCompatMode=false topActivityEligibleForLetterboxEducation= falseisLetterboxEducationEnabled= false isLetterboxDoubleTapEnabled= false topActivityEligibleForUserAspectRatioButton= false topActivityBoundsLetterboxed= true isFromLetterboxDoubleTap= false topActivityLetterboxVerticalPosition= -1 topActivityLetterboxHorizontalPosition= -1 topActivityLetterboxWidth=1264 topActivityLetterboxHeight=715 isUserFullscreenOverrideEnabled=false isSystemFullscreenOverrideEnabled=false cameraCompatTaskInfo=CameraCompatTaskInfo { cameraCompatControlState=hidden freeformCameraCompatMode=inactive}} topActivityLetterboxInsets=Rect(0, 0 - 0, 0) mOplusExtraBundle = Bundle[{androidx.flexible.taskFrame=Rect(0, 0 - 0, 0), topOpaqueSystemBarsAppearance=0, androidx.flexible.Alpha=1.0, androidx.activity.task.attach.blur=0, androidx.activity.LaunchInsensible=0, androidx.activity.LaunchCornerRadius=0, key_flexible_task_state=0, topActivitySupportAppInnerSplit=false, key_flexible_task_animating_type=-1, androidx.activity.LaunchScenario=0, flexible_super_mini_state=false, topRunningActivityHash=246845553, androidx.activity.LaunchScale=1.0, androidx.activity.LaunchShadowRadius=0}]}, pipTask = null, remoteTransition = RemoteTransition { remoteTransition = android.window.IRemoteTransition$Stub$Proxy@bfe38ac, recentAnimRunner = null, appThread = android.app.IApplicationThread$Stub$Proxy@18ab975, debugName = QuickstepLaunch }, displayChange = null, flags = 0, debugId = 916 }
06-19 11:02:29.541 V/WindowManager( 3284):     startWCT=WindowContainerTransaction { changes = {} hops = [] errorCallbackToken=null taskFragmentOrganizer=null }
06-19 11:02:29.541 V/WindowManager( 3284): Changing focus from null to Window{547c62d u0 jp.co.fanzagames.lilyange/com.unity3d.player.UnityPlayerActivity},diplayid=0
06-19 11:02:29.541 D/WindowManager( 3284): NFW_findFocusedWindowIfNeeded:null mCurrentFocus:null
06-19 11:02:29.541 D/WindowManager( 3284): updateOrientation: stop for launching different orientation app. topCandidate = ActivityRecord{eb69071 u0 jp.co.fanzagames.lilyange/com.unity3d.player.UnityPlayerActivity t91} hasFixedRotationTransform = true rotation = 1 r = ActivityRecord{eb69071 u0 jp.co.fanzagames.lilyange/com.unity3d.player.UnityPlayerActivity t91} hasFixedRotationTransform = true rotation = 1 mFixedRotationLaunchingApp = ActivityRecord{eb69071 u0 jp.co.fanzagames.lilyange/com.unity3d.player.UnityPlayerActivity t91} curRotation = 0
06-19 11:02:29.542 D/VRI[UnityPlayerActivity]( 1399): relayoutWindow result, sizeChanged:false, surfaceControlChanged:true, transformHintChanged:false, mSurfaceSize:Point(2780, 1264), mLastSurfaceSize:Point(2780, 1264), mWidth:2780, mHeight:1264, requestedWidth:2780, requestedHeight:1264, transformHint:4, installOrientation:0, displayRotation:1, isSurfaceValid:true, attr.flag:-2122251008, tmpFrames:ClientWindowFrames{frame=[0,0][2780,1264] display=[0,0][2780,1264] parentFrame=[0,0][0,0]}, relayoutAsync:false, mSyncSeqId:0
06-19 11:02:29.542 W/VRI[UnityPlayerActivity]( 1399): updateBlastSurfaceIfNeeded, surfaceSize:Point(2780, 1264), lastSurfaceSize:Point(2780, 1264), format:-3, blastBufferQueue:null
06-19 11:02:29.546 I/BLASTSyncEngine( 3284): onCommitted syncId: 916, timeout: falseran: false
06-19 11:02:29.547 W/UserAwareMgr( 3284): no matched scene event: 2025
06-19 11:02:29.547 D/DisplayModeDirector( 3284): setAppRequest displayId : 11  modeId: 0  requestedRefreshRate: 0.0  requestedMinRefreshRateRange: 0.0  requestedMaxRefreshRateRange: 0.0
06-19 11:02:29.547 V/WindowManager( 3284):     info={id=916 t=TO_FRONT f=0x0 trk=0 r=[0@Point(0, 0)] c=[
06-19 11:02:29.547 V/WindowManager( 3284):         {WCT{RemoteToken{8763fa8 Task{9234ed7 #91 type=standard A=10380:jp.co.fanzagames.lilyange}}} m=TO_FRONT f=MOVE_TO_TOP leash=Surface(name=Task=91)/@0xe70a22e sb=Rect(0, 0 - 1264, 2780) eb=Rect(0, 0 - 1264, 2780) d=0 endFixedRotation=1 taskParent=-1},
06-19 11:02:29.547 V/WindowManager( 3284):         {WCT{RemoteToken{8184d54 Task{17cf68d #1 type=home}}} m=TO_BACK f=SHOW_WALLPAPER leash=Surface(name=Task=1)/@0xce0b4fd sb=Rect(0, 0 - 1264, 2780) eb=Rect(0, 0 - 1264, 2780) d=0 taskParent=-1}
06-19 11:02:29.547 V/WindowManager( 3284):     ] extendInfo=[OplusTransitionExtendedInfo{mTmpFinishT=null, mInOplusCompatMode=false, mIsProcessRunning=true, mHasMismatchBoundsTarget=false, mRecentsController=null, mIsTranslucentActivityToHome=false, mAvoidInterceptKeyEventToHome=false, mIsFromHome=true, mParentLeash=null, mIsOplusAnimRes=false, mIsFromOverlay=false, mIsBalAllow=false, mTaskNotInRecent=false, mIsLaunchFromSpruce=false, mIsLaunchFromDrive=false, mAssistScreenShowing=false, mUserIdTransition=0, mInRemoteScene=false, mInPreReady=false, mPreStart=false, mToken=null, mShellApplyToken=null, mRequestTransitionTaskId=91, mAbortTransitionOnShell=0, mTaskIdStartFromRecents=91, mTransitionId=916, mFoldChangeType=-1, mAnimStartingPosition=[0, 0, 0, 0], mIsOpeningStkDialogActivity=false, mIsNeedApplyStartTForEmbedded=false}]}
06-19 11:02:29.548 D/DisplayModeDirector( 3284): setAppRequest displayId : 0  modeId: 1  requestedRefreshRate: 0.0  requestedMinRefreshRateRange: 0.0  requestedMaxRefreshRateRange: 120.00001
06-19 11:02:29.548 D/VRR [OPlusRefreshRateService]( 3284): Receive multi scene changed eventId = 5 bundleList.size = 3
06-19 11:02:29.550 D/WindowManager( 3284): setFrameRateStart invalid typeId return!
06-19 11:02:29.551 D/DisplayModeDirector( 3284): setAppRequest displayId : 11  modeId: 0  requestedRefreshRate: 0.0  requestedMinRefreshRateRange: 0.0  requestedMaxRefreshRateRange: 0.0
06-19 11:02:29.551 W/VRI[]   (11934): handleResized abandoned!
06-19 11:02:29.551 W/VRI[]   (11934): handleResized abandoned!
06-19 11:02:29.551 W/VRI[]   (11934): handleResized abandoned!
06-19 11:02:29.551 D/DisplayModeDirector( 3284): setAppRequest displayId : 0  modeId: 1  requestedRefreshRate: 0.0  requestedMinRefreshRateRange: 0.0  requestedMaxRefreshRateRange: 120.00001
06-19 11:02:29.552 D/OplusStartingWindowManager( 3284): updateRecordSurfaceViewState windowToken = android.os.BinderProxy@1392544, surfaceState = true, attachedToWindow = true, inList = false, win = Window{547c62d u0 jp.co.fanzagames.lilyange/com.unity3d.player.UnityPlayerActivity}
06-19 11:02:29.555 I/WindowManager( 3284): Window{e21c479 u0 com.coloros.assistantscreen} state from DRAW_PENDING to COMMIT_DRAW_PENDING; reason: finishDrawingLocked
06-19 11:02:29.555 D/DisplayModeDirector( 3284): setAppRequest displayId : 11  modeId: 0  requestedRefreshRate: 0.0  requestedMinRefreshRateRange: 0.0  requestedMaxRefreshRateRange: 0.0
06-19 11:02:29.556 I/WindowManager( 3284): Window{e21c479 u0 com.coloros.assistantscreen} state from COMMIT_DRAW_PENDING to READY_TO_SHOW; reason: commitFinishDrawingLocked
06-19 11:02:29.556 D/ActivityTaskManager( 3284): Clearing startingData for activity=ActivityRecord{1fabc9b u0 com.android.launcher/.Launcher t2} mStartingData=null mStartingSurface=null
06-19 11:02:29.556 D/NativeFreezeManager( 3284): freezeForAppSwitchScene mAppLaunchFzDxEnable enter, mFgAppPkgname jp.co.fanzagames.lilyange
06-19 11:02:29.557 I/WindowManager( 3284): Window{e21c479 u0 com.coloros.assistantscreen} state from READY_TO_SHOW to HAS_DRAWN; reason: performShowLocked
06-19 11:02:29.557 D/DisplayModeDirector( 3284): setAppRequest displayId : 0  modeId: 1  requestedRefreshRate: 0.0  requestedMinRefreshRateRange: 0.0  requestedMaxRefreshRateRange: 120.00001
--------- beginning of main
06-19 11:02:29.559 D/HWUI    (11275): RenderProxy::destroy: this=0xb4000077a37a1c00, mContext=0xb4000075ce6d0000
06-19 11:02:29.559 W/SettingsProvider( 3284): notifyForSettingsChange delay for screen_brightness, value: 5998, delta: 6, lastNotifyTimestamp: 162849895, minInterval: 10
06-19 11:02:29.559 D/InsetsController(11934): hide(ime(), fromIme=true)
06-19 11:02:29.559 D/QmiClient( 3285): qmiServiceEventCallback recv msg id 1099
06-19 11:02:29.559 D/QmiVsClient( 3285): enter - onQmiServiceEventCallback msgId 1099
06-19 11:02:29.559 I/ImeTracker(11934): com.baidu.input_oppo:7be64d62: onCancelled at PHASE_CLIENT_APPLY_ANIMATION
06-19 11:02:29.559 D/QmiVsClientEvent( 3285): QosPeriodReportInd MSG IND data_len 2052
06-19 11:02:29.559 D/QmiVsClientEvent( 3285): qmiVsClientNotifyQosPeriodReportIndEvent - RADIO_EVENT_QOS_PERIOD_REPORT_NOTIFY_IND
06-19 11:02:29.559 W/VRI[]   (11934): handleResized abandoned!
06-19 11:02:29.559 W/VRI[]   (11934): handleResized abandoned!
06-19 11:02:29.559 W/VRI[]   (11934): handleResized abandoned!
06-19 11:02:29.559 W/System  ( 5026): A resource failed to call release. 
06-19 11:02:29.559 W/System  ( 5026): A resource failed to call release. 
06-19 11:02:29.559 W/System  ( 5026): A resource failed to call release. 
06-19 11:02:29.560 D/HWUI    ( 1399): createSurface new attribs array
06-19 11:02:29.560 D/libEGL  ( 1399): this is from skia gles
06-19 11:02:29.560 D/BufferQueueProducer( 1399): [VRI[UnityPlayerActivity]#12(BLAST Consumer)12](id:5770000000c,api:1,p:1399,c:1399) connect: api=1 producerControlledByApp=true
06-19 11:02:29.560 W/ndroid.launcher( 5026): ApkAssets: Deleting an ApkAssets object '<empty> and /data/app/~~0WL3IIr1t1kMomjv1sgi7Q==/com.cgangel.screen_translate-3bqWpapzlCh4VO46sivBmw==/base.apk' with 1 weak references
06-19 11:02:29.560 I/SurfaceControl( 1399):  setExtendedRangeBrightness sc=Surface(name=jp.co.fanzagames.lilyange/com.unity3d.player.UnityPlayerActivity)/@0x2f0c382,currentBufferRatio=1.0,desiredRatio=1.0
06-19 11:02:29.560 D/VsProxy ( 3285): handleMessage msg is 2420
06-19 11:02:29.560 D/VsProxy ( 3285): handleQosPeriodReportInd for instance 0 data_len 119
06-19 11:02:29.560 D/SurfaceView( 1399): 219729080 dispatchDraw mDrawFinished true isAboveParent false (mPrivateFlags & PFLAG_SKIP_DRAW) 128
06-19 11:02:29.560 D/SurfaceView( 1399): 219729080 clearSurfaceViewPort mCornerRadius 0.0
06-19 11:02:29.561 E/statsd  ( 1668): Stats puller failed for tag: 150134 at 403463489226232
06-19 11:02:29.561 I/PluginSeedling--Base( 4707): SeedlingPluginService-->onStateChange: Bundle[{state=onWindowVisibleStateChanged, windowVisibleState=2}]
06-19 11:02:29.561 W/SurfaceFlingerPuller( 3284): Failed to pull atom 150119 from surfaceflinger. Success is 0, binder status is EX_NONE
